[0.087s] colcon DEBUG Command line arguments: ['/usr/bin/colcon', 'build', '--packages-select', 'ranger_base', '--cmake-args', '-DCMAKE_BUILD_TYPE=Release', '-DCMAKE_PREFIX_PATH=/tmp/ugv_install']
[0.087s] colcon DEBUG Parsed command line arguments: Namespace(log_base=None, log_level=None, verb_name='build', build_base='build', install_base='install', merge_install=False, symlink_install=False, test_result_base=None, continue_on_error=False, executor='parallel', parallel_workers=24, event_handlers=None, ignore_user_meta=False, metas=['./colcon.meta'], base_paths=['.'], packages_ignore=None, packages_ignore_regex=None, paths=None, packages_up_to=None, packages_up_to_regex=None, packages_above=None, packages_above_and_dependencies=None, packages_above_depth=None, packages_select_by_dep=None, packages_skip_by_dep=None, packages_skip_up_to=None, packages_select_build_failed=False, packages_skip_build_finished=False, packages_select_test_failures=False, packages_skip_test_passed=False, packages_select=['ranger_base'], packages_skip=None, packages_select_regex=None, packages_skip_regex=None, packages_start=None, packages_end=None, cmake_args=['-DCMAKE_BUILD_TYPE=Release', '-DCMAKE_PREFIX_PATH=/tmp/ugv_install'], cmake_target=None, cmake_target_skip_unavailable=False, cmake_clean_cache=False, cmake_clean_first=False, cmake_force_configure=False, ament_cmake_args=None, catkin_cmake_args=None, catkin_skip_building_tests=False, mixin_files=None, mixin=None, verb_parser=<colcon_mixin.mixin.mixin_argument.MixinArgumentDecorator object at 0x7f515fcaebc0>, verb_extension=<colcon_core.verb.build.BuildVerb object at 0x7f515fe2bb50>, main=<bound method BuildVerb.main of <colcon_core.verb.build.BuildVerb object at 0x7f515fe2bb50>>, mixin_verb=('build',))
[0.193s] colcon.colcon_core.package_discovery Level 1 discover_packages(colcon_meta) check parameters
[0.193s] colcon.colcon_metadata.package_discovery.colcon_meta INFO Using configuration from '/root/.colcon/metadata/default/Gazebo.meta'
[0.193s] colcon.colcon_metadata.package_discovery.colcon_meta INFO Using configuration from '/root/.colcon/metadata/default/fastdds.meta'
[0.194s] colcon.colcon_metadata.package_discovery.colcon_meta INFO Using configuration from '/root/.colcon/metadata/default/fastrtps.meta'
[0.194s] colcon.colcon_core.package_discovery Level 1 discover_packages(recursive) check parameters
[0.194s] colcon.colcon_core.package_discovery Level 1 discover_packages(ignore) check parameters
[0.194s] colcon.colcon_core.package_discovery Level 1 discover_packages(path) check parameters
[0.194s] colcon.colcon_core.package_discovery Level 1 discover_packages(colcon_meta) discover
[0.194s] colcon.colcon_core.package_discovery Level 1 discover_packages(recursive) discover
[0.194s] colcon.colcon_core.package_discovery INFO Crawling recursively for packages in '/root/git/ranger_ros2'
[0.194s] colcon.colcon_core.package_identification Level 1 _identify(.) by extensions ['ignore', 'ignore_ament_install']
[0.194s] colcon.colcon_core.package_identification Level 1 _identify(.) by extension 'ignore'
[0.194s] colcon.colcon_core.package_identification Level 1 _identify(.) by extension 'ignore_ament_install'
[0.194s] colcon.colcon_core.package_identification Level 1 _identify(.) by extensions ['colcon_pkg']
[0.194s] colcon.colcon_core.package_identification Level 1 _identify(.) by extension 'colcon_pkg'
[0.194s] colcon.colcon_core.package_identification Level 1 _identify(.) by extensions ['colcon_meta']
[0.194s] colcon.colcon_core.package_identification Level 1 _identify(.) by extension 'colcon_meta'
[0.194s] colcon.colcon_core.package_identification Level 1 _identify(.) by extensions ['ros']
[0.194s] colcon.colcon_core.package_identification Level 1 _identify(.) by extension 'ros'
[0.200s] colcon.colcon_core.package_identification Level 1 _identify(.) by extensions ['cmake', 'python']
[0.200s] colcon.colcon_core.package_identification Level 1 _identify(.) by extension 'cmake'
[0.200s] colcon.colcon_core.package_identification Level 1 _identify(.) by extension 'python'
[0.200s] colcon.colcon_core.package_identification Level 1 _identify(.) by extensions ['python_setup_py']
[0.200s] colcon.colcon_core.package_identification Level 1 _identify(.) by extension 'python_setup_py'
[0.200s] colcon.colcon_core.package_identification Level 1 _identify(build) by extensions ['ignore', 'ignore_ament_install']
[0.200s] colcon.colcon_core.package_identification Level 1 _identify(build) by extension 'ignore'
[0.200s] colcon.colcon_core.package_identification Level 1 _identify(build) ignored
[0.200s] colcon.colcon_core.package_identification Level 1 _identify(docs) by extensions ['ignore', 'ignore_ament_install']
[0.200s] colcon.colcon_core.package_identification Level 1 _identify(docs) by extension 'ignore'
[0.200s] colcon.colcon_core.package_identification Level 1 _identify(docs) by extension 'ignore_ament_install'
[0.200s] colcon.colcon_core.package_identification Level 1 _identify(docs) by extensions ['colcon_pkg']
[0.200s] colcon.colcon_core.package_identification Level 1 _identify(docs) by extension 'colcon_pkg'
[0.200s] colcon.colcon_core.package_identification Level 1 _identify(docs) by extensions ['colcon_meta']
[0.200s] colcon.colcon_core.package_identification Level 1 _identify(docs) by extension 'colcon_meta'
[0.200s] colcon.colcon_core.package_identification Level 1 _identify(docs) by extensions ['ros']
[0.200s] colcon.colcon_core.package_identification Level 1 _identify(docs) by extension 'ros'
[0.200s] colcon.colcon_core.package_identification Level 1 _identify(docs) by extensions ['cmake', 'python']
[0.200s] colcon.colcon_core.package_identification Level 1 _identify(docs) by extension 'cmake'
[0.200s] colcon.colcon_core.package_identification Level 1 _identify(docs) by extension 'python'
[0.200s] colcon.colcon_core.package_identification Level 1 _identify(docs) by extensions ['python_setup_py']
[0.200s] colcon.colcon_core.package_identification Level 1 _identify(docs) by extension 'python_setup_py'
[0.200s] colcon.colcon_core.package_identification Level 1 _identify(install) by extensions ['ignore', 'ignore_ament_install']
[0.200s] colcon.colcon_core.package_identification Level 1 _identify(install) by extension 'ignore'
[0.200s] colcon.colcon_core.package_identification Level 1 _identify(install) ignored
[0.201s] colcon.colcon_core.package_identification Level 1 _identify(log) by extensions ['ignore', 'ignore_ament_install']
[0.201s] colcon.colcon_core.package_identification Level 1 _identify(log) by extension 'ignore'
[0.201s] colcon.colcon_core.package_identification Level 1 _identify(log) ignored
[0.201s] colcon.colcon_core.package_identification Level 1 _identify(ranger_base) by extensions ['ignore', 'ignore_ament_install']
[0.201s] colcon.colcon_core.package_identification Level 1 _identify(ranger_base) by extension 'ignore'
[0.201s] colcon.colcon_core.package_identification Level 1 _identify(ranger_base) by extension 'ignore_ament_install'
[0.201s] colcon.colcon_core.package_identification Level 1 _identify(ranger_base) by extensions ['colcon_pkg']
[0.201s] colcon.colcon_core.package_identification Level 1 _identify(ranger_base) by extension 'colcon_pkg'
[0.201s] colcon.colcon_core.package_identification Level 1 _identify(ranger_base) by extensions ['colcon_meta']
[0.201s] colcon.colcon_core.package_identification Level 1 _identify(ranger_base) by extension 'colcon_meta'
[0.201s] colcon.colcon_core.package_identification Level 1 _identify(ranger_base) by extensions ['ros']
[0.201s] colcon.colcon_core.package_identification Level 1 _identify(ranger_base) by extension 'ros'
[0.202s] colcon.colcon_core.package_identification DEBUG Package 'ranger_base' with type 'ros.ament_cmake' and name 'ranger_base'
[0.202s] colcon.colcon_core.package_identification Level 1 _identify(ranger_bringup) by extensions ['ignore', 'ignore_ament_install']
[0.202s] colcon.colcon_core.package_identification Level 1 _identify(ranger_bringup) by extension 'ignore'
[0.203s] colcon.colcon_core.package_identification Level 1 _identify(ranger_bringup) by extension 'ignore_ament_install'
[0.203s] colcon.colcon_core.package_identification Level 1 _identify(ranger_bringup) by extensions ['colcon_pkg']
[0.203s] colcon.colcon_core.package_identification Level 1 _identify(ranger_bringup) by extension 'colcon_pkg'
[0.203s] colcon.colcon_core.package_identification Level 1 _identify(ranger_bringup) by extensions ['colcon_meta']
[0.203s] colcon.colcon_core.package_identification Level 1 _identify(ranger_bringup) by extension 'colcon_meta'
[0.203s] colcon.colcon_core.package_identification Level 1 _identify(ranger_bringup) by extensions ['ros']
[0.203s] colcon.colcon_core.package_identification Level 1 _identify(ranger_bringup) by extension 'ros'
[0.203s] colcon.colcon_core.package_identification DEBUG Package 'ranger_bringup' with type 'ros.ament_cmake' and name 'ranger_bringup'
[0.203s] colcon.colcon_core.package_identification Level 1 _identify(ranger_msgs) by extensions ['ignore', 'ignore_ament_install']
[0.203s] colcon.colcon_core.package_identification Level 1 _identify(ranger_msgs) by extension 'ignore'
[0.203s] colcon.colcon_core.package_identification Level 1 _identify(ranger_msgs) by extension 'ignore_ament_install'
[0.203s] colcon.colcon_core.package_identification Level 1 _identify(ranger_msgs) by extensions ['colcon_pkg']
[0.203s] colcon.colcon_core.package_identification Level 1 _identify(ranger_msgs) by extension 'colcon_pkg'
[0.203s] colcon.colcon_core.package_identification Level 1 _identify(ranger_msgs) by extensions ['colcon_meta']
[0.203s] colcon.colcon_core.package_identification Level 1 _identify(ranger_msgs) by extension 'colcon_meta'
[0.203s] colcon.colcon_core.package_identification Level 1 _identify(ranger_msgs) by extensions ['ros']
[0.203s] colcon.colcon_core.package_identification Level 1 _identify(ranger_msgs) by extension 'ros'
[0.203s] colcon.colcon_core.package_identification DEBUG Package 'ranger_msgs' with type 'ros.ament_cmake' and name 'ranger_msgs'
[0.203s] colcon.colcon_core.package_discovery Level 1 discover_packages(recursive) using defaults
[0.203s] colcon.colcon_core.package_discovery Level 1 discover_packages(ignore) discover
[0.203s] colcon.colcon_core.package_discovery Level 1 discover_packages(ignore) using defaults
[0.203s] colcon.colcon_core.package_discovery Level 1 discover_packages(path) discover
[0.203s] colcon.colcon_core.package_discovery Level 1 discover_packages(path) using defaults
[0.216s] colcon.colcon_core.package_selection INFO Skipping not selected package 'ranger_bringup' in 'ranger_bringup'
[0.216s] colcon.colcon_core.package_selection INFO Skipping not selected package 'ranger_msgs' in 'ranger_msgs'
[0.217s] colcon.colcon_core.verb Level 5 set package 'ranger_base' build argument 'cmake_args' from command line to '['-DCMAKE_BUILD_TYPE=Release', '-DCMAKE_PREFIX_PATH=/tmp/ugv_install']'
[0.217s] colcon.colcon_core.verb Level 5 set package 'ranger_base' build argument 'cmake_target' from command line to 'None'
[0.217s] colcon.colcon_core.verb Level 5 set package 'ranger_base' build argument 'cmake_target_skip_unavailable' from command line to 'False'
[0.217s] colcon.colcon_core.verb Level 5 set package 'ranger_base' build argument 'cmake_clean_cache' from command line to 'False'
[0.217s] colcon.colcon_core.verb Level 5 set package 'ranger_base' build argument 'cmake_clean_first' from command line to 'False'
[0.217s] colcon.colcon_core.verb Level 5 set package 'ranger_base' build argument 'cmake_force_configure' from command line to 'False'
[0.217s] colcon.colcon_core.verb Level 5 set package 'ranger_base' build argument 'ament_cmake_args' from command line to 'None'
[0.217s] colcon.colcon_core.verb Level 5 set package 'ranger_base' build argument 'catkin_cmake_args' from command line to 'None'
[0.217s] colcon.colcon_core.verb Level 5 set package 'ranger_base' build argument 'catkin_skip_building_tests' from command line to 'False'
[0.217s] colcon.colcon_core.verb DEBUG Building package 'ranger_base' with the following arguments: {'ament_cmake_args': None, 'build_base': '/root/git/ranger_ros2/build/ranger_base', 'catkin_cmake_args': None, 'catkin_skip_building_tests': False, 'cmake_args': ['-DCMAKE_BUILD_TYPE=Release', '-DCMAKE_PREFIX_PATH=/tmp/ugv_install'], 'cmake_clean_cache': False, 'cmake_clean_first': False, 'cmake_force_configure': False, 'cmake_target': None, 'cmake_target_skip_unavailable': False, 'install_base': '/root/git/ranger_ros2/install/ranger_base', 'merge_install': False, 'path': '/root/git/ranger_ros2/ranger_base', 'symlink_install': False, 'test_result_base': None}
[0.217s] colcon.colcon_core.executor INFO Executing jobs using 'parallel' executor
[0.217s] colcon.colcon_parallel_executor.executor.parallel DEBUG run_until_complete
[0.217s] colcon.colcon_ros.task.ament_cmake.build INFO Building ROS package in '/root/git/ranger_ros2/ranger_base' with build type 'ament_cmake'
[0.217s] colcon.colcon_cmake.task.cmake.build INFO Building CMake package in '/root/git/ranger_ros2/ranger_base'
[0.219s] colcon.colcon_core.plugin_system INFO Skipping extension 'colcon_core.shell.bat': Not used on non-Windows systems
[0.219s] colcon.colcon_core.shell INFO Skip shell extension 'powershell' for command environment: Not usable outside of PowerShell
[0.219s] colcon.colcon_core.shell DEBUG Skip shell extension 'dsv' for command environment
[0.226s] colcon.colcon_core.event_handler.log_command DEBUG Invoking command in '/root/git/ranger_ros2/build/ranger_base': AMENT_PREFIX_PATH=/root/git/ranger_ros2/install/ranger_msgs:${AMENT_PREFIX_PATH} CMAKE_PREFIX_PATH=/root/git/ranger_ros2/install/ranger_msgs:/opt/ros/humble LD_LIBRARY_PATH=/root/git/ranger_ros2/install/ranger_msgs/lib:${LD_LIBRARY_PATH} PYTHONPATH=/root/git/ranger_ros2/install/ranger_msgs/local/lib/python3.10/dist-packages:${PYTHONPATH} /usr/bin/cmake --build /root/git/ranger_ros2/build/ranger_base -- -j24 -l24
[9.786s] colcon.colcon_core.event_handler.log_command DEBUG Invoked command in '/root/git/ranger_ros2/build/ranger_base' returned '0': AMENT_PREFIX_PATH=/root/git/ranger_ros2/install/ranger_msgs:${AMENT_PREFIX_PATH} CMAKE_PREFIX_PATH=/root/git/ranger_ros2/install/ranger_msgs:/opt/ros/humble LD_LIBRARY_PATH=/root/git/ranger_ros2/install/ranger_msgs/lib:${LD_LIBRARY_PATH} PYTHONPATH=/root/git/ranger_ros2/install/ranger_msgs/local/lib/python3.10/dist-packages:${PYTHONPATH} /usr/bin/cmake --build /root/git/ranger_ros2/build/ranger_base -- -j24 -l24
[9.791s] colcon.colcon_core.event_handler.log_command DEBUG Invoking command in '/root/git/ranger_ros2/build/ranger_base': AMENT_PREFIX_PATH=/root/git/ranger_ros2/install/ranger_msgs:${AMENT_PREFIX_PATH} CMAKE_PREFIX_PATH=/root/git/ranger_ros2/install/ranger_msgs:/opt/ros/humble LD_LIBRARY_PATH=/root/git/ranger_ros2/install/ranger_msgs/lib:${LD_LIBRARY_PATH} PYTHONPATH=/root/git/ranger_ros2/install/ranger_msgs/local/lib/python3.10/dist-packages:${PYTHONPATH} /usr/bin/cmake --install /root/git/ranger_ros2/build/ranger_base
[9.798s] colcon.colcon_core.environment Level 1 create_environment_scripts_only(ranger_base)
[9.798s] colcon.colcon_core.event_handler.log_command DEBUG Invoked command in '/root/git/ranger_ros2/build/ranger_base' returned '0': AMENT_PREFIX_PATH=/root/git/ranger_ros2/install/ranger_msgs:${AMENT_PREFIX_PATH} CMAKE_PREFIX_PATH=/root/git/ranger_ros2/install/ranger_msgs:/opt/ros/humble LD_LIBRARY_PATH=/root/git/ranger_ros2/install/ranger_msgs/lib:${LD_LIBRARY_PATH} PYTHONPATH=/root/git/ranger_ros2/install/ranger_msgs/local/lib/python3.10/dist-packages:${PYTHONPATH} /usr/bin/cmake --install /root/git/ranger_ros2/build/ranger_base
[9.799s] colcon.colcon_core.environment Level 1 checking '/root/git/ranger_ros2/install/ranger_base' for CMake module files
[9.799s] colcon.colcon_core.environment Level 1 checking '/root/git/ranger_ros2/install/ranger_base' for CMake config files
[9.799s] colcon.colcon_core.shell Level 1 create_environment_hook('ranger_base', 'cmake_prefix_path')
[9.799s] colcon.colcon_core.shell INFO Creating environment hook '/root/git/ranger_ros2/install/ranger_base/share/ranger_base/hook/cmake_prefix_path.ps1'
[9.800s] colcon.colcon_core.shell INFO Creating environment descriptor '/root/git/ranger_ros2/install/ranger_base/share/ranger_base/hook/cmake_prefix_path.dsv'
[9.800s] colcon.colcon_core.shell INFO Creating environment hook '/root/git/ranger_ros2/install/ranger_base/share/ranger_base/hook/cmake_prefix_path.sh'
[9.800s] colcon.colcon_core.environment Level 1 checking '/root/git/ranger_ros2/install/ranger_base/lib'
[9.800s] colcon.colcon_core.environment Level 1 checking '/root/git/ranger_ros2/install/ranger_base/bin'
[9.800s] colcon.colcon_core.environment Level 1 checking '/root/git/ranger_ros2/install/ranger_base/lib/pkgconfig/ranger_base.pc'
[9.801s] colcon.colcon_core.environment Level 1 checking '/root/git/ranger_ros2/install/ranger_base/lib/python3.10/site-packages'
[9.801s] colcon.colcon_core.environment Level 1 checking '/root/git/ranger_ros2/install/ranger_base/bin'
[9.801s] colcon.colcon_core.shell INFO Creating package script '/root/git/ranger_ros2/install/ranger_base/share/ranger_base/package.ps1'
[9.802s] colcon.colcon_core.shell INFO Creating package descriptor '/root/git/ranger_ros2/install/ranger_base/share/ranger_base/package.dsv'
[9.802s] colcon.colcon_core.shell INFO Creating package script '/root/git/ranger_ros2/install/ranger_base/share/ranger_base/package.sh'
[9.802s] colcon.colcon_core.shell INFO Creating package script '/root/git/ranger_ros2/install/ranger_base/share/ranger_base/package.bash'
[9.802s] colcon.colcon_core.shell INFO Creating package script '/root/git/ranger_ros2/install/ranger_base/share/ranger_base/package.zsh'
[9.803s] colcon.colcon_core.environment Level 1 create_file_with_runtime_dependencies(/root/git/ranger_ros2/install/ranger_base/share/colcon-core/packages/ranger_base)
[9.803s] colcon.colcon_core.environment Level 1 create_environment_scripts_only(ranger_base)
[9.803s] colcon.colcon_core.environment Level 1 checking '/root/git/ranger_ros2/install/ranger_base' for CMake module files
[9.803s] colcon.colcon_core.environment Level 1 checking '/root/git/ranger_ros2/install/ranger_base' for CMake config files
[9.803s] colcon.colcon_core.shell Level 1 create_environment_hook('ranger_base', 'cmake_prefix_path')
[9.803s] colcon.colcon_core.shell INFO Creating environment hook '/root/git/ranger_ros2/install/ranger_base/share/ranger_base/hook/cmake_prefix_path.ps1'
[9.803s] colcon.colcon_core.shell INFO Creating environment descriptor '/root/git/ranger_ros2/install/ranger_base/share/ranger_base/hook/cmake_prefix_path.dsv'
[9.804s] colcon.colcon_core.shell INFO Creating environment hook '/root/git/ranger_ros2/install/ranger_base/share/ranger_base/hook/cmake_prefix_path.sh'
[9.804s] colcon.colcon_core.environment Level 1 checking '/root/git/ranger_ros2/install/ranger_base/lib'
[9.804s] colcon.colcon_core.environment Level 1 checking '/root/git/ranger_ros2/install/ranger_base/bin'
[9.804s] colcon.colcon_core.environment Level 1 checking '/root/git/ranger_ros2/install/ranger_base/lib/pkgconfig/ranger_base.pc'
[9.804s] colcon.colcon_core.environment Level 1 checking '/root/git/ranger_ros2/install/ranger_base/lib/python3.10/site-packages'
[9.804s] colcon.colcon_core.environment Level 1 checking '/root/git/ranger_ros2/install/ranger_base/bin'
[9.804s] colcon.colcon_core.shell INFO Creating package script '/root/git/ranger_ros2/install/ranger_base/share/ranger_base/package.ps1'
[9.804s] colcon.colcon_core.shell INFO Creating package descriptor '/root/git/ranger_ros2/install/ranger_base/share/ranger_base/package.dsv'
[9.805s] colcon.colcon_core.shell INFO Creating package script '/root/git/ranger_ros2/install/ranger_base/share/ranger_base/package.sh'
[9.805s] colcon.colcon_core.shell INFO Creating package script '/root/git/ranger_ros2/install/ranger_base/share/ranger_base/package.bash'
[9.805s] colcon.colcon_core.shell INFO Creating package script '/root/git/ranger_ros2/install/ranger_base/share/ranger_base/package.zsh'
[9.805s] colcon.colcon_core.environment Level 1 create_file_with_runtime_dependencies(/root/git/ranger_ros2/install/ranger_base/share/colcon-core/packages/ranger_base)
[9.805s] colcon.colcon_parallel_executor.executor.parallel DEBUG closing loop
[9.805s] colcon.colcon_parallel_executor.executor.parallel DEBUG loop closed
[9.805s] colcon.colcon_parallel_executor.executor.parallel DEBUG run_until_complete finished with '0'
[9.805s] colcon.colcon_core.event_reactor DEBUG joining thread
[9.808s] colcon.colcon_core.plugin_system INFO Skipping extension 'colcon_notification.desktop_notification.terminal_notifier': Not used on non-Darwin systems
[9.808s] colcon.colcon_core.plugin_system INFO Skipping extension 'colcon_notification.desktop_notification.win32': Not used on non-Windows systems
[9.808s] colcon.colcon_notification.desktop_notification INFO Sending desktop notification using 'notify2'
[9.809s] colcon.colcon_notification.desktop_notification.notify2 DEBUG Failed to initialize notify2: org.freedesktop.DBus.Error.Spawn.ExecFailed: /usr/bin/dbus-launch terminated abnormally without any error message
[9.809s] colcon.colcon_core.event_reactor DEBUG joined thread
[9.809s] colcon.colcon_core.shell INFO Creating prefix script '/root/git/ranger_ros2/install/local_setup.ps1'
[9.810s] colcon.colcon_core.shell INFO Creating prefix util module '/root/git/ranger_ros2/install/_local_setup_util_ps1.py'
[9.810s] colcon.colcon_core.shell INFO Creating prefix chain script '/root/git/ranger_ros2/install/setup.ps1'
[9.811s] colcon.colcon_core.shell INFO Creating prefix script '/root/git/ranger_ros2/install/local_setup.sh'
[9.811s] colcon.colcon_core.shell INFO Creating prefix util module '/root/git/ranger_ros2/install/_local_setup_util_sh.py'
[9.811s] colcon.colcon_core.shell INFO Creating prefix chain script '/root/git/ranger_ros2/install/setup.sh'
[9.811s] colcon.colcon_core.shell INFO Creating prefix script '/root/git/ranger_ros2/install/local_setup.bash'
[9.811s] colcon.colcon_core.shell INFO Creating prefix chain script '/root/git/ranger_ros2/install/setup.bash'
[9.812s] colcon.colcon_core.shell INFO Creating prefix script '/root/git/ranger_ros2/install/local_setup.zsh'
[9.812s] colcon.colcon_core.shell INFO Creating prefix chain script '/root/git/ranger_ros2/install/setup.zsh'
