[0.000000] (-) TimerEvent: {}
[0.000114] (-) JobUnselected: {'identifier': 'ranger_bringup'}
[0.000347] (ranger_msgs) JobQueued: {'identifier': 'ranger_msgs', 'dependencies': OrderedDict()}
[0.000367] (ranger_base) JobQueued: {'identifier': 'ranger_base', 'dependencies': OrderedDict([('ranger_msgs', '/root/git/ranger_ros2/install/ranger_msgs')])}
[0.000395] (ranger_msgs) JobStarted: {'identifier': 'ranger_msgs'}
[0.006803] (ranger_msgs) JobProgress: {'identifier': 'ranger_msgs', 'progress': 'cmake'}
[0.007552] (ranger_msgs) Command: {'cmd': ['/usr/bin/cmake', '/root/git/ranger_ros2/ranger_msgs', '-DCMAKE_BUILD_TYPE=Release', '-DCMAKE_PREFIX_PATH=/tmp/ui', '-DCMAKE_INSTALL_PREFIX=/root/git/ranger_ros2/install/ranger_msgs'], 'cwd': '/root/git/ranger_ros2/build/ranger_msgs', 'env': OrderedDict([('HOSTNAME', 'cona-MS-7D96'), ('SHLVL', '1'), ('LD_LIBRARY_PATH', '/opt/ros/humble/opt/rviz_ogre_vendor/lib:/opt/ros/humble/lib/x86_64-linux-gnu:/opt/ros/humble/lib'), ('HOME', '/root'), ('OLDPWD', '/'), ('ROS_PYTHON_VERSION', '3'), ('ROS_DISTRO', 'humble'), ('_', '/usr/bin/colcon'), ('ROS_VERSION', '2'), ('FLIR_GENTL64_CTI', '/opt/spinnaker/lib/flir-gentl/FLIR_GenTL.cti'), ('ROS_LOCALHOST_ONLY', '0'), ('PATH', '/opt/ros/humble/bin:/opt/spinnaker/bin:/usr/local/sbin:/usr/local/bin:/usr/sbin:/usr/bin:/sbin:/bin'), ('DISPLAY', ':1'), ('LANG', 'C.UTF-8'), ('AMENT_PREFIX_PATH', '/opt/ros/humble'), ('DEBIAN_FRONTEND', 'noninteractive'), ('PWD', '/root/git/ranger_ros2/build/ranger_msgs'), ('LC_ALL', 'C.UTF-8'), ('PYTHONPATH', '/opt/ros/humble/lib/python3.10/site-packages:/opt/ros/humble/local/lib/python3.10/dist-packages'), ('TZ', 'Asia/Seoul'), ('COLCON', '1'), ('CMAKE_PREFIX_PATH', '/opt/ros/humble')]), 'shell': False}
[0.016790] (ranger_msgs) StdoutLine: {'line': b'-- Found ament_cmake: 1.3.14 (/opt/ros/humble/share/ament_cmake/cmake)\n'}
[0.096787] (ranger_msgs) StdoutLine: {'line': b'-- Found builtin_interfaces: 1.2.2 (/opt/ros/humble/share/builtin_interfaces/cmake)\n'}
[0.099837] (-) TimerEvent: {}
[0.114174] (ranger_msgs) StdoutLine: {'line': b'-- Found rosidl_generator_c: 3.1.8 (/opt/ros/humble/share/rosidl_generator_c/cmake)\n'}
[0.115877] (ranger_msgs) StdoutLine: {'line': b'-- Found rosidl_adapter: 3.1.8 (/opt/ros/humble/share/rosidl_adapter/cmake)\n'}
[0.120226] (ranger_msgs) StdoutLine: {'line': b'-- Found rosidl_generator_cpp: 3.1.8 (/opt/ros/humble/share/rosidl_generator_cpp/cmake)\n'}
[0.126714] (ranger_msgs) StdoutLine: {'line': b'-- Using all available rosidl_typesupport_c: rosidl_typesupport_fastrtps_c;rosidl_typesupport_introspection_c\n'}
[0.134581] (ranger_msgs) StdoutLine: {'line': b'-- Using all available rosidl_typesupport_cpp: rosidl_typesupport_fastrtps_cpp;rosidl_typesupport_introspection_cpp\n'}
[0.141426] (ranger_msgs) StdoutLine: {'line': b'-- Found rosidl_default_generators: 1.2.1 (/opt/ros/humble/share/rosidl_default_generators/cmake)\n'}
[0.146902] (ranger_msgs) StdoutLine: {'line': b'-- Found std_msgs: 4.9.1 (/opt/ros/humble/share/std_msgs/cmake)\n'}
[0.199900] (-) TimerEvent: {}
[0.300022] (-) TimerEvent: {}
[0.317928] (ranger_msgs) StdoutLine: {'line': b'-- Found ament_cmake_ros: 0.10.0 (/opt/ros/humble/share/ament_cmake_ros/cmake)\n'}
[0.400098] (-) TimerEvent: {}
[0.500204] (-) TimerEvent: {}
[0.548563] (ranger_msgs) StdoutLine: {'line': b'-- Using all available rosidl_typesupport_c: rosidl_typesupport_fastrtps_c;rosidl_typesupport_introspection_c\n'}
[0.600285] (-) TimerEvent: {}
[0.645441] (ranger_msgs) StdoutLine: {'line': b'-- Using all available rosidl_typesupport_cpp: rosidl_typesupport_fastrtps_cpp;rosidl_typesupport_introspection_cpp\n'}
[0.662731] (ranger_msgs) StdoutLine: {'line': b'-- Found python_cmake_module: 0.10.0 (/opt/ros/humble/share/python_cmake_module/cmake)\n'}
[0.680742] (ranger_msgs) StdoutLine: {'line': b'-- Using PYTHON_EXECUTABLE: /usr/bin/python3\n'}
[0.680837] (ranger_msgs) StdoutLine: {'line': b'-- Using PYTHON_INCLUDE_DIRS: /usr/include/python3.10\n'}
[0.680896] (ranger_msgs) StdoutLine: {'line': b'-- Using PYTHON_LIBRARIES: /usr/lib/x86_64-linux-gnu/libpython3.10.so\n'}
[0.700343] (-) TimerEvent: {}
[0.740328] (ranger_msgs) StdoutLine: {'line': b'-- Found ament_lint_auto: 0.12.15 (/opt/ros/humble/share/ament_lint_auto/cmake)\n'}
[0.750655] (ranger_msgs) StdoutLine: {'line': b"-- Added test 'copyright' to check source files copyright and LICENSE\n"}
[0.752137] (ranger_msgs) StdoutLine: {'line': b"-- Added test 'lint_cmake' to check CMake code style\n"}
[0.752927] (ranger_msgs) StdoutLine: {'line': b"-- Added test 'xmllint' to check XML markup files\n"}
[0.754818] (ranger_msgs) StdoutLine: {'line': b'-- Configuring done\n'}
[0.778216] (ranger_msgs) StdoutLine: {'line': b'-- Generating done\n'}
[0.783691] (ranger_msgs) StdoutLine: {'line': b'-- Build files have been written to: /root/git/ranger_ros2/build/ranger_msgs\n'}
[0.787275] (ranger_msgs) CommandEnded: {'returncode': 0}
[0.787566] (ranger_msgs) JobProgress: {'identifier': 'ranger_msgs', 'progress': 'build'}
[0.788152] (ranger_msgs) Command: {'cmd': ['/usr/bin/cmake', '--build', '/root/git/ranger_ros2/build/ranger_msgs', '--', '-j24', '-l24'], 'cwd': '/root/git/ranger_ros2/build/ranger_msgs', 'env': OrderedDict([('HOSTNAME', 'cona-MS-7D96'), ('SHLVL', '1'), ('LD_LIBRARY_PATH', '/opt/ros/humble/opt/rviz_ogre_vendor/lib:/opt/ros/humble/lib/x86_64-linux-gnu:/opt/ros/humble/lib'), ('HOME', '/root'), ('OLDPWD', '/'), ('ROS_PYTHON_VERSION', '3'), ('ROS_DISTRO', 'humble'), ('_', '/usr/bin/colcon'), ('ROS_VERSION', '2'), ('FLIR_GENTL64_CTI', '/opt/spinnaker/lib/flir-gentl/FLIR_GenTL.cti'), ('ROS_LOCALHOST_ONLY', '0'), ('PATH', '/opt/ros/humble/bin:/opt/spinnaker/bin:/usr/local/sbin:/usr/local/bin:/usr/sbin:/usr/bin:/sbin:/bin'), ('DISPLAY', ':1'), ('LANG', 'C.UTF-8'), ('AMENT_PREFIX_PATH', '/opt/ros/humble'), ('DEBIAN_FRONTEND', 'noninteractive'), ('PWD', '/root/git/ranger_ros2/build/ranger_msgs'), ('LC_ALL', 'C.UTF-8'), ('PYTHONPATH', '/opt/ros/humble/lib/python3.10/site-packages:/opt/ros/humble/local/lib/python3.10/dist-packages'), ('TZ', 'Asia/Seoul'), ('COLCON', '1'), ('CMAKE_PREFIX_PATH', '/opt/ros/humble')]), 'shell': False}
[0.800410] (-) TimerEvent: {}
[0.824596] (ranger_msgs) StdoutLine: {'line': b'Consolidate compiler generated dependencies of target ranger_msgs__rosidl_generator_c\n'}
[0.830727] (ranger_msgs) StdoutLine: {'line': b'[  1%] Built target ranger_msgs__cpp\n'}
[0.831160] (ranger_msgs) StdoutLine: {'line': b'[  2%] Built target ranger_msgs__rs\n'}
[0.835708] (ranger_msgs) StdoutLine: {'line': b'[  2%] Built target ament_cmake_python_copy_ranger_msgs\n'}
[0.835987] (ranger_msgs) StdoutLine: {'line': b'[ 13%] Built target ranger_msgs__rosidl_generator_c\n'}
[0.840882] (ranger_msgs) StdoutLine: {'line': b'Consolidate compiler generated dependencies of target ranger_msgs__rosidl_typesupport_cpp\n'}
[0.841286] (ranger_msgs) StdoutLine: {'line': b'Consolidate compiler generated dependencies of target ranger_msgs__rosidl_typesupport_c\n'}
[0.841419] (ranger_msgs) StdoutLine: {'line': b'Consolidate compiler generated dependencies of target ranger_msgs__rosidl_typesupport_introspection_cpp\n'}
[0.841602] (ranger_msgs) StdoutLine: {'line': b'Consolidate compiler generated dependencies of target ranger_msgs__rosidl_typesupport_introspection_c\n'}
[0.841747] (ranger_msgs) StdoutLine: {'line': b'Consolidate compiler generated dependencies of target ranger_msgs__rosidl_typesupport_fastrtps_cpp\n'}
[0.844284] (ranger_msgs) StdoutLine: {'line': b'Consolidate compiler generated dependencies of target ranger_msgs__rosidl_typesupport_fastrtps_c\n'}
[0.846561] (ranger_msgs) StdoutLine: {'line': b'[ 25%] Built target ranger_msgs__rosidl_typesupport_introspection_c\n'}
[0.847166] (ranger_msgs) StdoutLine: {'line': b'[ 36%] Built target ranger_msgs__rosidl_typesupport_c\n'}
[0.847260] (ranger_msgs) StdoutLine: {'line': b'[ 47%] Built target ranger_msgs__rosidl_typesupport_cpp\n'}
[0.847339] (ranger_msgs) StdoutLine: {'line': b'[ 58%] Built target ranger_msgs__rosidl_typesupport_introspection_cpp\n'}
[0.850695] (ranger_msgs) StdoutLine: {'line': b'[ 69%] Built target ranger_msgs__rosidl_typesupport_fastrtps_cpp\n'}
[0.851923] (ranger_msgs) StdoutLine: {'line': b'[ 80%] Built target ranger_msgs__rosidl_typesupport_fastrtps_c\n'}
[0.861535] (ranger_msgs) StdoutLine: {'line': b'[ 80%] Built target ranger_msgs\n'}
[0.872128] (ranger_msgs) StdoutLine: {'line': b'[ 81%] Built target ranger_msgs__py\n'}
[0.879666] (ranger_msgs) StdoutLine: {'line': b'Consolidate compiler generated dependencies of target ranger_msgs__rosidl_generator_py\n'}
[0.888374] (ranger_msgs) StdoutLine: {'line': b'[ 91%] Built target ranger_msgs__rosidl_generator_py\n'}
[0.894002] (ranger_msgs) StdoutLine: {'line': b'Consolidate compiler generated dependencies of target ranger_msgs__rosidl_typesupport_fastrtps_c__pyext\n'}
[0.895243] (ranger_msgs) StdoutLine: {'line': b'Consolidate compiler generated dependencies of target ranger_msgs__rosidl_typesupport_c__pyext\n'}
[0.895890] (ranger_msgs) StdoutLine: {'line': b'Consolidate compiler generated dependencies of target ranger_msgs__rosidl_typesupport_introspection_c__pyext\n'}
[0.899699] (ranger_msgs) StdoutLine: {'line': b'[ 94%] Built target ranger_msgs__rosidl_typesupport_fastrtps_c__pyext\n'}
[0.900464] (-) TimerEvent: {}
[0.901092] (ranger_msgs) StdoutLine: {'line': b'[ 97%] Built target ranger_msgs__rosidl_typesupport_c__pyext\n'}
[0.901493] (ranger_msgs) StdoutLine: {'line': b'[100%] Built target ranger_msgs__rosidl_typesupport_introspection_c__pyext\n'}
[0.944560] (ranger_msgs) StdoutLine: {'line': b'running egg_info\n'}
[0.944846] (ranger_msgs) StdoutLine: {'line': b'writing ranger_msgs.egg-info/PKG-INFO\n'}
[0.944874] (ranger_msgs) StdoutLine: {'line': b'writing dependency_links to ranger_msgs.egg-info/dependency_links.txt\n'}
[0.944979] (ranger_msgs) StdoutLine: {'line': b'writing top-level names to ranger_msgs.egg-info/top_level.txt\n'}
[0.946083] (ranger_msgs) StdoutLine: {'line': b"reading manifest file 'ranger_msgs.egg-info/SOURCES.txt'\n"}
[0.946396] (ranger_msgs) StdoutLine: {'line': b"writing manifest file 'ranger_msgs.egg-info/SOURCES.txt'\n"}
[0.959562] (ranger_msgs) StdoutLine: {'line': b'[100%] Built target ament_cmake_python_build_ranger_msgs_egg\n'}
[0.965419] (ranger_msgs) CommandEnded: {'returncode': 0}
[0.965948] (ranger_msgs) JobProgress: {'identifier': 'ranger_msgs', 'progress': 'install'}
[0.971654] (ranger_msgs) Command: {'cmd': ['/usr/bin/cmake', '--install', '/root/git/ranger_ros2/build/ranger_msgs'], 'cwd': '/root/git/ranger_ros2/build/ranger_msgs', 'env': OrderedDict([('HOSTNAME', 'cona-MS-7D96'), ('SHLVL', '1'), ('LD_LIBRARY_PATH', '/opt/ros/humble/opt/rviz_ogre_vendor/lib:/opt/ros/humble/lib/x86_64-linux-gnu:/opt/ros/humble/lib'), ('HOME', '/root'), ('OLDPWD', '/'), ('ROS_PYTHON_VERSION', '3'), ('ROS_DISTRO', 'humble'), ('_', '/usr/bin/colcon'), ('ROS_VERSION', '2'), ('FLIR_GENTL64_CTI', '/opt/spinnaker/lib/flir-gentl/FLIR_GenTL.cti'), ('ROS_LOCALHOST_ONLY', '0'), ('PATH', '/opt/ros/humble/bin:/opt/spinnaker/bin:/usr/local/sbin:/usr/local/bin:/usr/sbin:/usr/bin:/sbin:/bin'), ('DISPLAY', ':1'), ('LANG', 'C.UTF-8'), ('AMENT_PREFIX_PATH', '/opt/ros/humble'), ('DEBIAN_FRONTEND', 'noninteractive'), ('PWD', '/root/git/ranger_ros2/build/ranger_msgs'), ('LC_ALL', 'C.UTF-8'), ('PYTHONPATH', '/opt/ros/humble/lib/python3.10/site-packages:/opt/ros/humble/local/lib/python3.10/dist-packages'), ('TZ', 'Asia/Seoul'), ('COLCON', '1'), ('CMAKE_PREFIX_PATH', '/opt/ros/humble')]), 'shell': False}
[0.977117] (ranger_msgs) StdoutLine: {'line': b'-- Install configuration: "Release"\n'}
[0.977403] (ranger_msgs) StdoutLine: {'line': b'-- Up-to-date: /root/git/ranger_ros2/install/ranger_msgs/share/ament_index/resource_index/rosidl_interfaces/ranger_msgs\n'}
[0.977659] (ranger_msgs) StdoutLine: {'line': b'-- Up-to-date: /root/git/ranger_ros2/install/ranger_msgs/include/ranger_msgs/ranger_msgs\n'}
[0.977699] (ranger_msgs) StdoutLine: {'line': b'-- Up-to-date: /root/git/ranger_ros2/install/ranger_msgs/include/ranger_msgs/ranger_msgs/msg\n'}
[0.977739] (ranger_msgs) StdoutLine: {'line': b'-- Up-to-date: /root/git/ranger_ros2/install/ranger_msgs/include/ranger_msgs/ranger_msgs/msg/system_state.h\n'}
[0.977781] (ranger_msgs) StdoutLine: {'line': b'-- Up-to-date: /root/git/ranger_ros2/install/ranger_msgs/include/ranger_msgs/ranger_msgs/msg/actuator_state_array.h\n'}
[0.977889] (ranger_msgs) StdoutLine: {'line': b'-- Up-to-date: /root/git/ranger_ros2/install/ranger_msgs/include/ranger_msgs/ranger_msgs/msg/rosidl_generator_c__visibility_control.h\n'}
[0.977986] (ranger_msgs) StdoutLine: {'line': b'-- Up-to-date: /root/git/ranger_ros2/install/ranger_msgs/include/ranger_msgs/ranger_msgs/msg/detail\n'}
[0.978033] (ranger_msgs) StdoutLine: {'line': b'-- Up-to-date: /root/git/ranger_ros2/install/ranger_msgs/include/ranger_msgs/ranger_msgs/msg/detail/driver_state__functions.c\n'}
[0.978072] (ranger_msgs) StdoutLine: {'line': b'-- Up-to-date: /root/git/ranger_ros2/install/ranger_msgs/include/ranger_msgs/ranger_msgs/msg/detail/actuator_state__struct.h\n'}
[0.978111] (ranger_msgs) StdoutLine: {'line': b'-- Up-to-date: /root/git/ranger_ros2/install/ranger_msgs/include/ranger_msgs/ranger_msgs/msg/detail/system_state__functions.c\n'}
[0.978149] (ranger_msgs) StdoutLine: {'line': b'-- Up-to-date: /root/git/ranger_ros2/install/ranger_msgs/include/ranger_msgs/ranger_msgs/msg/detail/motor_state__struct.h\n'}
[0.978186] (ranger_msgs) StdoutLine: {'line': b'-- Up-to-date: /root/git/ranger_ros2/install/ranger_msgs/include/ranger_msgs/ranger_msgs/msg/detail/actuator_state__functions.h\n'}
[0.978223] (ranger_msgs) StdoutLine: {'line': b'-- Up-to-date: /root/git/ranger_ros2/install/ranger_msgs/include/ranger_msgs/ranger_msgs/msg/detail/system_state__struct.h\n'}
[0.978260] (ranger_msgs) StdoutLine: {'line': b'-- Up-to-date: /root/git/ranger_ros2/install/ranger_msgs/include/ranger_msgs/ranger_msgs/msg/detail/motor_state__functions.c\n'}
[0.978298] (ranger_msgs) StdoutLine: {'line': b'-- Up-to-date: /root/git/ranger_ros2/install/ranger_msgs/include/ranger_msgs/ranger_msgs/msg/detail/actuator_state__functions.c\n'}
[0.978335] (ranger_msgs) StdoutLine: {'line': b'-- Up-to-date: /root/git/ranger_ros2/install/ranger_msgs/include/ranger_msgs/ranger_msgs/msg/detail/driver_state__functions.h\n'}
[0.978378] (ranger_msgs) StdoutLine: {'line': b'-- Up-to-date: /root/git/ranger_ros2/install/ranger_msgs/include/ranger_msgs/ranger_msgs/msg/detail/motion_state__struct.h\n'}
[0.978414] (ranger_msgs) StdoutLine: {'line': b'-- Up-to-date: /root/git/ranger_ros2/install/ranger_msgs/include/ranger_msgs/ranger_msgs/msg/detail/actuator_state_array__struct.h\n'}
[0.978452] (ranger_msgs) StdoutLine: {'line': b'-- Up-to-date: /root/git/ranger_ros2/install/ranger_msgs/include/ranger_msgs/ranger_msgs/msg/detail/motion_state__type_support.h\n'}
[0.978488] (ranger_msgs) StdoutLine: {'line': b'-- Up-to-date: /root/git/ranger_ros2/install/ranger_msgs/include/ranger_msgs/ranger_msgs/msg/detail/actuator_state_array__functions.h\n'}
[0.978587] (ranger_msgs) StdoutLine: {'line': b'-- Up-to-date: /root/git/ranger_ros2/install/ranger_msgs/include/ranger_msgs/ranger_msgs/msg/detail/driver_state__type_support.h\n'}
[0.978624] (ranger_msgs) StdoutLine: {'line': b'-- Up-to-date: /root/git/ranger_ros2/install/ranger_msgs/include/ranger_msgs/ranger_msgs/msg/detail/motor_state__type_support.h\n'}
[0.978657] (ranger_msgs) StdoutLine: {'line': b'-- Up-to-date: /root/git/ranger_ros2/install/ranger_msgs/include/ranger_msgs/ranger_msgs/msg/detail/motion_state__functions.h\n'}
[0.978693] (ranger_msgs) StdoutLine: {'line': b'-- Up-to-date: /root/git/ranger_ros2/install/ranger_msgs/include/ranger_msgs/ranger_msgs/msg/detail/motor_state__functions.h\n'}
[0.978729] (ranger_msgs) StdoutLine: {'line': b'-- Up-to-date: /root/git/ranger_ros2/install/ranger_msgs/include/ranger_msgs/ranger_msgs/msg/detail/driver_state__struct.h\n'}
[0.978767] (ranger_msgs) StdoutLine: {'line': b'-- Up-to-date: /root/git/ranger_ros2/install/ranger_msgs/include/ranger_msgs/ranger_msgs/msg/detail/motion_state__functions.c\n'}
[0.978804] (ranger_msgs) StdoutLine: {'line': b'-- Up-to-date: /root/git/ranger_ros2/install/ranger_msgs/include/ranger_msgs/ranger_msgs/msg/detail/actuator_state__type_support.h\n'}
[0.978841] (ranger_msgs) StdoutLine: {'line': b'-- Up-to-date: /root/git/ranger_ros2/install/ranger_msgs/include/ranger_msgs/ranger_msgs/msg/detail/actuator_state_array__type_support.h\n'}
[0.979259] (ranger_msgs) StdoutLine: {'line': b'-- Up-to-date: /root/git/ranger_ros2/install/ranger_msgs/include/ranger_msgs/ranger_msgs/msg/detail/actuator_state_array__functions.c\n'}
[0.979298] (ranger_msgs) StdoutLine: {'line': b'-- Up-to-date: /root/git/ranger_ros2/install/ranger_msgs/include/ranger_msgs/ranger_msgs/msg/detail/system_state__functions.h\n'}
[0.979336] (ranger_msgs) StdoutLine: {'line': b'-- Up-to-date: /root/git/ranger_ros2/install/ranger_msgs/include/ranger_msgs/ranger_msgs/msg/detail/system_state__type_support.h\n'}
[0.979374] (ranger_msgs) StdoutLine: {'line': b'-- Up-to-date: /root/git/ranger_ros2/install/ranger_msgs/include/ranger_msgs/ranger_msgs/msg/driver_state.h\n'}
[0.979411] (ranger_msgs) StdoutLine: {'line': b'-- Up-to-date: /root/git/ranger_ros2/install/ranger_msgs/include/ranger_msgs/ranger_msgs/msg/actuator_state.h\n'}
[0.979449] (ranger_msgs) StdoutLine: {'line': b'-- Up-to-date: /root/git/ranger_ros2/install/ranger_msgs/include/ranger_msgs/ranger_msgs/msg/motion_state.h\n'}
[0.979555] (ranger_msgs) StdoutLine: {'line': b'-- Up-to-date: /root/git/ranger_ros2/install/ranger_msgs/include/ranger_msgs/ranger_msgs/msg/motor_state.h\n'}
[0.979589] (ranger_msgs) StdoutLine: {'line': b'-- Up-to-date: /root/git/ranger_ros2/install/ranger_msgs/share/ranger_msgs/environment/library_path.sh\n'}
[0.979624] (ranger_msgs) StdoutLine: {'line': b'-- Installing: /root/git/ranger_ros2/install/ranger_msgs/share/ranger_msgs/environment/library_path.dsv\n'}
[0.979663] (ranger_msgs) StdoutLine: {'line': b'-- Up-to-date: /root/git/ranger_ros2/install/ranger_msgs/lib/libranger_msgs__rosidl_generator_c.so\n'}
[0.979702] (ranger_msgs) StdoutLine: {'line': b'-- Up-to-date: /root/git/ranger_ros2/install/ranger_msgs/include/ranger_msgs/ranger_msgs\n'}
[0.979774] (ranger_msgs) StdoutLine: {'line': b'-- Up-to-date: /root/git/ranger_ros2/install/ranger_msgs/include/ranger_msgs/ranger_msgs/msg\n'}
[0.979809] (ranger_msgs) StdoutLine: {'line': b'-- Up-to-date: /root/git/ranger_ros2/install/ranger_msgs/include/ranger_msgs/ranger_msgs/msg/rosidl_typesupport_fastrtps_c__visibility_control.h\n'}
[0.979847] (ranger_msgs) StdoutLine: {'line': b'-- Up-to-date: /root/git/ranger_ros2/install/ranger_msgs/include/ranger_msgs/ranger_msgs/msg/detail\n'}
[0.980092] (ranger_msgs) StdoutLine: {'line': b'-- Up-to-date: /root/git/ranger_ros2/install/ranger_msgs/include/ranger_msgs/ranger_msgs/msg/detail/actuator_state_array__rosidl_typesupport_fastrtps_c.h\n'}
[0.980127] (ranger_msgs) StdoutLine: {'line': b'-- Up-to-date: /root/git/ranger_ros2/install/ranger_msgs/include/ranger_msgs/ranger_msgs/msg/detail/motion_state__rosidl_typesupport_fastrtps_c.h\n'}
[0.980160] (ranger_msgs) StdoutLine: {'line': b'-- Up-to-date: /root/git/ranger_ros2/install/ranger_msgs/include/ranger_msgs/ranger_msgs/msg/detail/actuator_state__rosidl_typesupport_fastrtps_c.h\n'}
[0.980194] (ranger_msgs) StdoutLine: {'line': b'-- Up-to-date: /root/git/ranger_ros2/install/ranger_msgs/include/ranger_msgs/ranger_msgs/msg/detail/system_state__rosidl_typesupport_fastrtps_c.h\n'}
[0.980227] (ranger_msgs) StdoutLine: {'line': b'-- Up-to-date: /root/git/ranger_ros2/install/ranger_msgs/include/ranger_msgs/ranger_msgs/msg/detail/motor_state__rosidl_typesupport_fastrtps_c.h\n'}
[0.980259] (ranger_msgs) StdoutLine: {'line': b'-- Up-to-date: /root/git/ranger_ros2/install/ranger_msgs/include/ranger_msgs/ranger_msgs/msg/detail/driver_state__rosidl_typesupport_fastrtps_c.h\n'}
[0.980291] (ranger_msgs) StdoutLine: {'line': b'-- Up-to-date: /root/git/ranger_ros2/install/ranger_msgs/lib/libranger_msgs__rosidl_typesupport_fastrtps_c.so\n'}
[0.980327] (ranger_msgs) StdoutLine: {'line': b'-- Up-to-date: /root/git/ranger_ros2/install/ranger_msgs/include/ranger_msgs/ranger_msgs\n'}
[0.980364] (ranger_msgs) StdoutLine: {'line': b'-- Up-to-date: /root/git/ranger_ros2/install/ranger_msgs/include/ranger_msgs/ranger_msgs/msg\n'}
[0.980434] (ranger_msgs) StdoutLine: {'line': b'-- Up-to-date: /root/git/ranger_ros2/install/ranger_msgs/include/ranger_msgs/ranger_msgs/msg/system_state.hpp\n'}
[0.980471] (ranger_msgs) StdoutLine: {'line': b'-- Up-to-date: /root/git/ranger_ros2/install/ranger_msgs/include/ranger_msgs/ranger_msgs/msg/motor_state.hpp\n'}
[0.980503] (ranger_msgs) StdoutLine: {'line': b'-- Up-to-date: /root/git/ranger_ros2/install/ranger_msgs/include/ranger_msgs/ranger_msgs/msg/actuator_state.hpp\n'}
[0.980536] (ranger_msgs) StdoutLine: {'line': b'-- Up-to-date: /root/git/ranger_ros2/install/ranger_msgs/include/ranger_msgs/ranger_msgs/msg/motion_state.hpp\n'}
[0.980568] (ranger_msgs) StdoutLine: {'line': b'-- Up-to-date: /root/git/ranger_ros2/install/ranger_msgs/include/ranger_msgs/ranger_msgs/msg/actuator_state_array.hpp\n'}
[0.980601] (ranger_msgs) StdoutLine: {'line': b'-- Up-to-date: /root/git/ranger_ros2/install/ranger_msgs/include/ranger_msgs/ranger_msgs/msg/rosidl_generator_cpp__visibility_control.hpp\n'}
[0.980637] (ranger_msgs) StdoutLine: {'line': b'-- Up-to-date: /root/git/ranger_ros2/install/ranger_msgs/include/ranger_msgs/ranger_msgs/msg/detail\n'}
[0.980677] (ranger_msgs) StdoutLine: {'line': b'-- Up-to-date: /root/git/ranger_ros2/install/ranger_msgs/include/ranger_msgs/ranger_msgs/msg/detail/actuator_state_array__struct.hpp\n'}
[0.980713] (ranger_msgs) StdoutLine: {'line': b'-- Up-to-date: /root/git/ranger_ros2/install/ranger_msgs/include/ranger_msgs/ranger_msgs/msg/detail/motor_state__type_support.hpp\n'}
[0.980749] (ranger_msgs) StdoutLine: {'line': b'-- Up-to-date: /root/git/ranger_ros2/install/ranger_msgs/include/ranger_msgs/ranger_msgs/msg/detail/motor_state__traits.hpp\n'}
[0.980784] (ranger_msgs) StdoutLine: {'line': b'-- Up-to-date: /root/git/ranger_ros2/install/ranger_msgs/include/ranger_msgs/ranger_msgs/msg/detail/actuator_state_array__builder.hpp\n'}
[0.980819] (ranger_msgs) StdoutLine: {'line': b'-- Up-to-date: /root/git/ranger_ros2/install/ranger_msgs/include/ranger_msgs/ranger_msgs/msg/detail/motion_state__traits.hpp\n'}
[0.980861] (ranger_msgs) StdoutLine: {'line': b'-- Up-to-date: /root/git/ranger_ros2/install/ranger_msgs/include/ranger_msgs/ranger_msgs/msg/detail/system_state__traits.hpp\n'}
[0.980901] (ranger_msgs) StdoutLine: {'line': b'-- Up-to-date: /root/git/ranger_ros2/install/ranger_msgs/include/ranger_msgs/ranger_msgs/msg/detail/system_state__builder.hpp\n'}
[0.980937] (ranger_msgs) StdoutLine: {'line': b'-- Up-to-date: /root/git/ranger_ros2/install/ranger_msgs/include/ranger_msgs/ranger_msgs/msg/detail/actuator_state__struct.hpp\n'}
[0.980971] (ranger_msgs) StdoutLine: {'line': b'-- Up-to-date: /root/git/ranger_ros2/install/ranger_msgs/include/ranger_msgs/ranger_msgs/msg/detail/motor_state__builder.hpp\n'}
[0.981006] (ranger_msgs) StdoutLine: {'line': b'-- Up-to-date: /root/git/ranger_ros2/install/ranger_msgs/include/ranger_msgs/ranger_msgs/msg/detail/driver_state__struct.hpp\n'}
[0.981119] (ranger_msgs) StdoutLine: {'line': b'-- Up-to-date: /root/git/ranger_ros2/install/ranger_msgs/include/ranger_msgs/ranger_msgs/msg/detail/motor_state__struct.hpp\n'}
[0.981151] (ranger_msgs) StdoutLine: {'line': b'-- Up-to-date: /root/git/ranger_ros2/install/ranger_msgs/include/ranger_msgs/ranger_msgs/msg/detail/driver_state__traits.hpp\n'}
[0.981184] (ranger_msgs) StdoutLine: {'line': b'-- Up-to-date: /root/git/ranger_ros2/install/ranger_msgs/include/ranger_msgs/ranger_msgs/msg/detail/driver_state__type_support.hpp\n'}
[0.981219] (ranger_msgs) StdoutLine: {'line': b'-- Up-to-date: /root/git/ranger_ros2/install/ranger_msgs/include/ranger_msgs/ranger_msgs/msg/detail/actuator_state__type_support.hpp\n'}
[0.981254] (ranger_msgs) StdoutLine: {'line': b'-- Up-to-date: /root/git/ranger_ros2/install/ranger_msgs/include/ranger_msgs/ranger_msgs/msg/detail/actuator_state__traits.hpp\n'}
[0.981289] (ranger_msgs) StdoutLine: {'line': b'-- Up-to-date: /root/git/ranger_ros2/install/ranger_msgs/include/ranger_msgs/ranger_msgs/msg/detail/motion_state__type_support.hpp\n'}
[0.981325] (ranger_msgs) StdoutLine: {'line': b'-- Up-to-date: /root/git/ranger_ros2/install/ranger_msgs/include/ranger_msgs/ranger_msgs/msg/detail/motion_state__struct.hpp\n'}
[0.981392] (ranger_msgs) StdoutLine: {'line': b'-- Up-to-date: /root/git/ranger_ros2/install/ranger_msgs/include/ranger_msgs/ranger_msgs/msg/detail/system_state__struct.hpp\n'}
[0.981424] (ranger_msgs) StdoutLine: {'line': b'-- Up-to-date: /root/git/ranger_ros2/install/ranger_msgs/include/ranger_msgs/ranger_msgs/msg/detail/actuator_state_array__type_support.hpp\n'}
[0.981456] (ranger_msgs) StdoutLine: {'line': b'-- Up-to-date: /root/git/ranger_ros2/install/ranger_msgs/include/ranger_msgs/ranger_msgs/msg/detail/motion_state__builder.hpp\n'}
[0.981489] (ranger_msgs) StdoutLine: {'line': b'-- Up-to-date: /root/git/ranger_ros2/install/ranger_msgs/include/ranger_msgs/ranger_msgs/msg/detail/actuator_state__builder.hpp\n'}
[0.981521] (ranger_msgs) StdoutLine: {'line': b'-- Up-to-date: /root/git/ranger_ros2/install/ranger_msgs/include/ranger_msgs/ranger_msgs/msg/detail/system_state__type_support.hpp\n'}
[0.981553] (ranger_msgs) StdoutLine: {'line': b'-- Up-to-date: /root/git/ranger_ros2/install/ranger_msgs/include/ranger_msgs/ranger_msgs/msg/detail/actuator_state_array__traits.hpp\n'}
[0.981588] (ranger_msgs) StdoutLine: {'line': b'-- Up-to-date: /root/git/ranger_ros2/install/ranger_msgs/include/ranger_msgs/ranger_msgs/msg/detail/driver_state__builder.hpp\n'}
[0.981696] (ranger_msgs) StdoutLine: {'line': b'-- Up-to-date: /root/git/ranger_ros2/install/ranger_msgs/include/ranger_msgs/ranger_msgs/msg/driver_state.hpp\n'}
[0.981728] (ranger_msgs) StdoutLine: {'line': b'-- Up-to-date: /root/git/ranger_ros2/install/ranger_msgs/include/ranger_msgs/ranger_msgs\n'}
[0.981761] (ranger_msgs) StdoutLine: {'line': b'-- Up-to-date: /root/git/ranger_ros2/install/ranger_msgs/include/ranger_msgs/ranger_msgs/msg\n'}
[0.981795] (ranger_msgs) StdoutLine: {'line': b'-- Up-to-date: /root/git/ranger_ros2/install/ranger_msgs/include/ranger_msgs/ranger_msgs/msg/rosidl_typesupport_fastrtps_cpp__visibility_control.h\n'}
[0.981830] (ranger_msgs) StdoutLine: {'line': b'-- Up-to-date: /root/git/ranger_ros2/install/ranger_msgs/include/ranger_msgs/ranger_msgs/msg/detail\n'}
[0.981870] (ranger_msgs) StdoutLine: {'line': b'-- Up-to-date: /root/git/ranger_ros2/install/ranger_msgs/include/ranger_msgs/ranger_msgs/msg/detail/dds_fastrtps\n'}
[0.981903] (ranger_msgs) StdoutLine: {'line': b'-- Up-to-date: /root/git/ranger_ros2/install/ranger_msgs/include/ranger_msgs/ranger_msgs/msg/detail/motor_state__rosidl_typesupport_fastrtps_cpp.hpp\n'}
[0.981937] (ranger_msgs) StdoutLine: {'line': b'-- Up-to-date: /root/git/ranger_ros2/install/ranger_msgs/include/ranger_msgs/ranger_msgs/msg/detail/driver_state__rosidl_typesupport_fastrtps_cpp.hpp\n'}
[0.982013] (ranger_msgs) StdoutLine: {'line': b'-- Up-to-date: /root/git/ranger_ros2/install/ranger_msgs/include/ranger_msgs/ranger_msgs/msg/detail/system_state__rosidl_typesupport_fastrtps_cpp.hpp\n'}
[0.982331] (ranger_msgs) StdoutLine: {'line': b'-- Up-to-date: /root/git/ranger_ros2/install/ranger_msgs/include/ranger_msgs/ranger_msgs/msg/detail/actuator_state_array__rosidl_typesupport_fastrtps_cpp.hpp\n'}
[0.982364] (ranger_msgs) StdoutLine: {'line': b'-- Up-to-date: /root/git/ranger_ros2/install/ranger_msgs/include/ranger_msgs/ranger_msgs/msg/detail/motion_state__rosidl_typesupport_fastrtps_cpp.hpp\n'}
[0.982398] (ranger_msgs) StdoutLine: {'line': b'-- Up-to-date: /root/git/ranger_ros2/install/ranger_msgs/include/ranger_msgs/ranger_msgs/msg/detail/actuator_state__rosidl_typesupport_fastrtps_cpp.hpp\n'}
[0.982431] (ranger_msgs) StdoutLine: {'line': b'-- Up-to-date: /root/git/ranger_ros2/install/ranger_msgs/lib/libranger_msgs__rosidl_typesupport_fastrtps_cpp.so\n'}
[0.982467] (ranger_msgs) StdoutLine: {'line': b'-- Up-to-date: /root/git/ranger_ros2/install/ranger_msgs/include/ranger_msgs/ranger_msgs\n'}
[0.982503] (ranger_msgs) StdoutLine: {'line': b'-- Up-to-date: /root/git/ranger_ros2/install/ranger_msgs/include/ranger_msgs/ranger_msgs/msg\n'}
[0.982537] (ranger_msgs) StdoutLine: {'line': b'-- Up-to-date: /root/git/ranger_ros2/install/ranger_msgs/include/ranger_msgs/ranger_msgs/msg/rosidl_typesupport_introspection_c__visibility_control.h\n'}
[0.982601] (ranger_msgs) StdoutLine: {'line': b'-- Up-to-date: /root/git/ranger_ros2/install/ranger_msgs/include/ranger_msgs/ranger_msgs/msg/detail\n'}
[0.982631] (ranger_msgs) StdoutLine: {'line': b'-- Up-to-date: /root/git/ranger_ros2/install/ranger_msgs/include/ranger_msgs/ranger_msgs/msg/detail/system_state__rosidl_typesupport_introspection_c.h\n'}
[0.982660] (ranger_msgs) StdoutLine: {'line': b'-- Up-to-date: /root/git/ranger_ros2/install/ranger_msgs/include/ranger_msgs/ranger_msgs/msg/detail/actuator_state__type_support.c\n'}
[0.982692] (ranger_msgs) StdoutLine: {'line': b'-- Up-to-date: /root/git/ranger_ros2/install/ranger_msgs/include/ranger_msgs/ranger_msgs/msg/detail/driver_state__type_support.c\n'}
[0.982721] (ranger_msgs) StdoutLine: {'line': b'-- Up-to-date: /root/git/ranger_ros2/install/ranger_msgs/include/ranger_msgs/ranger_msgs/msg/detail/system_state__type_support.c\n'}
[0.982749] (ranger_msgs) StdoutLine: {'line': b'-- Up-to-date: /root/git/ranger_ros2/install/ranger_msgs/include/ranger_msgs/ranger_msgs/msg/detail/driver_state__rosidl_typesupport_introspection_c.h\n'}
[0.982778] (ranger_msgs) StdoutLine: {'line': b'-- Up-to-date: /root/git/ranger_ros2/install/ranger_msgs/include/ranger_msgs/ranger_msgs/msg/detail/motor_state__type_support.c\n'}
[0.982806] (ranger_msgs) StdoutLine: {'line': b'-- Up-to-date: /root/git/ranger_ros2/install/ranger_msgs/include/ranger_msgs/ranger_msgs/msg/detail/actuator_state_array__rosidl_typesupport_introspection_c.h\n'}
[0.982835] (ranger_msgs) StdoutLine: {'line': b'-- Up-to-date: /root/git/ranger_ros2/install/ranger_msgs/include/ranger_msgs/ranger_msgs/msg/detail/motor_state__rosidl_typesupport_introspection_c.h\n'}
[0.982870] (ranger_msgs) StdoutLine: {'line': b'-- Up-to-date: /root/git/ranger_ros2/install/ranger_msgs/include/ranger_msgs/ranger_msgs/msg/detail/motion_state__rosidl_typesupport_introspection_c.h\n'}
[0.982899] (ranger_msgs) StdoutLine: {'line': b'-- Up-to-date: /root/git/ranger_ros2/install/ranger_msgs/include/ranger_msgs/ranger_msgs/msg/detail/actuator_state__rosidl_typesupport_introspection_c.h\n'}
[0.982926] (ranger_msgs) StdoutLine: {'line': b'-- Up-to-date: /root/git/ranger_ros2/install/ranger_msgs/include/ranger_msgs/ranger_msgs/msg/detail/actuator_state_array__type_support.c\n'}
[0.982954] (ranger_msgs) StdoutLine: {'line': b'-- Up-to-date: /root/git/ranger_ros2/install/ranger_msgs/include/ranger_msgs/ranger_msgs/msg/detail/motion_state__type_support.c\n'}
[0.982984] (ranger_msgs) StdoutLine: {'line': b'-- Up-to-date: /root/git/ranger_ros2/install/ranger_msgs/lib/libranger_msgs__rosidl_typesupport_introspection_c.so\n'}
[0.983013] (ranger_msgs) StdoutLine: {'line': b'-- Up-to-date: /root/git/ranger_ros2/install/ranger_msgs/lib/libranger_msgs__rosidl_typesupport_c.so\n'}
[0.983041] (ranger_msgs) StdoutLine: {'line': b'-- Up-to-date: /root/git/ranger_ros2/install/ranger_msgs/include/ranger_msgs/ranger_msgs\n'}
[0.983068] (ranger_msgs) StdoutLine: {'line': b'-- Up-to-date: /root/git/ranger_ros2/install/ranger_msgs/include/ranger_msgs/ranger_msgs/msg\n'}
[0.983096] (ranger_msgs) StdoutLine: {'line': b'-- Up-to-date: /root/git/ranger_ros2/install/ranger_msgs/include/ranger_msgs/ranger_msgs/msg/detail\n'}
[0.983123] (ranger_msgs) StdoutLine: {'line': b'-- Up-to-date: /root/git/ranger_ros2/install/ranger_msgs/include/ranger_msgs/ranger_msgs/msg/detail/motion_state__rosidl_typesupport_introspection_cpp.hpp\n'}
[0.983152] (ranger_msgs) StdoutLine: {'line': b'-- Up-to-date: /root/git/ranger_ros2/install/ranger_msgs/include/ranger_msgs/ranger_msgs/msg/detail/driver_state__rosidl_typesupport_introspection_cpp.hpp\n'}
[0.983179] (ranger_msgs) StdoutLine: {'line': b'-- Up-to-date: /root/git/ranger_ros2/install/ranger_msgs/include/ranger_msgs/ranger_msgs/msg/detail/motor_state__type_support.cpp\n'}
[0.983207] (ranger_msgs) StdoutLine: {'line': b'-- Up-to-date: /root/git/ranger_ros2/install/ranger_msgs/include/ranger_msgs/ranger_msgs/msg/detail/actuator_state__type_support.cpp\n'}
[0.983236] (ranger_msgs) StdoutLine: {'line': b'-- Up-to-date: /root/git/ranger_ros2/install/ranger_msgs/include/ranger_msgs/ranger_msgs/msg/detail/actuator_state_array__rosidl_typesupport_introspection_cpp.hpp\n'}
[0.983263] (ranger_msgs) StdoutLine: {'line': b'-- Up-to-date: /root/git/ranger_ros2/install/ranger_msgs/include/ranger_msgs/ranger_msgs/msg/detail/motor_state__rosidl_typesupport_introspection_cpp.hpp\n'}
[0.983290] (ranger_msgs) StdoutLine: {'line': b'-- Up-to-date: /root/git/ranger_ros2/install/ranger_msgs/include/ranger_msgs/ranger_msgs/msg/detail/driver_state__type_support.cpp\n'}
[0.983317] (ranger_msgs) StdoutLine: {'line': b'-- Up-to-date: /root/git/ranger_ros2/install/ranger_msgs/include/ranger_msgs/ranger_msgs/msg/detail/actuator_state__rosidl_typesupport_introspection_cpp.hpp\n'}
[0.983345] (ranger_msgs) StdoutLine: {'line': b'-- Up-to-date: /root/git/ranger_ros2/install/ranger_msgs/include/ranger_msgs/ranger_msgs/msg/detail/actuator_state_array__type_support.cpp\n'}
[0.983372] (ranger_msgs) StdoutLine: {'line': b'-- Up-to-date: /root/git/ranger_ros2/install/ranger_msgs/include/ranger_msgs/ranger_msgs/msg/detail/system_state__rosidl_typesupport_introspection_cpp.hpp\n'}
[0.983399] (ranger_msgs) StdoutLine: {'line': b'-- Up-to-date: /root/git/ranger_ros2/install/ranger_msgs/include/ranger_msgs/ranger_msgs/msg/detail/motion_state__type_support.cpp\n'}
[0.983426] (ranger_msgs) StdoutLine: {'line': b'-- Up-to-date: /root/git/ranger_ros2/install/ranger_msgs/include/ranger_msgs/ranger_msgs/msg/detail/system_state__type_support.cpp\n'}
[0.983453] (ranger_msgs) StdoutLine: {'line': b'-- Up-to-date: /root/git/ranger_ros2/install/ranger_msgs/lib/libranger_msgs__rosidl_typesupport_introspection_cpp.so\n'}
[0.983480] (ranger_msgs) StdoutLine: {'line': b'-- Up-to-date: /root/git/ranger_ros2/install/ranger_msgs/lib/libranger_msgs__rosidl_typesupport_cpp.so\n'}
[0.983506] (ranger_msgs) StdoutLine: {'line': b'-- Up-to-date: /root/git/ranger_ros2/install/ranger_msgs/share/ranger_msgs/environment/pythonpath.sh\n'}
[0.983533] (ranger_msgs) StdoutLine: {'line': b'-- Installing: /root/git/ranger_ros2/install/ranger_msgs/share/ranger_msgs/environment/pythonpath.dsv\n'}
[0.983564] (ranger_msgs) StdoutLine: {'line': b'-- Up-to-date: /root/git/ranger_ros2/install/ranger_msgs/local/lib/python3.10/dist-packages/ranger_msgs-0.0.1-py3.10.egg-info\n'}
[0.983593] (ranger_msgs) StdoutLine: {'line': b'-- Installing: /root/git/ranger_ros2/install/ranger_msgs/local/lib/python3.10/dist-packages/ranger_msgs-0.0.1-py3.10.egg-info/dependency_links.txt\n'}
[0.983619] (ranger_msgs) StdoutLine: {'line': b'-- Installing: /root/git/ranger_ros2/install/ranger_msgs/local/lib/python3.10/dist-packages/ranger_msgs-0.0.1-py3.10.egg-info/PKG-INFO\n'}
[0.983646] (ranger_msgs) StdoutLine: {'line': b'-- Installing: /root/git/ranger_ros2/install/ranger_msgs/local/lib/python3.10/dist-packages/ranger_msgs-0.0.1-py3.10.egg-info/top_level.txt\n'}
[0.983674] (ranger_msgs) StdoutLine: {'line': b'-- Installing: /root/git/ranger_ros2/install/ranger_msgs/local/lib/python3.10/dist-packages/ranger_msgs-0.0.1-py3.10.egg-info/SOURCES.txt\n'}
[0.983700] (ranger_msgs) StdoutLine: {'line': b'-- Up-to-date: /root/git/ranger_ros2/install/ranger_msgs/local/lib/python3.10/dist-packages/ranger_msgs\n'}
[0.983726] (ranger_msgs) StdoutLine: {'line': b'-- Up-to-date: /root/git/ranger_ros2/install/ranger_msgs/local/lib/python3.10/dist-packages/ranger_msgs/libranger_msgs__rosidl_generator_py.so\n'}
[0.983752] (ranger_msgs) StdoutLine: {'line': b'-- Up-to-date: /root/git/ranger_ros2/install/ranger_msgs/local/lib/python3.10/dist-packages/ranger_msgs/_ranger_msgs_s.ep.rosidl_typesupport_c.c\n'}
[0.983779] (ranger_msgs) StdoutLine: {'line': b'-- Up-to-date: /root/git/ranger_ros2/install/ranger_msgs/local/lib/python3.10/dist-packages/ranger_msgs/ranger_msgs_s__rosidl_typesupport_c.cpython-310-x86_64-linux-gnu.so\n'}
[0.983807] (ranger_msgs) StdoutLine: {'line': b'-- Up-to-date: /root/git/ranger_ros2/install/ranger_msgs/local/lib/python3.10/dist-packages/ranger_msgs/msg\n'}
[0.983834] (ranger_msgs) StdoutLine: {'line': b'-- Up-to-date: /root/git/ranger_ros2/install/ranger_msgs/local/lib/python3.10/dist-packages/ranger_msgs/msg/_motor_state.py\n'}
[0.983865] (ranger_msgs) StdoutLine: {'line': b'-- Up-to-date: /root/git/ranger_ros2/install/ranger_msgs/local/lib/python3.10/dist-packages/ranger_msgs/msg/_actuator_state.py\n'}
[0.983892] (ranger_msgs) StdoutLine: {'line': b'-- Up-to-date: /root/git/ranger_ros2/install/ranger_msgs/local/lib/python3.10/dist-packages/ranger_msgs/msg/_driver_state.py\n'}
[0.983919] (ranger_msgs) StdoutLine: {'line': b'-- Up-to-date: /root/git/ranger_ros2/install/ranger_msgs/local/lib/python3.10/dist-packages/ranger_msgs/msg/_system_state.py\n'}
[0.983945] (ranger_msgs) StdoutLine: {'line': b'-- Up-to-date: /root/git/ranger_ros2/install/ranger_msgs/local/lib/python3.10/dist-packages/ranger_msgs/msg/_actuator_state_array_s.c\n'}
[0.983971] (ranger_msgs) StdoutLine: {'line': b'-- Up-to-date: /root/git/ranger_ros2/install/ranger_msgs/local/lib/python3.10/dist-packages/ranger_msgs/msg/_motor_state_s.c\n'}
[0.983999] (ranger_msgs) StdoutLine: {'line': b'-- Up-to-date: /root/git/ranger_ros2/install/ranger_msgs/local/lib/python3.10/dist-packages/ranger_msgs/msg/_actuator_state_s.c\n'}
[0.984025] (ranger_msgs) StdoutLine: {'line': b'-- Up-to-date: /root/git/ranger_ros2/install/ranger_msgs/local/lib/python3.10/dist-packages/ranger_msgs/msg/_system_state_s.c\n'}
[0.984051] (ranger_msgs) StdoutLine: {'line': b'-- Up-to-date: /root/git/ranger_ros2/install/ranger_msgs/local/lib/python3.10/dist-packages/ranger_msgs/msg/_motion_state_s.c\n'}
[0.984076] (ranger_msgs) StdoutLine: {'line': b'-- Up-to-date: /root/git/ranger_ros2/install/ranger_msgs/local/lib/python3.10/dist-packages/ranger_msgs/msg/_actuator_state_array.py\n'}
[0.984102] (ranger_msgs) StdoutLine: {'line': b'-- Up-to-date: /root/git/ranger_ros2/install/ranger_msgs/local/lib/python3.10/dist-packages/ranger_msgs/msg/_motion_state.py\n'}
[0.984127] (ranger_msgs) StdoutLine: {'line': b'-- Up-to-date: /root/git/ranger_ros2/install/ranger_msgs/local/lib/python3.10/dist-packages/ranger_msgs/msg/_driver_state_s.c\n'}
[0.984153] (ranger_msgs) StdoutLine: {'line': b'-- Up-to-date: /root/git/ranger_ros2/install/ranger_msgs/local/lib/python3.10/dist-packages/ranger_msgs/msg/__init__.py\n'}
[0.984179] (ranger_msgs) StdoutLine: {'line': b'-- Up-to-date: /root/git/ranger_ros2/install/ranger_msgs/local/lib/python3.10/dist-packages/ranger_msgs/_ranger_msgs_s.ep.rosidl_typesupport_introspection_c.c\n'}
[0.984204] (ranger_msgs) StdoutLine: {'line': b'-- Up-to-date: /root/git/ranger_ros2/install/ranger_msgs/local/lib/python3.10/dist-packages/ranger_msgs/_ranger_msgs_s.ep.rosidl_typesupport_fastrtps_c.c\n'}
[0.984231] (ranger_msgs) StdoutLine: {'line': b'-- Up-to-date: /root/git/ranger_ros2/install/ranger_msgs/local/lib/python3.10/dist-packages/ranger_msgs/ranger_msgs_s__rosidl_typesupport_introspection_c.cpython-310-x86_64-linux-gnu.so\n'}
[0.984256] (ranger_msgs) StdoutLine: {'line': b'-- Installing: /root/git/ranger_ros2/install/ranger_msgs/local/lib/python3.10/dist-packages/ranger_msgs/__init__.py\n'}
[0.984281] (ranger_msgs) StdoutLine: {'line': b'-- Up-to-date: /root/git/ranger_ros2/install/ranger_msgs/local/lib/python3.10/dist-packages/ranger_msgs/ranger_msgs_s__rosidl_typesupport_fastrtps_c.cpython-310-x86_64-linux-gnu.so\n'}
[1.000536] (-) TimerEvent: {}
[1.001120] (ranger_msgs) StdoutLine: {'line': b"Listing '/root/git/ranger_ros2/install/ranger_msgs/local/lib/python3.10/dist-packages/ranger_msgs'...\n"}
[1.001162] (ranger_msgs) StdoutLine: {'line': b"Compiling '/root/git/ranger_ros2/install/ranger_msgs/local/lib/python3.10/dist-packages/ranger_msgs/__init__.py'...\n"}
[1.001181] (ranger_msgs) StdoutLine: {'line': b"Listing '/root/git/ranger_ros2/install/ranger_msgs/local/lib/python3.10/dist-packages/ranger_msgs/msg'...\n"}
[1.003705] (ranger_msgs) StdoutLine: {'line': b'-- Up-to-date: /root/git/ranger_ros2/install/ranger_msgs/local/lib/python3.10/dist-packages/ranger_msgs/ranger_msgs_s__rosidl_typesupport_fastrtps_c.cpython-310-x86_64-linux-gnu.so\n'}
[1.003835] (ranger_msgs) StdoutLine: {'line': b'-- Up-to-date: /root/git/ranger_ros2/install/ranger_msgs/local/lib/python3.10/dist-packages/ranger_msgs/ranger_msgs_s__rosidl_typesupport_introspection_c.cpython-310-x86_64-linux-gnu.so\n'}
[1.003961] (ranger_msgs) StdoutLine: {'line': b'-- Up-to-date: /root/git/ranger_ros2/install/ranger_msgs/local/lib/python3.10/dist-packages/ranger_msgs/ranger_msgs_s__rosidl_typesupport_c.cpython-310-x86_64-linux-gnu.so\n'}
[1.004075] (ranger_msgs) StdoutLine: {'line': b'-- Up-to-date: /root/git/ranger_ros2/install/ranger_msgs/lib/libranger_msgs__rosidl_generator_py.so\n'}
[1.004144] (ranger_msgs) StdoutLine: {'line': b'-- Up-to-date: /root/git/ranger_ros2/install/ranger_msgs/share/ament_index/resource_index/rust_packages/ranger_msgs\n'}
[1.004166] (ranger_msgs) StdoutLine: {'line': b'-- Up-to-date: /root/git/ranger_ros2/install/ranger_msgs/share/ranger_msgs/rust\n'}
[1.004267] (ranger_msgs) StdoutLine: {'line': b'-- Up-to-date: /root/git/ranger_ros2/install/ranger_msgs/share/ranger_msgs/rust/build.rs\n'}
[1.004354] (ranger_msgs) StdoutLine: {'line': b'-- Up-to-date: /root/git/ranger_ros2/install/ranger_msgs/share/ranger_msgs/rust/Cargo.toml\n'}
[1.004373] (ranger_msgs) StdoutLine: {'line': b'-- Up-to-date: /root/git/ranger_ros2/install/ranger_msgs/share/ranger_msgs/rust/src\n'}
[1.004393] (ranger_msgs) StdoutLine: {'line': b'-- Up-to-date: /root/git/ranger_ros2/install/ranger_msgs/share/ranger_msgs/rust/src/msg.rs\n'}
[1.004413] (ranger_msgs) StdoutLine: {'line': b'-- Up-to-date: /root/git/ranger_ros2/install/ranger_msgs/share/ranger_msgs/rust/src/msg\n'}
[1.004433] (ranger_msgs) StdoutLine: {'line': b'-- Up-to-date: /root/git/ranger_ros2/install/ranger_msgs/share/ranger_msgs/rust/src/msg/rmw.rs\n'}
[1.004453] (ranger_msgs) StdoutLine: {'line': b'-- Up-to-date: /root/git/ranger_ros2/install/ranger_msgs/share/ranger_msgs/rust/src/lib.rs\n'}
[1.004473] (ranger_msgs) StdoutLine: {'line': b'-- Up-to-date: /root/git/ranger_ros2/install/ranger_msgs/share/ranger_msgs/msg/ActuatorState.idl\n'}
[1.004492] (ranger_msgs) StdoutLine: {'line': b'-- Up-to-date: /root/git/ranger_ros2/install/ranger_msgs/share/ranger_msgs/msg/ActuatorStateArray.idl\n'}
[1.004513] (ranger_msgs) StdoutLine: {'line': b'-- Up-to-date: /root/git/ranger_ros2/install/ranger_msgs/share/ranger_msgs/msg/DriverState.idl\n'}
[1.004533] (ranger_msgs) StdoutLine: {'line': b'-- Up-to-date: /root/git/ranger_ros2/install/ranger_msgs/share/ranger_msgs/msg/MotionState.idl\n'}
[1.004552] (ranger_msgs) StdoutLine: {'line': b'-- Up-to-date: /root/git/ranger_ros2/install/ranger_msgs/share/ranger_msgs/msg/MotorState.idl\n'}
[1.004572] (ranger_msgs) StdoutLine: {'line': b'-- Up-to-date: /root/git/ranger_ros2/install/ranger_msgs/share/ranger_msgs/msg/SystemState.idl\n'}
[1.004590] (ranger_msgs) StdoutLine: {'line': b'-- Up-to-date: /root/git/ranger_ros2/install/ranger_msgs/share/ranger_msgs/msg/ActuatorState.msg\n'}
[1.004609] (ranger_msgs) StdoutLine: {'line': b'-- Up-to-date: /root/git/ranger_ros2/install/ranger_msgs/share/ranger_msgs/msg/ActuatorStateArray.msg\n'}
[1.004628] (ranger_msgs) StdoutLine: {'line': b'-- Up-to-date: /root/git/ranger_ros2/install/ranger_msgs/share/ranger_msgs/msg/DriverState.msg\n'}
[1.004647] (ranger_msgs) StdoutLine: {'line': b'-- Installing: /root/git/ranger_ros2/install/ranger_msgs/share/ranger_msgs/msg/MotionState.msg\n'}
[1.004714] (ranger_msgs) StdoutLine: {'line': b'-- Up-to-date: /root/git/ranger_ros2/install/ranger_msgs/share/ranger_msgs/msg/MotorState.msg\n'}
[1.004735] (ranger_msgs) StdoutLine: {'line': b'-- Installing: /root/git/ranger_ros2/install/ranger_msgs/share/ranger_msgs/msg/SystemState.msg\n'}
[1.004754] (ranger_msgs) StdoutLine: {'line': b'-- Up-to-date: /root/git/ranger_ros2/install/ranger_msgs/share/ament_index/resource_index/package_run_dependencies/ranger_msgs\n'}
[1.004774] (ranger_msgs) StdoutLine: {'line': b'-- Up-to-date: /root/git/ranger_ros2/install/ranger_msgs/share/ament_index/resource_index/parent_prefix_path/ranger_msgs\n'}
[1.004795] (ranger_msgs) StdoutLine: {'line': b'-- Up-to-date: /root/git/ranger_ros2/install/ranger_msgs/share/ranger_msgs/environment/ament_prefix_path.sh\n'}
[1.004845] (ranger_msgs) StdoutLine: {'line': b'-- Installing: /root/git/ranger_ros2/install/ranger_msgs/share/ranger_msgs/environment/ament_prefix_path.dsv\n'}
[1.004869] (ranger_msgs) StdoutLine: {'line': b'-- Up-to-date: /root/git/ranger_ros2/install/ranger_msgs/share/ranger_msgs/environment/path.sh\n'}
[1.004889] (ranger_msgs) StdoutLine: {'line': b'-- Installing: /root/git/ranger_ros2/install/ranger_msgs/share/ranger_msgs/environment/path.dsv\n'}
[1.004907] (ranger_msgs) StdoutLine: {'line': b'-- Up-to-date: /root/git/ranger_ros2/install/ranger_msgs/share/ranger_msgs/local_setup.bash\n'}
[1.004925] (ranger_msgs) StdoutLine: {'line': b'-- Up-to-date: /root/git/ranger_ros2/install/ranger_msgs/share/ranger_msgs/local_setup.sh\n'}
[1.004944] (ranger_msgs) StdoutLine: {'line': b'-- Up-to-date: /root/git/ranger_ros2/install/ranger_msgs/share/ranger_msgs/local_setup.zsh\n'}
[1.004962] (ranger_msgs) StdoutLine: {'line': b'-- Installing: /root/git/ranger_ros2/install/ranger_msgs/share/ranger_msgs/local_setup.dsv\n'}
[1.004981] (ranger_msgs) StdoutLine: {'line': b'-- Installing: /root/git/ranger_ros2/install/ranger_msgs/share/ranger_msgs/package.dsv\n'}
[1.004998] (ranger_msgs) StdoutLine: {'line': b'-- Up-to-date: /root/git/ranger_ros2/install/ranger_msgs/share/ament_index/resource_index/packages/ranger_msgs\n'}
[1.005018] (ranger_msgs) StdoutLine: {'line': b'-- Up-to-date: /root/git/ranger_ros2/install/ranger_msgs/share/ranger_msgs/cmake/export_ranger_msgs__rosidl_generator_cExport.cmake\n'}
[1.005038] (ranger_msgs) StdoutLine: {'line': b'-- Up-to-date: /root/git/ranger_ros2/install/ranger_msgs/share/ranger_msgs/cmake/export_ranger_msgs__rosidl_generator_cExport-release.cmake\n'}
[1.005083] (ranger_msgs) StdoutLine: {'line': b'-- Up-to-date: /root/git/ranger_ros2/install/ranger_msgs/share/ranger_msgs/cmake/export_ranger_msgs__rosidl_typesupport_fastrtps_cExport.cmake\n'}
[1.005100] (ranger_msgs) StdoutLine: {'line': b'-- Up-to-date: /root/git/ranger_ros2/install/ranger_msgs/share/ranger_msgs/cmake/export_ranger_msgs__rosidl_typesupport_fastrtps_cExport-release.cmake\n'}
[1.005118] (ranger_msgs) StdoutLine: {'line': b'-- Up-to-date: /root/git/ranger_ros2/install/ranger_msgs/share/ranger_msgs/cmake/export_ranger_msgs__rosidl_generator_cppExport.cmake\n'}
[1.005136] (ranger_msgs) StdoutLine: {'line': b'-- Up-to-date: /root/git/ranger_ros2/install/ranger_msgs/share/ranger_msgs/cmake/export_ranger_msgs__rosidl_typesupport_fastrtps_cppExport.cmake\n'}
[1.005153] (ranger_msgs) StdoutLine: {'line': b'-- Up-to-date: /root/git/ranger_ros2/install/ranger_msgs/share/ranger_msgs/cmake/export_ranger_msgs__rosidl_typesupport_fastrtps_cppExport-release.cmake\n'}
[1.005207] (ranger_msgs) StdoutLine: {'line': b'-- Up-to-date: /root/git/ranger_ros2/install/ranger_msgs/share/ranger_msgs/cmake/ranger_msgs__rosidl_typesupport_introspection_cExport.cmake\n'}
[1.005261] (ranger_msgs) StdoutLine: {'line': b'-- Up-to-date: /root/git/ranger_ros2/install/ranger_msgs/share/ranger_msgs/cmake/ranger_msgs__rosidl_typesupport_introspection_cExport-release.cmake\n'}
[1.005283] (ranger_msgs) StdoutLine: {'line': b'-- Up-to-date: /root/git/ranger_ros2/install/ranger_msgs/share/ranger_msgs/cmake/ranger_msgs__rosidl_typesupport_cExport.cmake\n'}
[1.005336] (ranger_msgs) StdoutLine: {'line': b'-- Up-to-date: /root/git/ranger_ros2/install/ranger_msgs/share/ranger_msgs/cmake/ranger_msgs__rosidl_typesupport_cExport-release.cmake\n'}
[1.005355] (ranger_msgs) StdoutLine: {'line': b'-- Up-to-date: /root/git/ranger_ros2/install/ranger_msgs/share/ranger_msgs/cmake/ranger_msgs__rosidl_typesupport_introspection_cppExport.cmake\n'}
[1.005374] (ranger_msgs) StdoutLine: {'line': b'-- Up-to-date: /root/git/ranger_ros2/install/ranger_msgs/share/ranger_msgs/cmake/ranger_msgs__rosidl_typesupport_introspection_cppExport-release.cmake\n'}
[1.005438] (ranger_msgs) StdoutLine: {'line': b'-- Up-to-date: /root/git/ranger_ros2/install/ranger_msgs/share/ranger_msgs/cmake/ranger_msgs__rosidl_typesupport_cppExport.cmake\n'}
[1.005501] (ranger_msgs) StdoutLine: {'line': b'-- Up-to-date: /root/git/ranger_ros2/install/ranger_msgs/share/ranger_msgs/cmake/ranger_msgs__rosidl_typesupport_cppExport-release.cmake\n'}
[1.005521] (ranger_msgs) StdoutLine: {'line': b'-- Up-to-date: /root/git/ranger_ros2/install/ranger_msgs/share/ranger_msgs/cmake/export_ranger_msgs__rosidl_generator_pyExport.cmake\n'}
[1.005540] (ranger_msgs) StdoutLine: {'line': b'-- Up-to-date: /root/git/ranger_ros2/install/ranger_msgs/share/ranger_msgs/cmake/export_ranger_msgs__rosidl_generator_pyExport-release.cmake\n'}
[1.005559] (ranger_msgs) StdoutLine: {'line': b'-- Up-to-date: /root/git/ranger_ros2/install/ranger_msgs/share/ranger_msgs/cmake/rosidl_cmake-extras.cmake\n'}
[1.005579] (ranger_msgs) StdoutLine: {'line': b'-- Up-to-date: /root/git/ranger_ros2/install/ranger_msgs/share/ranger_msgs/cmake/ament_cmake_export_dependencies-extras.cmake\n'}
[1.005598] (ranger_msgs) StdoutLine: {'line': b'-- Up-to-date: /root/git/ranger_ros2/install/ranger_msgs/share/ranger_msgs/cmake/ament_cmake_export_include_directories-extras.cmake\n'}
[1.005646] (ranger_msgs) StdoutLine: {'line': b'-- Up-to-date: /root/git/ranger_ros2/install/ranger_msgs/share/ranger_msgs/cmake/ament_cmake_export_libraries-extras.cmake\n'}
[1.005666] (ranger_msgs) StdoutLine: {'line': b'-- Up-to-date: /root/git/ranger_ros2/install/ranger_msgs/share/ranger_msgs/cmake/ament_cmake_export_targets-extras.cmake\n'}
[1.005684] (ranger_msgs) StdoutLine: {'line': b'-- Up-to-date: /root/git/ranger_ros2/install/ranger_msgs/share/ranger_msgs/cmake/rosidl_cmake_export_typesupport_targets-extras.cmake\n'}
[1.005702] (ranger_msgs) StdoutLine: {'line': b'-- Up-to-date: /root/git/ranger_ros2/install/ranger_msgs/share/ranger_msgs/cmake/rosidl_cmake_export_typesupport_libraries-extras.cmake\n'}
[1.005720] (ranger_msgs) StdoutLine: {'line': b'-- Up-to-date: /root/git/ranger_ros2/install/ranger_msgs/share/ranger_msgs/cmake/ranger_msgsConfig.cmake\n'}
[1.005737] (ranger_msgs) StdoutLine: {'line': b'-- Up-to-date: /root/git/ranger_ros2/install/ranger_msgs/share/ranger_msgs/cmake/ranger_msgsConfig-version.cmake\n'}
[1.005754] (ranger_msgs) StdoutLine: {'line': b'-- Up-to-date: /root/git/ranger_ros2/install/ranger_msgs/share/ranger_msgs/package.xml\n'}
[1.006696] (ranger_msgs) CommandEnded: {'returncode': 0}
[1.025079] (ranger_msgs) JobEnded: {'identifier': 'ranger_msgs', 'rc': 0}
[1.025659] (ranger_base) JobStarted: {'identifier': 'ranger_base'}
[1.032588] (ranger_base) JobProgress: {'identifier': 'ranger_base', 'progress': 'cmake'}
[1.033667] (ranger_base) Command: {'cmd': ['/usr/bin/cmake', '/root/git/ranger_ros2/ranger_base', '-DCMAKE_BUILD_TYPE=Release', '-DCMAKE_PREFIX_PATH=/tmp/ui', '-DCMAKE_INSTALL_PREFIX=/root/git/ranger_ros2/install/ranger_base'], 'cwd': '/root/git/ranger_ros2/build/ranger_base', 'env': OrderedDict([('HOSTNAME', 'cona-MS-7D96'), ('SHLVL', '1'), ('LD_LIBRARY_PATH', '/root/git/ranger_ros2/install/ranger_msgs/lib:/opt/ros/humble/opt/rviz_ogre_vendor/lib:/opt/ros/humble/lib/x86_64-linux-gnu:/opt/ros/humble/lib'), ('HOME', '/root'), ('OLDPWD', '/'), ('ROS_PYTHON_VERSION', '3'), ('ROS_DISTRO', 'humble'), ('_', '/usr/bin/colcon'), ('ROS_VERSION', '2'), ('FLIR_GENTL64_CTI', '/opt/spinnaker/lib/flir-gentl/FLIR_GenTL.cti'), ('ROS_LOCALHOST_ONLY', '0'), ('PATH', '/opt/ros/humble/bin:/opt/spinnaker/bin:/usr/local/sbin:/usr/local/bin:/usr/sbin:/usr/bin:/sbin:/bin'), ('DISPLAY', ':1'), ('LANG', 'C.UTF-8'), ('AMENT_PREFIX_PATH', '/root/git/ranger_ros2/install/ranger_msgs:/opt/ros/humble'), ('DEBIAN_FRONTEND', 'noninteractive'), ('PWD', '/root/git/ranger_ros2/build/ranger_base'), ('LC_ALL', 'C.UTF-8'), ('PYTHONPATH', '/root/git/ranger_ros2/install/ranger_msgs/local/lib/python3.10/dist-packages:/opt/ros/humble/lib/python3.10/site-packages:/opt/ros/humble/local/lib/python3.10/dist-packages'), ('TZ', 'Asia/Seoul'), ('COLCON', '1'), ('CMAKE_PREFIX_PATH', '/root/git/ranger_ros2/install/ranger_msgs:/opt/ros/humble')]), 'shell': False}
[1.047335] (ranger_base) StdoutLine: {'line': b'-- Found ament_cmake: 1.3.14 (/opt/ros/humble/share/ament_cmake/cmake)\n'}
[1.100637] (-) TimerEvent: {}
[1.130554] (ranger_base) StdoutLine: {'line': b'-- Found rclcpp: 16.0.19 (/opt/ros/humble/share/rclcpp/cmake)\n'}
[1.146046] (ranger_base) StdoutLine: {'line': b'-- Found rosidl_generator_c: 3.1.8 (/opt/ros/humble/share/rosidl_generator_c/cmake)\n'}
[1.147133] (ranger_base) StdoutLine: {'line': b'-- Found rosidl_adapter: 3.1.8 (/opt/ros/humble/share/rosidl_adapter/cmake)\n'}
[1.149896] (ranger_base) StdoutLine: {'line': b'-- Found rosidl_generator_cpp: 3.1.8 (/opt/ros/humble/share/rosidl_generator_cpp/cmake)\n'}
[1.154267] (ranger_base) StdoutLine: {'line': b'-- Using all available rosidl_typesupport_c: rosidl_typesupport_fastrtps_c;rosidl_typesupport_introspection_c\n'}
[1.159878] (ranger_base) StdoutLine: {'line': b'-- Using all available rosidl_typesupport_cpp: rosidl_typesupport_fastrtps_cpp;rosidl_typesupport_introspection_cpp\n'}
[1.179709] (ranger_base) StdoutLine: {'line': b'-- Found rmw_implementation_cmake: 6.1.2 (/opt/ros/humble/share/rmw_implementation_cmake/cmake)\n'}
[1.180902] (ranger_base) StdoutLine: {'line': b'-- Found rmw_fastrtps_cpp: 6.2.10 (/opt/ros/humble/share/rmw_fastrtps_cpp/cmake)\n'}
[1.200683] (-) TimerEvent: {}
[1.264454] (ranger_base) StdoutLine: {'line': b"-- Using RMW implementation 'rmw_fastrtps_cpp' as default\n"}
[1.298792] (ranger_base) StdoutLine: {'line': b'-- Found std_srvs: 4.9.1 (/opt/ros/humble/share/std_srvs/cmake)\n'}
[1.300738] (-) TimerEvent: {}
[1.304608] (ranger_base) StdoutLine: {'line': b'-- Found geometry_msgs: 4.9.1 (/opt/ros/humble/share/geometry_msgs/cmake)\n'}
[1.312287] (ranger_base) StdoutLine: {'line': b'-- Found nav_msgs: 4.9.1 (/opt/ros/humble/share/nav_msgs/cmake)\n'}
[1.321637] (ranger_base) StdoutLine: {'line': b'-- Found sensor_msgs: 4.9.1 (/opt/ros/humble/share/sensor_msgs/cmake)\n'}
[1.331406] (ranger_base) StdoutLine: {'line': b'-- Found tf2: 0.25.20 (/opt/ros/humble/share/tf2/cmake)\n'}
[1.334304] (ranger_base) StdoutLine: {'line': b'-- Found tf2_ros: 0.25.20 (/opt/ros/humble/share/tf2_ros/cmake)\n'}
[1.382553] (ranger_base) StdoutLine: {'line': b'-- Found ranger_msgs: 0.0.1 (/root/git/ranger_ros2/install/ranger_msgs/share/ranger_msgs/cmake)\n'}
[1.391534] (ranger_base) StdoutLine: {'line': b'-- Found tf2_geometry_msgs: 0.25.20 (/opt/ros/humble/share/tf2_geometry_msgs/cmake)\n'}
[1.394491] (ranger_base) StdoutLine: {'line': b'-- Found eigen3_cmake_module: 0.1.1 (/opt/ros/humble/share/eigen3_cmake_module/cmake)\n'}
[1.395401] (ranger_base) StdoutLine: {'line': b'-- Ensuring Eigen3 include directory is part of orocos-kdl CMake target\n'}
[1.397553] (ranger_base) StdoutLine: {'line': b'-- Found ament_lint_auto: 0.12.15 (/opt/ros/humble/share/ament_lint_auto/cmake)\n'}
[1.400796] (-) TimerEvent: {}
[1.430235] (ranger_base) StdoutLine: {'line': b"-- Added test 'copyright' to check source files copyright and LICENSE\n"}
[1.430686] (ranger_base) StdoutLine: {'line': b"-- Added test 'cppcheck' to perform static code analysis on C / C++ code\n"}
[1.430807] (ranger_base) StdoutLine: {'line': b'-- Configured cppcheck include dirs: /root/git/ranger_ros2/ranger_base/include\n'}
[1.430826] (ranger_base) StdoutLine: {'line': b'-- Configured cppcheck exclude dirs and/or files: \n'}
[1.431197] (ranger_base) StdoutLine: {'line': b"-- Added test 'cpplint' to check C / C++ code against the Google style\n"}
[1.431218] (ranger_base) StdoutLine: {'line': b'-- Configured cpplint exclude dirs and/or files: \n'}
[1.431347] (ranger_base) StdoutLine: {'line': b"-- Added test 'flake8' to check Python code syntax and style conventions\n"}
[1.431519] (ranger_base) StdoutLine: {'line': b"-- Added test 'lint_cmake' to check CMake code style\n"}
[1.431658] (ranger_base) StdoutLine: {'line': b"-- Added test 'pep257' to check Python code against some of the docstring style conventions in PEP 257\n"}
[1.432014] (ranger_base) StdoutLine: {'line': b"-- Added test 'uncrustify' to check C / C++ code style\n"}
[1.432035] (ranger_base) StdoutLine: {'line': b'-- Configured uncrustify additional arguments: \n'}
[1.432161] (ranger_base) StdoutLine: {'line': b"-- Added test 'xmllint' to check XML markup files\n"}
[1.432684] (ranger_base) StdoutLine: {'line': b'-- Configuring done\n'}
[1.440638] (ranger_base) StdoutLine: {'line': b'-- Generating done\n'}
[1.442923] (ranger_base) StdoutLine: {'line': b'-- Build files have been written to: /root/git/ranger_ros2/build/ranger_base\n'}
[1.446899] (ranger_base) CommandEnded: {'returncode': 0}
[1.447230] (ranger_base) JobProgress: {'identifier': 'ranger_base', 'progress': 'build'}
[1.447419] (ranger_base) Command: {'cmd': ['/usr/bin/cmake', '--build', '/root/git/ranger_ros2/build/ranger_base', '--', '-j24', '-l24'], 'cwd': '/root/git/ranger_ros2/build/ranger_base', 'env': OrderedDict([('HOSTNAME', 'cona-MS-7D96'), ('SHLVL', '1'), ('LD_LIBRARY_PATH', '/root/git/ranger_ros2/install/ranger_msgs/lib:/opt/ros/humble/opt/rviz_ogre_vendor/lib:/opt/ros/humble/lib/x86_64-linux-gnu:/opt/ros/humble/lib'), ('HOME', '/root'), ('OLDPWD', '/'), ('ROS_PYTHON_VERSION', '3'), ('ROS_DISTRO', 'humble'), ('_', '/usr/bin/colcon'), ('ROS_VERSION', '2'), ('FLIR_GENTL64_CTI', '/opt/spinnaker/lib/flir-gentl/FLIR_GenTL.cti'), ('ROS_LOCALHOST_ONLY', '0'), ('PATH', '/opt/ros/humble/bin:/opt/spinnaker/bin:/usr/local/sbin:/usr/local/bin:/usr/sbin:/usr/bin:/sbin:/bin'), ('DISPLAY', ':1'), ('LANG', 'C.UTF-8'), ('AMENT_PREFIX_PATH', '/root/git/ranger_ros2/install/ranger_msgs:/opt/ros/humble'), ('DEBIAN_FRONTEND', 'noninteractive'), ('PWD', '/root/git/ranger_ros2/build/ranger_base'), ('LC_ALL', 'C.UTF-8'), ('PYTHONPATH', '/root/git/ranger_ros2/install/ranger_msgs/local/lib/python3.10/dist-packages:/opt/ros/humble/lib/python3.10/site-packages:/opt/ros/humble/local/lib/python3.10/dist-packages'), ('TZ', 'Asia/Seoul'), ('COLCON', '1'), ('CMAKE_PREFIX_PATH', '/root/git/ranger_ros2/install/ranger_msgs:/opt/ros/humble')]), 'shell': False}
[1.485964] (ranger_base) StdoutLine: {'line': b'Consolidate compiler generated dependencies of target ranger_base_node\n'}
[1.500870] (-) TimerEvent: {}
[1.522409] (ranger_base) StdoutLine: {'line': b'[ 33%] Building CXX object CMakeFiles/ranger_base_node.dir/src/ranger_base_node.cpp.o\n'}
[1.557185] (ranger_base) StdoutLine: {'line': b'[ 66%] Building CXX object CMakeFiles/ranger_base_node.dir/src/ranger_messenger.cpp.o\n'}
[1.600963] (-) TimerEvent: {}
[1.701109] (-) TimerEvent: {}
[1.801229] (-) TimerEvent: {}
[1.901353] (-) TimerEvent: {}
[2.001494] (-) TimerEvent: {}
[2.101631] (-) TimerEvent: {}
[2.201765] (-) TimerEvent: {}
[2.301905] (-) TimerEvent: {}
[2.402044] (-) TimerEvent: {}
[2.502186] (-) TimerEvent: {}
[2.602325] (-) TimerEvent: {}
[2.702463] (-) TimerEvent: {}
[2.802597] (-) TimerEvent: {}
[2.902732] (-) TimerEvent: {}
[3.002875] (-) TimerEvent: {}
[3.103014] (-) TimerEvent: {}
[3.203151] (-) TimerEvent: {}
[3.303286] (-) TimerEvent: {}
[3.403429] (-) TimerEvent: {}
[3.503568] (-) TimerEvent: {}
[3.603705] (-) TimerEvent: {}
[3.703844] (-) TimerEvent: {}
[3.803981] (-) TimerEvent: {}
[3.904117] (-) TimerEvent: {}
[4.004259] (-) TimerEvent: {}
[4.104392] (-) TimerEvent: {}
[4.204527] (-) TimerEvent: {}
[4.304677] (-) TimerEvent: {}
[4.404820] (-) TimerEvent: {}
[4.474182] (ranger_base) StderrLine: {'line': b'In file included from /root/git/ranger_ros2/ranger_base/src/ranger_messenger.cpp:12:\n'}
[4.474288] (ranger_base) StderrLine: {'line': b'/root/git/ranger_ros2/ranger_base/include/ranger_base/kinematics_model.hpp: In member function \xe2\x80\x98void westonrobot::SpinningModel::operator()(const state_type&, westonrobot::SpinningModel::state_type&, double)\xe2\x80\x99:\n'}
[4.474317] (ranger_base) StderrLine: {'line': b'/root/git/ranger_ros2/ranger_base/include/ranger_base/kinematics_model.hpp:90:37: warning: unused parameter \xe2\x80\x98x\xe2\x80\x99 [-Wunused-parameter]\n'}
[4.474342] (ranger_base) StderrLine: {'line': b'   90 |   void operator()(const state_type& x, state_type& xd, double) {\n'}
[4.474362] (ranger_base) StderrLine: {'line': b'      |                   ~~~~~~~~~~~~~~~~~~^\n'}
[4.504891] (-) TimerEvent: {}
[4.605044] (-) TimerEvent: {}
[4.705197] (-) TimerEvent: {}
[4.805307] (-) TimerEvent: {}
[4.905421] (-) TimerEvent: {}
[5.005550] (-) TimerEvent: {}
[5.105689] (-) TimerEvent: {}
[5.205822] (-) TimerEvent: {}
[5.305942] (-) TimerEvent: {}
[5.406045] (-) TimerEvent: {}
[5.506170] (-) TimerEvent: {}
[5.606305] (-) TimerEvent: {}
[5.706438] (-) TimerEvent: {}
[5.806580] (-) TimerEvent: {}
[5.906723] (-) TimerEvent: {}
[6.006864] (-) TimerEvent: {}
[6.107001] (-) TimerEvent: {}
[6.207138] (-) TimerEvent: {}
[6.307255] (-) TimerEvent: {}
[6.407351] (-) TimerEvent: {}
[6.507435] (-) TimerEvent: {}
[6.607510] (-) TimerEvent: {}
[6.707592] (-) TimerEvent: {}
[6.807676] (-) TimerEvent: {}
[6.907781] (-) TimerEvent: {}
[7.007892] (-) TimerEvent: {}
[7.108031] (-) TimerEvent: {}
[7.208171] (-) TimerEvent: {}
[7.308301] (-) TimerEvent: {}
[7.408443] (-) TimerEvent: {}
[7.508571] (-) TimerEvent: {}
[7.608707] (-) TimerEvent: {}
[7.708845] (-) TimerEvent: {}
[7.808969] (-) TimerEvent: {}
[7.909094] (-) TimerEvent: {}
[8.009222] (-) TimerEvent: {}
[8.109349] (-) TimerEvent: {}
[8.209454] (-) TimerEvent: {}
[8.309544] (-) TimerEvent: {}
[8.409622] (-) TimerEvent: {}
[8.509703] (-) TimerEvent: {}
[8.609788] (-) TimerEvent: {}
[8.709870] (-) TimerEvent: {}
[8.809946] (-) TimerEvent: {}
[8.910047] (-) TimerEvent: {}
[9.010181] (-) TimerEvent: {}
[9.110325] (-) TimerEvent: {}
[9.210455] (-) TimerEvent: {}
[9.310586] (-) TimerEvent: {}
[9.410760] (-) TimerEvent: {}
[9.510935] (-) TimerEvent: {}
[9.611072] (-) TimerEvent: {}
[9.711203] (-) TimerEvent: {}
[9.811330] (-) TimerEvent: {}
[9.911457] (-) TimerEvent: {}
[10.011586] (-) TimerEvent: {}
[10.111714] (-) TimerEvent: {}
[10.211842] (-) TimerEvent: {}
[10.312003] (-) TimerEvent: {}
[10.412145] (-) TimerEvent: {}
[10.512280] (-) TimerEvent: {}
[10.537801] (ranger_base) StdoutLine: {'line': b'[100%] Linking CXX executable ranger_base_node\n'}
[10.612363] (-) TimerEvent: {}
[10.694590] (ranger_base) StdoutLine: {'line': b'[100%] Built target ranger_base_node\n'}
[10.701717] (ranger_base) CommandEnded: {'returncode': 0}
[10.702064] (ranger_base) JobProgress: {'identifier': 'ranger_base', 'progress': 'install'}
[10.702248] (ranger_base) Command: {'cmd': ['/usr/bin/cmake', '--install', '/root/git/ranger_ros2/build/ranger_base'], 'cwd': '/root/git/ranger_ros2/build/ranger_base', 'env': OrderedDict([('HOSTNAME', 'cona-MS-7D96'), ('SHLVL', '1'), ('LD_LIBRARY_PATH', '/root/git/ranger_ros2/install/ranger_msgs/lib:/opt/ros/humble/opt/rviz_ogre_vendor/lib:/opt/ros/humble/lib/x86_64-linux-gnu:/opt/ros/humble/lib'), ('HOME', '/root'), ('OLDPWD', '/'), ('ROS_PYTHON_VERSION', '3'), ('ROS_DISTRO', 'humble'), ('_', '/usr/bin/colcon'), ('ROS_VERSION', '2'), ('FLIR_GENTL64_CTI', '/opt/spinnaker/lib/flir-gentl/FLIR_GenTL.cti'), ('ROS_LOCALHOST_ONLY', '0'), ('PATH', '/opt/ros/humble/bin:/opt/spinnaker/bin:/usr/local/sbin:/usr/local/bin:/usr/sbin:/usr/bin:/sbin:/bin'), ('DISPLAY', ':1'), ('LANG', 'C.UTF-8'), ('AMENT_PREFIX_PATH', '/root/git/ranger_ros2/install/ranger_msgs:/opt/ros/humble'), ('DEBIAN_FRONTEND', 'noninteractive'), ('PWD', '/root/git/ranger_ros2/build/ranger_base'), ('LC_ALL', 'C.UTF-8'), ('PYTHONPATH', '/root/git/ranger_ros2/install/ranger_msgs/local/lib/python3.10/dist-packages:/opt/ros/humble/lib/python3.10/site-packages:/opt/ros/humble/local/lib/python3.10/dist-packages'), ('TZ', 'Asia/Seoul'), ('COLCON', '1'), ('CMAKE_PREFIX_PATH', '/root/git/ranger_ros2/install/ranger_msgs:/opt/ros/humble')]), 'shell': False}
[10.706497] (ranger_base) StdoutLine: {'line': b'-- Install configuration: "Release"\n'}
[10.706808] (ranger_base) StdoutLine: {'line': b'-- Installing: /root/git/ranger_ros2/install/ranger_base/lib/ranger_base/ranger_base_node\n'}
[10.707603] (ranger_base) StdoutLine: {'line': b'-- Set runtime path of "/root/git/ranger_ros2/install/ranger_base/lib/ranger_base/ranger_base_node" to ""\n'}
[10.707719] (ranger_base) StdoutLine: {'line': b'-- Up-to-date: /root/git/ranger_ros2/install/ranger_base/share/ranger_base//launch\n'}
[10.707749] (ranger_base) StdoutLine: {'line': b'-- Up-to-date: /root/git/ranger_ros2/install/ranger_base/share/ranger_base//launch/ranger_mini_v3.launch.py\n'}
[10.707781] (ranger_base) StdoutLine: {'line': b'-- Up-to-date: /root/git/ranger_ros2/install/ranger_base/share/ranger_base//launch/ranger_mini_v1.launch.py\n'}
[10.707810] (ranger_base) StdoutLine: {'line': b'-- Up-to-date: /root/git/ranger_ros2/install/ranger_base/share/ranger_base//launch/ranger.launch.py\n'}
[10.707838] (ranger_base) StdoutLine: {'line': b'-- Up-to-date: /root/git/ranger_ros2/install/ranger_base/share/ranger_base//launch/include\n'}
[10.707938] (ranger_base) StdoutLine: {'line': b'-- Up-to-date: /root/git/ranger_ros2/install/ranger_base/share/ranger_base//launch/include/ranger_robot_base.launch.xml\n'}
[10.707968] (ranger_base) StdoutLine: {'line': b'-- Up-to-date: /root/git/ranger_ros2/install/ranger_base/share/ranger_base//launch/ranger_mini_v2.launch.py\n'}
[10.707995] (ranger_base) StdoutLine: {'line': b'-- Installing: /root/git/ranger_ros2/install/ranger_base/share/ament_index/resource_index/package_run_dependencies/ranger_base\n'}
[10.708024] (ranger_base) StdoutLine: {'line': b'-- Up-to-date: /root/git/ranger_ros2/install/ranger_base/share/ament_index/resource_index/parent_prefix_path/ranger_base\n'}
[10.708051] (ranger_base) StdoutLine: {'line': b'-- Up-to-date: /root/git/ranger_ros2/install/ranger_base/share/ranger_base/environment/ament_prefix_path.sh\n'}
[10.708113] (ranger_base) StdoutLine: {'line': b'-- Installing: /root/git/ranger_ros2/install/ranger_base/share/ranger_base/environment/ament_prefix_path.dsv\n'}
[10.708140] (ranger_base) StdoutLine: {'line': b'-- Up-to-date: /root/git/ranger_ros2/install/ranger_base/share/ranger_base/environment/path.sh\n'}
[10.708168] (ranger_base) StdoutLine: {'line': b'-- Installing: /root/git/ranger_ros2/install/ranger_base/share/ranger_base/environment/path.dsv\n'}
[10.708228] (ranger_base) StdoutLine: {'line': b'-- Up-to-date: /root/git/ranger_ros2/install/ranger_base/share/ranger_base/local_setup.bash\n'}
[10.708255] (ranger_base) StdoutLine: {'line': b'-- Up-to-date: /root/git/ranger_ros2/install/ranger_base/share/ranger_base/local_setup.sh\n'}
[10.708281] (ranger_base) StdoutLine: {'line': b'-- Up-to-date: /root/git/ranger_ros2/install/ranger_base/share/ranger_base/local_setup.zsh\n'}
[10.708306] (ranger_base) StdoutLine: {'line': b'-- Installing: /root/git/ranger_ros2/install/ranger_base/share/ranger_base/local_setup.dsv\n'}
[10.708332] (ranger_base) StdoutLine: {'line': b'-- Installing: /root/git/ranger_ros2/install/ranger_base/share/ranger_base/package.dsv\n'}
[10.708359] (ranger_base) StdoutLine: {'line': b'-- Up-to-date: /root/git/ranger_ros2/install/ranger_base/share/ament_index/resource_index/packages/ranger_base\n'}
[10.708385] (ranger_base) StdoutLine: {'line': b'-- Up-to-date: /root/git/ranger_ros2/install/ranger_base/share/ranger_base/cmake/ranger_baseConfig.cmake\n'}
[10.708410] (ranger_base) StdoutLine: {'line': b'-- Up-to-date: /root/git/ranger_ros2/install/ranger_base/share/ranger_base/cmake/ranger_baseConfig-version.cmake\n'}
[10.708438] (ranger_base) StdoutLine: {'line': b'-- Installing: /root/git/ranger_ros2/install/ranger_base/share/ranger_base/package.xml\n'}
[10.709196] (ranger_base) CommandEnded: {'returncode': 0}
[10.712432] (-) TimerEvent: {}
[10.717934] (ranger_base) JobEnded: {'identifier': 'ranger_base', 'rc': 0}
[10.718178] (-) EventReactorShutdown: {}
