[0.005s] Invoking command in '/root/git/ranger_ros2/build/ranger_base': AMENT_PREFIX_PATH=/root/git/ranger_ros2/install/ranger_msgs:${AMENT_PREFIX_PATH} CMAKE_PREFIX_PATH=/root/git/ranger_ros2/install/ranger_msgs:/opt/ros/humble LD_LIBRARY_PATH=/root/git/ranger_ros2/install/ranger_msgs/lib:${LD_LIBRARY_PATH} PYTHONPATH=/root/git/ranger_ros2/install/ranger_msgs/local/lib/python3.10/dist-packages:${PYTHONPATH} /usr/bin/cmake /root/git/ranger_ros2/ranger_base -DCMAKE_BUILD_TYPE=Release -DCMAKE_PREFIX_PATH=/tmp/ugv_install -DCMAKE_INSTALL_PREFIX=/root/git/ranger_ros2/install/ranger_base
[0.013s] -- Found ament_cmake: 1.3.14 (/opt/ros/humble/share/ament_cmake/cmake)
[0.097s] -- Found rclcpp: 16.0.19 (/opt/ros/humble/share/rclcpp/cmake)
[0.111s] -- Found rosidl_generator_c: 3.1.8 (/opt/ros/humble/share/rosidl_generator_c/cmake)
[0.112s] -- Found rosidl_adapter: 3.1.8 (/opt/ros/humble/share/rosidl_adapter/cmake)
[0.115s] -- Found rosidl_generator_cpp: 3.1.8 (/opt/ros/humble/share/rosidl_generator_cpp/cmake)
[0.120s] -- Using all available rosidl_typesupport_c: rosidl_typesupport_fastrtps_c;rosidl_typesupport_introspection_c
[0.125s] -- Using all available rosidl_typesupport_cpp: rosidl_typesupport_fastrtps_cpp;rosidl_typesupport_introspection_cpp
[0.142s] -- Found rmw_implementation_cmake: 6.1.2 (/opt/ros/humble/share/rmw_implementation_cmake/cmake)
[0.142s] -- Found rmw_fastrtps_cpp: 6.2.10 (/opt/ros/humble/share/rmw_fastrtps_cpp/cmake)
[0.205s] -- Using RMW implementation 'rmw_fastrtps_cpp' as default
[0.231s] -- Found geometry_msgs: 4.9.1 (/opt/ros/humble/share/geometry_msgs/cmake)
[0.237s] -- Found nav_msgs: 4.9.1 (/opt/ros/humble/share/nav_msgs/cmake)
[0.245s] -- Found sensor_msgs: 4.9.1 (/opt/ros/humble/share/sensor_msgs/cmake)
[0.252s] -- Found tf2: 0.25.20 (/opt/ros/humble/share/tf2/cmake)
[0.254s] -- Found tf2_ros: 0.25.20 (/opt/ros/humble/share/tf2_ros/cmake)
[0.290s] -- Found ranger_msgs: 0.0.1 (/root/git/ranger_ros2/install/ranger_msgs/share/ranger_msgs/cmake)
[0.307s] -- Found tf2_geometry_msgs: 0.25.20 (/opt/ros/humble/share/tf2_geometry_msgs/cmake)
[0.317s] -- Found eigen3_cmake_module: 0.1.1 (/opt/ros/humble/share/eigen3_cmake_module/cmake)
[0.317s] -- Found Eigen3: TRUE (found version "3.4.0") 
[0.318s] -- Ensuring Eigen3 include directory is part of orocos-kdl CMake target
[0.320s] -- Found ament_lint_auto: 0.12.15 (/opt/ros/humble/share/ament_lint_auto/cmake)
[0.363s] -- Added test 'copyright' to check source files copyright and LICENSE
[0.364s] -- Added test 'cppcheck' to perform static code analysis on C / C++ code
[0.364s] -- Configured cppcheck include dirs: /root/git/ranger_ros2/ranger_base/include
[0.364s] -- Configured cppcheck exclude dirs and/or files: 
[0.364s] -- Added test 'cpplint' to check C / C++ code against the Google style
[0.364s] -- Configured cpplint exclude dirs and/or files: 
[0.364s] -- Added test 'flake8' to check Python code syntax and style conventions
[0.365s] -- Added test 'lint_cmake' to check CMake code style
[0.365s] -- Added test 'pep257' to check Python code against some of the docstring style conventions in PEP 257
[0.365s] -- Added test 'uncrustify' to check C / C++ code style
[0.365s] -- Configured uncrustify additional arguments: 
[0.366s] -- Added test 'xmllint' to check XML markup files
[0.366s] -- Configuring done
[0.372s] -- Generating done
[0.374s] -- Build files have been written to: /root/git/ranger_ros2/build/ranger_base
[0.378s] Invoked command in '/root/git/ranger_ros2/build/ranger_base' returned '0': AMENT_PREFIX_PATH=/root/git/ranger_ros2/install/ranger_msgs:${AMENT_PREFIX_PATH} CMAKE_PREFIX_PATH=/root/git/ranger_ros2/install/ranger_msgs:/opt/ros/humble LD_LIBRARY_PATH=/root/git/ranger_ros2/install/ranger_msgs/lib:${LD_LIBRARY_PATH} PYTHONPATH=/root/git/ranger_ros2/install/ranger_msgs/local/lib/python3.10/dist-packages:${PYTHONPATH} /usr/bin/cmake /root/git/ranger_ros2/ranger_base -DCMAKE_BUILD_TYPE=Release -DCMAKE_PREFIX_PATH=/tmp/ugv_install -DCMAKE_INSTALL_PREFIX=/root/git/ranger_ros2/install/ranger_base
[0.379s] Invoking command in '/root/git/ranger_ros2/build/ranger_base': AMENT_PREFIX_PATH=/root/git/ranger_ros2/install/ranger_msgs:${AMENT_PREFIX_PATH} CMAKE_PREFIX_PATH=/root/git/ranger_ros2/install/ranger_msgs:/opt/ros/humble LD_LIBRARY_PATH=/root/git/ranger_ros2/install/ranger_msgs/lib:${LD_LIBRARY_PATH} PYTHONPATH=/root/git/ranger_ros2/install/ranger_msgs/local/lib/python3.10/dist-packages:${PYTHONPATH} /usr/bin/cmake --build /root/git/ranger_ros2/build/ranger_base -- -j24 -l24
[0.428s] [ 33%] Building CXX object CMakeFiles/ranger_base_node.dir/src/ranger_messenger.cpp.o
[0.429s] [ 66%] Building CXX object CMakeFiles/ranger_base_node.dir/src/ranger_base_node.cpp.o
[3.210s] In file included from /root/git/ranger_ros2/ranger_base/src/ranger_messenger.cpp:12:
[3.210s] /root/git/ranger_ros2/ranger_base/include/ranger_base/kinematics_model.hpp: In member function ‘void westonrobot::SpinningModel::operator()(const state_type&, westonrobot::SpinningModel::state_type&, double)’:
[3.210s] /root/git/ranger_ros2/ranger_base/include/ranger_base/kinematics_model.hpp:90:37: warning: unused parameter ‘x’ [-Wunused-parameter]
[3.210s]    90 |   void operator()(const state_type& x, state_type& xd, double) {
[3.210s]       |                   ~~~~~~~~~~~~~~~~~~^
[8.941s] [100%] Linking CXX executable ranger_base_node
[9.050s] [100%] Built target ranger_base_node
[9.060s] Invoked command in '/root/git/ranger_ros2/build/ranger_base' returned '0': AMENT_PREFIX_PATH=/root/git/ranger_ros2/install/ranger_msgs:${AMENT_PREFIX_PATH} CMAKE_PREFIX_PATH=/root/git/ranger_ros2/install/ranger_msgs:/opt/ros/humble LD_LIBRARY_PATH=/root/git/ranger_ros2/install/ranger_msgs/lib:${LD_LIBRARY_PATH} PYTHONPATH=/root/git/ranger_ros2/install/ranger_msgs/local/lib/python3.10/dist-packages:${PYTHONPATH} /usr/bin/cmake --build /root/git/ranger_ros2/build/ranger_base -- -j24 -l24
[9.060s] Invoking command in '/root/git/ranger_ros2/build/ranger_base': AMENT_PREFIX_PATH=/root/git/ranger_ros2/install/ranger_msgs:${AMENT_PREFIX_PATH} CMAKE_PREFIX_PATH=/root/git/ranger_ros2/install/ranger_msgs:/opt/ros/humble LD_LIBRARY_PATH=/root/git/ranger_ros2/install/ranger_msgs/lib:${LD_LIBRARY_PATH} PYTHONPATH=/root/git/ranger_ros2/install/ranger_msgs/local/lib/python3.10/dist-packages:${PYTHONPATH} /usr/bin/cmake --install /root/git/ranger_ros2/build/ranger_base
[9.068s] -- Install configuration: "Release"
[9.068s] -- Installing: /root/git/ranger_ros2/install/ranger_base/lib/ranger_base/ranger_base_node
[9.069s] -- Set runtime path of "/root/git/ranger_ros2/install/ranger_base/lib/ranger_base/ranger_base_node" to ""
[9.069s] -- Installing: /root/git/ranger_ros2/install/ranger_base/share/ranger_base//launch
[9.069s] -- Installing: /root/git/ranger_ros2/install/ranger_base/share/ranger_base//launch/ranger_mini_v3.launch.py
[9.069s] -- Installing: /root/git/ranger_ros2/install/ranger_base/share/ranger_base//launch/ranger_mini_v1.launch.py
[9.069s] -- Installing: /root/git/ranger_ros2/install/ranger_base/share/ranger_base//launch/ranger.launch.py
[9.069s] -- Installing: /root/git/ranger_ros2/install/ranger_base/share/ranger_base//launch/include
[9.069s] -- Installing: /root/git/ranger_ros2/install/ranger_base/share/ranger_base//launch/include/ranger_robot_base.launch.xml
[9.069s] -- Installing: /root/git/ranger_ros2/install/ranger_base/share/ranger_base//launch/ranger_mini_v2.launch.py
[9.069s] -- Installing: /root/git/ranger_ros2/install/ranger_base/share/ament_index/resource_index/package_run_dependencies/ranger_base
[9.069s] -- Installing: /root/git/ranger_ros2/install/ranger_base/share/ament_index/resource_index/parent_prefix_path/ranger_base
[9.069s] -- Installing: /root/git/ranger_ros2/install/ranger_base/share/ranger_base/environment/ament_prefix_path.sh
[9.069s] -- Installing: /root/git/ranger_ros2/install/ranger_base/share/ranger_base/environment/ament_prefix_path.dsv
[9.069s] -- Installing: /root/git/ranger_ros2/install/ranger_base/share/ranger_base/environment/path.sh
[9.070s] -- Installing: /root/git/ranger_ros2/install/ranger_base/share/ranger_base/environment/path.dsv
[9.070s] -- Installing: /root/git/ranger_ros2/install/ranger_base/share/ranger_base/local_setup.bash
[9.070s] -- Installing: /root/git/ranger_ros2/install/ranger_base/share/ranger_base/local_setup.sh
[9.070s] -- Installing: /root/git/ranger_ros2/install/ranger_base/share/ranger_base/local_setup.zsh
[9.070s] -- Installing: /root/git/ranger_ros2/install/ranger_base/share/ranger_base/local_setup.dsv
[9.070s] -- Installing: /root/git/ranger_ros2/install/ranger_base/share/ranger_base/package.dsv
[9.070s] -- Installing: /root/git/ranger_ros2/install/ranger_base/share/ament_index/resource_index/packages/ranger_base
[9.070s] -- Installing: /root/git/ranger_ros2/install/ranger_base/share/ranger_base/cmake/ranger_baseConfig.cmake
[9.070s] -- Installing: /root/git/ranger_ros2/install/ranger_base/share/ranger_base/cmake/ranger_baseConfig-version.cmake
[9.070s] -- Installing: /root/git/ranger_ros2/install/ranger_base/share/ranger_base/package.xml
[9.071s] Invoked command in '/root/git/ranger_ros2/build/ranger_base' returned '0': AMENT_PREFIX_PATH=/root/git/ranger_ros2/install/ranger_msgs:${AMENT_PREFIX_PATH} CMAKE_PREFIX_PATH=/root/git/ranger_ros2/install/ranger_msgs:/opt/ros/humble LD_LIBRARY_PATH=/root/git/ranger_ros2/install/ranger_msgs/lib:${LD_LIBRARY_PATH} PYTHONPATH=/root/git/ranger_ros2/install/ranger_msgs/local/lib/python3.10/dist-packages:${PYTHONPATH} /usr/bin/cmake --install /root/git/ranger_ros2/build/ranger_base
