[0.005s] Invoking command in '/root/git/ranger_ros2/build/ranger_msgs': CMAKE_PREFIX_PATH=/opt/ros/humble /usr/bin/cmake /root/git/ranger_ros2/ranger_msgs -DCMAKE_BUILD_TYPE=Release -DCMAKE_PREFIX_PATH=/tmp/ugv_install -DCMAKE_INSTALL_PREFIX=/root/git/ranger_ros2/install/ranger_msgs
[0.014s] -- Found ament_cmake: 1.3.14 (/opt/ros/humble/share/ament_cmake/cmake)
[0.091s] -- Found builtin_interfaces: 1.2.2 (/opt/ros/humble/share/builtin_interfaces/cmake)
[0.103s] -- Found rosidl_generator_c: 3.1.8 (/opt/ros/humble/share/rosidl_generator_c/cmake)
[0.104s] -- Found rosidl_adapter: 3.1.8 (/opt/ros/humble/share/rosidl_adapter/cmake)
[0.107s] -- Found rosidl_generator_cpp: 3.1.8 (/opt/ros/humble/share/rosidl_generator_cpp/cmake)
[0.111s] -- Using all available rosidl_typesupport_c: rosidl_typesupport_fastrtps_c;rosidl_typesupport_introspection_c
[0.117s] -- Using all available rosidl_typesupport_cpp: rosidl_typesupport_fastrtps_cpp;rosidl_typesupport_introspection_cpp
[0.122s] -- Found rosidl_default_generators: 1.2.1 (/opt/ros/humble/share/rosidl_default_generators/cmake)
[0.126s] -- Found std_msgs: 4.9.1 (/opt/ros/humble/share/std_msgs/cmake)
[0.287s] -- Found ament_cmake_ros: 0.10.0 (/opt/ros/humble/share/ament_cmake_ros/cmake)
[0.525s] -- Using all available rosidl_typesupport_c: rosidl_typesupport_fastrtps_c;rosidl_typesupport_introspection_c
[0.622s] -- Using all available rosidl_typesupport_cpp: rosidl_typesupport_fastrtps_cpp;rosidl_typesupport_introspection_cpp
[0.636s] -- Found python_cmake_module: 0.10.0 (/opt/ros/humble/share/python_cmake_module/cmake)
[0.655s] -- Using PYTHON_EXECUTABLE: /usr/bin/python3
[0.655s] -- Using PYTHON_INCLUDE_DIRS: /usr/include/python3.10
[0.655s] -- Using PYTHON_LIBRARIES: /usr/lib/x86_64-linux-gnu/libpython3.10.so
[0.716s] -- Found ament_lint_auto: 0.12.15 (/opt/ros/humble/share/ament_lint_auto/cmake)
[0.725s] -- Added test 'copyright' to check source files copyright and LICENSE
[0.726s] -- Added test 'lint_cmake' to check CMake code style
[0.727s] -- Added test 'xmllint' to check XML markup files
[0.728s] -- Configuring done
[0.749s] -- Generating done
[0.754s] -- Build files have been written to: /root/git/ranger_ros2/build/ranger_msgs
[0.758s] Invoked command in '/root/git/ranger_ros2/build/ranger_msgs' returned '0': CMAKE_PREFIX_PATH=/opt/ros/humble /usr/bin/cmake /root/git/ranger_ros2/ranger_msgs -DCMAKE_BUILD_TYPE=Release -DCMAKE_PREFIX_PATH=/tmp/ugv_install -DCMAKE_INSTALL_PREFIX=/root/git/ranger_ros2/install/ranger_msgs
[0.759s] Invoking command in '/root/git/ranger_ros2/build/ranger_msgs': CMAKE_PREFIX_PATH=/opt/ros/humble /usr/bin/cmake --build /root/git/ranger_ros2/build/ranger_msgs -- -j24 -l24
[0.790s] Consolidate compiler generated dependencies of target ranger_msgs__rosidl_generator_c
[0.799s] [  4%] Built target ranger_msgs__rs
[0.799s] [ 12%] Built target ranger_msgs__rosidl_generator_c
[0.800s] [ 13%] Built target ranger_msgs__cpp
[0.807s] [ 13%] Built target ament_cmake_python_copy_ranger_msgs
[0.809s] Consolidate compiler generated dependencies of target ranger_msgs__rosidl_typesupport_fastrtps_c
[0.810s] Consolidate compiler generated dependencies of target ranger_msgs__rosidl_typesupport_cpp
[0.810s] Consolidate compiler generated dependencies of target ranger_msgs__rosidl_typesupport_fastrtps_cpp
[0.810s] Consolidate compiler generated dependencies of target ranger_msgs__rosidl_typesupport_c
[0.811s] Consolidate compiler generated dependencies of target ranger_msgs__rosidl_typesupport_introspection_c
[0.811s] Consolidate compiler generated dependencies of target ranger_msgs__rosidl_typesupport_introspection_cpp
[0.817s] [ 25%] Built target ranger_msgs__rosidl_typesupport_fastrtps_c
[0.818s] [ 36%] Built target ranger_msgs__rosidl_typesupport_fastrtps_cpp
[0.820s] [ 47%] Built target ranger_msgs__rosidl_typesupport_cpp
[0.821s] [ 58%] Built target ranger_msgs__rosidl_typesupport_introspection_c
[0.821s] [ 69%] Built target ranger_msgs__rosidl_typesupport_c
[0.821s] [ 80%] Built target ranger_msgs__rosidl_typesupport_introspection_cpp
[0.833s] [ 80%] Built target ranger_msgs
[0.844s] [ 81%] Built target ranger_msgs__py
[0.850s] Consolidate compiler generated dependencies of target ranger_msgs__rosidl_generator_py
[0.857s] [ 91%] Built target ranger_msgs__rosidl_generator_py
[0.863s] Consolidate compiler generated dependencies of target ranger_msgs__rosidl_typesupport_fastrtps_c__pyext
[0.865s] Consolidate compiler generated dependencies of target ranger_msgs__rosidl_typesupport_introspection_c__pyext
[0.865s] Consolidate compiler generated dependencies of target ranger_msgs__rosidl_typesupport_c__pyext
[0.870s] [ 94%] Built target ranger_msgs__rosidl_typesupport_fastrtps_c__pyext
[0.871s] [ 97%] Built target ranger_msgs__rosidl_typesupport_introspection_c__pyext
[0.872s] [100%] Built target ranger_msgs__rosidl_typesupport_c__pyext
[0.911s] running egg_info
[0.912s] writing ranger_msgs.egg-info/PKG-INFO
[0.912s] writing dependency_links to ranger_msgs.egg-info/dependency_links.txt
[0.912s] writing top-level names to ranger_msgs.egg-info/top_level.txt
[0.913s] reading manifest file 'ranger_msgs.egg-info/SOURCES.txt'
[0.913s] writing manifest file 'ranger_msgs.egg-info/SOURCES.txt'
[0.926s] [100%] Built target ament_cmake_python_build_ranger_msgs_egg
[0.933s] Invoked command in '/root/git/ranger_ros2/build/ranger_msgs' returned '0': CMAKE_PREFIX_PATH=/opt/ros/humble /usr/bin/cmake --build /root/git/ranger_ros2/build/ranger_msgs -- -j24 -l24
[0.939s] Invoking command in '/root/git/ranger_ros2/build/ranger_msgs': CMAKE_PREFIX_PATH=/opt/ros/humble /usr/bin/cmake --install /root/git/ranger_ros2/build/ranger_msgs
[0.945s] -- Install configuration: "Release"
[0.946s] -- Up-to-date: /root/git/ranger_ros2/install/ranger_msgs/share/ament_index/resource_index/rosidl_interfaces/ranger_msgs
[0.946s] -- Up-to-date: /root/git/ranger_ros2/install/ranger_msgs/include/ranger_msgs/ranger_msgs
[0.946s] -- Up-to-date: /root/git/ranger_ros2/install/ranger_msgs/include/ranger_msgs/ranger_msgs/msg
[0.946s] -- Up-to-date: /root/git/ranger_ros2/install/ranger_msgs/include/ranger_msgs/ranger_msgs/msg/system_state.h
[0.946s] -- Up-to-date: /root/git/ranger_ros2/install/ranger_msgs/include/ranger_msgs/ranger_msgs/msg/actuator_state_array.h
[0.946s] -- Up-to-date: /root/git/ranger_ros2/install/ranger_msgs/include/ranger_msgs/ranger_msgs/msg/rosidl_generator_c__visibility_control.h
[0.946s] -- Up-to-date: /root/git/ranger_ros2/install/ranger_msgs/include/ranger_msgs/ranger_msgs/msg/detail
[0.946s] -- Up-to-date: /root/git/ranger_ros2/install/ranger_msgs/include/ranger_msgs/ranger_msgs/msg/detail/driver_state__functions.c
[0.946s] -- Up-to-date: /root/git/ranger_ros2/install/ranger_msgs/include/ranger_msgs/ranger_msgs/msg/detail/actuator_state__struct.h
[0.947s] -- Up-to-date: /root/git/ranger_ros2/install/ranger_msgs/include/ranger_msgs/ranger_msgs/msg/detail/system_state__functions.c
[0.947s] -- Up-to-date: /root/git/ranger_ros2/install/ranger_msgs/include/ranger_msgs/ranger_msgs/msg/detail/motor_state__struct.h
[0.948s] -- Up-to-date: /root/git/ranger_ros2/install/ranger_msgs/include/ranger_msgs/ranger_msgs/msg/detail/actuator_state__functions.h
[0.948s] -- Up-to-date: /root/git/ranger_ros2/install/ranger_msgs/include/ranger_msgs/ranger_msgs/msg/detail/system_state__struct.h
[0.948s] -- Up-to-date: /root/git/ranger_ros2/install/ranger_msgs/include/ranger_msgs/ranger_msgs/msg/detail/motor_state__functions.c
[0.948s] -- Up-to-date: /root/git/ranger_ros2/install/ranger_msgs/include/ranger_msgs/ranger_msgs/msg/detail/actuator_state__functions.c
[0.948s] -- Up-to-date: /root/git/ranger_ros2/install/ranger_msgs/include/ranger_msgs/ranger_msgs/msg/detail/driver_state__functions.h
[0.948s] -- Up-to-date: /root/git/ranger_ros2/install/ranger_msgs/include/ranger_msgs/ranger_msgs/msg/detail/motion_state__struct.h
[0.949s] -- Up-to-date: /root/git/ranger_ros2/install/ranger_msgs/include/ranger_msgs/ranger_msgs/msg/detail/actuator_state_array__struct.h
[0.949s] -- Up-to-date: /root/git/ranger_ros2/install/ranger_msgs/include/ranger_msgs/ranger_msgs/msg/detail/motion_state__type_support.h
[0.949s] -- Up-to-date: /root/git/ranger_ros2/install/ranger_msgs/include/ranger_msgs/ranger_msgs/msg/detail/actuator_state_array__functions.h
[0.949s] -- Up-to-date: /root/git/ranger_ros2/install/ranger_msgs/include/ranger_msgs/ranger_msgs/msg/detail/driver_state__type_support.h
[0.949s] -- Up-to-date: /root/git/ranger_ros2/install/ranger_msgs/include/ranger_msgs/ranger_msgs/msg/detail/motor_state__type_support.h
[0.949s] -- Up-to-date: /root/git/ranger_ros2/install/ranger_msgs/include/ranger_msgs/ranger_msgs/msg/detail/motion_state__functions.h
[0.949s] -- Up-to-date: /root/git/ranger_ros2/install/ranger_msgs/include/ranger_msgs/ranger_msgs/msg/detail/motor_state__functions.h
[0.949s] -- Up-to-date: /root/git/ranger_ros2/install/ranger_msgs/include/ranger_msgs/ranger_msgs/msg/detail/driver_state__struct.h
[0.949s] -- Up-to-date: /root/git/ranger_ros2/install/ranger_msgs/include/ranger_msgs/ranger_msgs/msg/detail/motion_state__functions.c
[0.949s] -- Up-to-date: /root/git/ranger_ros2/install/ranger_msgs/include/ranger_msgs/ranger_msgs/msg/detail/actuator_state__type_support.h
[0.949s] -- Up-to-date: /root/git/ranger_ros2/install/ranger_msgs/include/ranger_msgs/ranger_msgs/msg/detail/actuator_state_array__type_support.h
[0.949s] -- Up-to-date: /root/git/ranger_ros2/install/ranger_msgs/include/ranger_msgs/ranger_msgs/msg/detail/actuator_state_array__functions.c
[0.949s] -- Up-to-date: /root/git/ranger_ros2/install/ranger_msgs/include/ranger_msgs/ranger_msgs/msg/detail/system_state__functions.h
[0.949s] -- Up-to-date: /root/git/ranger_ros2/install/ranger_msgs/include/ranger_msgs/ranger_msgs/msg/detail/system_state__type_support.h
[0.950s] -- Up-to-date: /root/git/ranger_ros2/install/ranger_msgs/include/ranger_msgs/ranger_msgs/msg/driver_state.h
[0.950s] -- Up-to-date: /root/git/ranger_ros2/install/ranger_msgs/include/ranger_msgs/ranger_msgs/msg/actuator_state.h
[0.950s] -- Up-to-date: /root/git/ranger_ros2/install/ranger_msgs/include/ranger_msgs/ranger_msgs/msg/motion_state.h
[0.950s] -- Up-to-date: /root/git/ranger_ros2/install/ranger_msgs/include/ranger_msgs/ranger_msgs/msg/motor_state.h
[0.950s] -- Up-to-date: /root/git/ranger_ros2/install/ranger_msgs/share/ranger_msgs/environment/library_path.sh
[0.950s] -- Installing: /root/git/ranger_ros2/install/ranger_msgs/share/ranger_msgs/environment/library_path.dsv
[0.950s] -- Up-to-date: /root/git/ranger_ros2/install/ranger_msgs/lib/libranger_msgs__rosidl_generator_c.so
[0.950s] -- Up-to-date: /root/git/ranger_ros2/install/ranger_msgs/include/ranger_msgs/ranger_msgs
[0.950s] -- Up-to-date: /root/git/ranger_ros2/install/ranger_msgs/include/ranger_msgs/ranger_msgs/msg
[0.950s] -- Up-to-date: /root/git/ranger_ros2/install/ranger_msgs/include/ranger_msgs/ranger_msgs/msg/rosidl_typesupport_fastrtps_c__visibility_control.h
[0.950s] -- Up-to-date: /root/git/ranger_ros2/install/ranger_msgs/include/ranger_msgs/ranger_msgs/msg/detail
[0.950s] -- Up-to-date: /root/git/ranger_ros2/install/ranger_msgs/include/ranger_msgs/ranger_msgs/msg/detail/actuator_state_array__rosidl_typesupport_fastrtps_c.h
[0.950s] -- Up-to-date: /root/git/ranger_ros2/install/ranger_msgs/include/ranger_msgs/ranger_msgs/msg/detail/motion_state__rosidl_typesupport_fastrtps_c.h
[0.950s] -- Up-to-date: /root/git/ranger_ros2/install/ranger_msgs/include/ranger_msgs/ranger_msgs/msg/detail/actuator_state__rosidl_typesupport_fastrtps_c.h
[0.950s] -- Up-to-date: /root/git/ranger_ros2/install/ranger_msgs/include/ranger_msgs/ranger_msgs/msg/detail/system_state__rosidl_typesupport_fastrtps_c.h
[0.950s] -- Up-to-date: /root/git/ranger_ros2/install/ranger_msgs/include/ranger_msgs/ranger_msgs/msg/detail/motor_state__rosidl_typesupport_fastrtps_c.h
[0.951s] -- Up-to-date: /root/git/ranger_ros2/install/ranger_msgs/include/ranger_msgs/ranger_msgs/msg/detail/driver_state__rosidl_typesupport_fastrtps_c.h
[0.951s] -- Up-to-date: /root/git/ranger_ros2/install/ranger_msgs/lib/libranger_msgs__rosidl_typesupport_fastrtps_c.so
[0.951s] -- Up-to-date: /root/git/ranger_ros2/install/ranger_msgs/include/ranger_msgs/ranger_msgs
[0.951s] -- Up-to-date: /root/git/ranger_ros2/install/ranger_msgs/include/ranger_msgs/ranger_msgs/msg
[0.951s] -- Up-to-date: /root/git/ranger_ros2/install/ranger_msgs/include/ranger_msgs/ranger_msgs/msg/system_state.hpp
[0.951s] -- Up-to-date: /root/git/ranger_ros2/install/ranger_msgs/include/ranger_msgs/ranger_msgs/msg/motor_state.hpp
[0.951s] -- Up-to-date: /root/git/ranger_ros2/install/ranger_msgs/include/ranger_msgs/ranger_msgs/msg/actuator_state.hpp
[0.951s] -- Up-to-date: /root/git/ranger_ros2/install/ranger_msgs/include/ranger_msgs/ranger_msgs/msg/motion_state.hpp
[0.951s] -- Up-to-date: /root/git/ranger_ros2/install/ranger_msgs/include/ranger_msgs/ranger_msgs/msg/actuator_state_array.hpp
[0.951s] -- Up-to-date: /root/git/ranger_ros2/install/ranger_msgs/include/ranger_msgs/ranger_msgs/msg/rosidl_generator_cpp__visibility_control.hpp
[0.951s] -- Up-to-date: /root/git/ranger_ros2/install/ranger_msgs/include/ranger_msgs/ranger_msgs/msg/detail
[0.951s] -- Up-to-date: /root/git/ranger_ros2/install/ranger_msgs/include/ranger_msgs/ranger_msgs/msg/detail/actuator_state_array__struct.hpp
[0.951s] -- Up-to-date: /root/git/ranger_ros2/install/ranger_msgs/include/ranger_msgs/ranger_msgs/msg/detail/motor_state__type_support.hpp
[0.951s] -- Up-to-date: /root/git/ranger_ros2/install/ranger_msgs/include/ranger_msgs/ranger_msgs/msg/detail/motor_state__traits.hpp
[0.952s] -- Up-to-date: /root/git/ranger_ros2/install/ranger_msgs/include/ranger_msgs/ranger_msgs/msg/detail/actuator_state_array__builder.hpp
[0.952s] -- Up-to-date: /root/git/ranger_ros2/install/ranger_msgs/include/ranger_msgs/ranger_msgs/msg/detail/motion_state__traits.hpp
[0.952s] -- Up-to-date: /root/git/ranger_ros2/install/ranger_msgs/include/ranger_msgs/ranger_msgs/msg/detail/system_state__traits.hpp
[0.952s] -- Up-to-date: /root/git/ranger_ros2/install/ranger_msgs/include/ranger_msgs/ranger_msgs/msg/detail/system_state__builder.hpp
[0.952s] -- Up-to-date: /root/git/ranger_ros2/install/ranger_msgs/include/ranger_msgs/ranger_msgs/msg/detail/actuator_state__struct.hpp
[0.952s] -- Up-to-date: /root/git/ranger_ros2/install/ranger_msgs/include/ranger_msgs/ranger_msgs/msg/detail/motor_state__builder.hpp
[0.952s] -- Up-to-date: /root/git/ranger_ros2/install/ranger_msgs/include/ranger_msgs/ranger_msgs/msg/detail/driver_state__struct.hpp
[0.952s] -- Up-to-date: /root/git/ranger_ros2/install/ranger_msgs/include/ranger_msgs/ranger_msgs/msg/detail/motor_state__struct.hpp
[0.952s] -- Up-to-date: /root/git/ranger_ros2/install/ranger_msgs/include/ranger_msgs/ranger_msgs/msg/detail/driver_state__traits.hpp
[0.952s] -- Up-to-date: /root/git/ranger_ros2/install/ranger_msgs/include/ranger_msgs/ranger_msgs/msg/detail/driver_state__type_support.hpp
[0.952s] -- Up-to-date: /root/git/ranger_ros2/install/ranger_msgs/include/ranger_msgs/ranger_msgs/msg/detail/actuator_state__type_support.hpp
[0.952s] -- Up-to-date: /root/git/ranger_ros2/install/ranger_msgs/include/ranger_msgs/ranger_msgs/msg/detail/actuator_state__traits.hpp
[0.952s] -- Up-to-date: /root/git/ranger_ros2/install/ranger_msgs/include/ranger_msgs/ranger_msgs/msg/detail/motion_state__type_support.hpp
[0.953s] -- Up-to-date: /root/git/ranger_ros2/install/ranger_msgs/include/ranger_msgs/ranger_msgs/msg/detail/motion_state__struct.hpp
[0.953s] -- Up-to-date: /root/git/ranger_ros2/install/ranger_msgs/include/ranger_msgs/ranger_msgs/msg/detail/system_state__struct.hpp
[0.953s] -- Up-to-date: /root/git/ranger_ros2/install/ranger_msgs/include/ranger_msgs/ranger_msgs/msg/detail/actuator_state_array__type_support.hpp
[0.953s] -- Up-to-date: /root/git/ranger_ros2/install/ranger_msgs/include/ranger_msgs/ranger_msgs/msg/detail/motion_state__builder.hpp
[0.953s] -- Up-to-date: /root/git/ranger_ros2/install/ranger_msgs/include/ranger_msgs/ranger_msgs/msg/detail/actuator_state__builder.hpp
[0.953s] -- Up-to-date: /root/git/ranger_ros2/install/ranger_msgs/include/ranger_msgs/ranger_msgs/msg/detail/system_state__type_support.hpp
[0.953s] -- Up-to-date: /root/git/ranger_ros2/install/ranger_msgs/include/ranger_msgs/ranger_msgs/msg/detail/actuator_state_array__traits.hpp
[0.953s] -- Up-to-date: /root/git/ranger_ros2/install/ranger_msgs/include/ranger_msgs/ranger_msgs/msg/detail/driver_state__builder.hpp
[0.953s] -- Up-to-date: /root/git/ranger_ros2/install/ranger_msgs/include/ranger_msgs/ranger_msgs/msg/driver_state.hpp
[0.953s] -- Up-to-date: /root/git/ranger_ros2/install/ranger_msgs/include/ranger_msgs/ranger_msgs
[0.953s] -- Up-to-date: /root/git/ranger_ros2/install/ranger_msgs/include/ranger_msgs/ranger_msgs/msg
[0.953s] -- Up-to-date: /root/git/ranger_ros2/install/ranger_msgs/include/ranger_msgs/ranger_msgs/msg/rosidl_typesupport_fastrtps_cpp__visibility_control.h
[0.954s] -- Up-to-date: /root/git/ranger_ros2/install/ranger_msgs/include/ranger_msgs/ranger_msgs/msg/detail
[0.954s] -- Up-to-date: /root/git/ranger_ros2/install/ranger_msgs/include/ranger_msgs/ranger_msgs/msg/detail/dds_fastrtps
[0.954s] -- Up-to-date: /root/git/ranger_ros2/install/ranger_msgs/include/ranger_msgs/ranger_msgs/msg/detail/motor_state__rosidl_typesupport_fastrtps_cpp.hpp
[0.954s] -- Up-to-date: /root/git/ranger_ros2/install/ranger_msgs/include/ranger_msgs/ranger_msgs/msg/detail/driver_state__rosidl_typesupport_fastrtps_cpp.hpp
[0.954s] -- Up-to-date: /root/git/ranger_ros2/install/ranger_msgs/include/ranger_msgs/ranger_msgs/msg/detail/system_state__rosidl_typesupport_fastrtps_cpp.hpp
[0.954s] -- Up-to-date: /root/git/ranger_ros2/install/ranger_msgs/include/ranger_msgs/ranger_msgs/msg/detail/actuator_state_array__rosidl_typesupport_fastrtps_cpp.hpp
[0.954s] -- Up-to-date: /root/git/ranger_ros2/install/ranger_msgs/include/ranger_msgs/ranger_msgs/msg/detail/motion_state__rosidl_typesupport_fastrtps_cpp.hpp
[0.954s] -- Up-to-date: /root/git/ranger_ros2/install/ranger_msgs/include/ranger_msgs/ranger_msgs/msg/detail/actuator_state__rosidl_typesupport_fastrtps_cpp.hpp
[0.954s] -- Up-to-date: /root/git/ranger_ros2/install/ranger_msgs/lib/libranger_msgs__rosidl_typesupport_fastrtps_cpp.so
[0.954s] -- Up-to-date: /root/git/ranger_ros2/install/ranger_msgs/include/ranger_msgs/ranger_msgs
[0.954s] -- Up-to-date: /root/git/ranger_ros2/install/ranger_msgs/include/ranger_msgs/ranger_msgs/msg
[0.955s] -- Up-to-date: /root/git/ranger_ros2/install/ranger_msgs/include/ranger_msgs/ranger_msgs/msg/rosidl_typesupport_introspection_c__visibility_control.h
[0.955s] -- Up-to-date: /root/git/ranger_ros2/install/ranger_msgs/include/ranger_msgs/ranger_msgs/msg/detail
[0.955s] -- Up-to-date: /root/git/ranger_ros2/install/ranger_msgs/include/ranger_msgs/ranger_msgs/msg/detail/system_state__rosidl_typesupport_introspection_c.h
[0.955s] -- Up-to-date: /root/git/ranger_ros2/install/ranger_msgs/include/ranger_msgs/ranger_msgs/msg/detail/actuator_state__type_support.c
[0.955s] -- Up-to-date: /root/git/ranger_ros2/install/ranger_msgs/include/ranger_msgs/ranger_msgs/msg/detail/driver_state__type_support.c
[0.955s] -- Up-to-date: /root/git/ranger_ros2/install/ranger_msgs/include/ranger_msgs/ranger_msgs/msg/detail/system_state__type_support.c
[0.955s] -- Up-to-date: /root/git/ranger_ros2/install/ranger_msgs/include/ranger_msgs/ranger_msgs/msg/detail/driver_state__rosidl_typesupport_introspection_c.h
[0.955s] -- Up-to-date: /root/git/ranger_ros2/install/ranger_msgs/include/ranger_msgs/ranger_msgs/msg/detail/motor_state__type_support.c
[0.955s] -- Up-to-date: /root/git/ranger_ros2/install/ranger_msgs/include/ranger_msgs/ranger_msgs/msg/detail/actuator_state_array__rosidl_typesupport_introspection_c.h
[0.955s] -- Up-to-date: /root/git/ranger_ros2/install/ranger_msgs/include/ranger_msgs/ranger_msgs/msg/detail/motor_state__rosidl_typesupport_introspection_c.h
[0.956s] -- Up-to-date: /root/git/ranger_ros2/install/ranger_msgs/include/ranger_msgs/ranger_msgs/msg/detail/motion_state__rosidl_typesupport_introspection_c.h
[0.956s] -- Up-to-date: /root/git/ranger_ros2/install/ranger_msgs/include/ranger_msgs/ranger_msgs/msg/detail/actuator_state__rosidl_typesupport_introspection_c.h
[0.956s] -- Up-to-date: /root/git/ranger_ros2/install/ranger_msgs/include/ranger_msgs/ranger_msgs/msg/detail/actuator_state_array__type_support.c
[0.956s] -- Up-to-date: /root/git/ranger_ros2/install/ranger_msgs/include/ranger_msgs/ranger_msgs/msg/detail/motion_state__type_support.c
[0.956s] -- Up-to-date: /root/git/ranger_ros2/install/ranger_msgs/lib/libranger_msgs__rosidl_typesupport_introspection_c.so
[0.956s] -- Up-to-date: /root/git/ranger_ros2/install/ranger_msgs/lib/libranger_msgs__rosidl_typesupport_c.so
[0.956s] -- Up-to-date: /root/git/ranger_ros2/install/ranger_msgs/include/ranger_msgs/ranger_msgs
[0.956s] -- Up-to-date: /root/git/ranger_ros2/install/ranger_msgs/include/ranger_msgs/ranger_msgs/msg
[0.956s] -- Up-to-date: /root/git/ranger_ros2/install/ranger_msgs/include/ranger_msgs/ranger_msgs/msg/detail
[0.956s] -- Up-to-date: /root/git/ranger_ros2/install/ranger_msgs/include/ranger_msgs/ranger_msgs/msg/detail/motion_state__rosidl_typesupport_introspection_cpp.hpp
[0.956s] -- Up-to-date: /root/git/ranger_ros2/install/ranger_msgs/include/ranger_msgs/ranger_msgs/msg/detail/driver_state__rosidl_typesupport_introspection_cpp.hpp
[0.956s] -- Up-to-date: /root/git/ranger_ros2/install/ranger_msgs/include/ranger_msgs/ranger_msgs/msg/detail/motor_state__type_support.cpp
[0.956s] -- Up-to-date: /root/git/ranger_ros2/install/ranger_msgs/include/ranger_msgs/ranger_msgs/msg/detail/actuator_state__type_support.cpp
[0.956s] -- Up-to-date: /root/git/ranger_ros2/install/ranger_msgs/include/ranger_msgs/ranger_msgs/msg/detail/actuator_state_array__rosidl_typesupport_introspection_cpp.hpp
[0.956s] -- Up-to-date: /root/git/ranger_ros2/install/ranger_msgs/include/ranger_msgs/ranger_msgs/msg/detail/motor_state__rosidl_typesupport_introspection_cpp.hpp
[0.956s] -- Up-to-date: /root/git/ranger_ros2/install/ranger_msgs/include/ranger_msgs/ranger_msgs/msg/detail/driver_state__type_support.cpp
[0.956s] -- Up-to-date: /root/git/ranger_ros2/install/ranger_msgs/include/ranger_msgs/ranger_msgs/msg/detail/actuator_state__rosidl_typesupport_introspection_cpp.hpp
[0.956s] -- Up-to-date: /root/git/ranger_ros2/install/ranger_msgs/include/ranger_msgs/ranger_msgs/msg/detail/actuator_state_array__type_support.cpp
[0.956s] -- Up-to-date: /root/git/ranger_ros2/install/ranger_msgs/include/ranger_msgs/ranger_msgs/msg/detail/system_state__rosidl_typesupport_introspection_cpp.hpp
[0.956s] -- Up-to-date: /root/git/ranger_ros2/install/ranger_msgs/include/ranger_msgs/ranger_msgs/msg/detail/motion_state__type_support.cpp
[0.956s] -- Up-to-date: /root/git/ranger_ros2/install/ranger_msgs/include/ranger_msgs/ranger_msgs/msg/detail/system_state__type_support.cpp
[0.957s] -- Up-to-date: /root/git/ranger_ros2/install/ranger_msgs/lib/libranger_msgs__rosidl_typesupport_introspection_cpp.so
[0.957s] -- Up-to-date: /root/git/ranger_ros2/install/ranger_msgs/lib/libranger_msgs__rosidl_typesupport_cpp.so
[0.957s] -- Up-to-date: /root/git/ranger_ros2/install/ranger_msgs/share/ranger_msgs/environment/pythonpath.sh
[0.957s] -- Installing: /root/git/ranger_ros2/install/ranger_msgs/share/ranger_msgs/environment/pythonpath.dsv
[0.957s] -- Up-to-date: /root/git/ranger_ros2/install/ranger_msgs/local/lib/python3.10/dist-packages/ranger_msgs-0.0.1-py3.10.egg-info
[0.957s] -- Installing: /root/git/ranger_ros2/install/ranger_msgs/local/lib/python3.10/dist-packages/ranger_msgs-0.0.1-py3.10.egg-info/dependency_links.txt
[0.957s] -- Installing: /root/git/ranger_ros2/install/ranger_msgs/local/lib/python3.10/dist-packages/ranger_msgs-0.0.1-py3.10.egg-info/PKG-INFO
[0.957s] -- Installing: /root/git/ranger_ros2/install/ranger_msgs/local/lib/python3.10/dist-packages/ranger_msgs-0.0.1-py3.10.egg-info/top_level.txt
[0.957s] -- Installing: /root/git/ranger_ros2/install/ranger_msgs/local/lib/python3.10/dist-packages/ranger_msgs-0.0.1-py3.10.egg-info/SOURCES.txt
[0.957s] -- Up-to-date: /root/git/ranger_ros2/install/ranger_msgs/local/lib/python3.10/dist-packages/ranger_msgs
[0.957s] -- Up-to-date: /root/git/ranger_ros2/install/ranger_msgs/local/lib/python3.10/dist-packages/ranger_msgs/libranger_msgs__rosidl_generator_py.so
[0.957s] -- Up-to-date: /root/git/ranger_ros2/install/ranger_msgs/local/lib/python3.10/dist-packages/ranger_msgs/_ranger_msgs_s.ep.rosidl_typesupport_c.c
[0.957s] -- Up-to-date: /root/git/ranger_ros2/install/ranger_msgs/local/lib/python3.10/dist-packages/ranger_msgs/ranger_msgs_s__rosidl_typesupport_c.cpython-310-x86_64-linux-gnu.so
[0.957s] -- Up-to-date: /root/git/ranger_ros2/install/ranger_msgs/local/lib/python3.10/dist-packages/ranger_msgs/msg
[0.957s] -- Up-to-date: /root/git/ranger_ros2/install/ranger_msgs/local/lib/python3.10/dist-packages/ranger_msgs/msg/_motor_state.py
[0.957s] -- Up-to-date: /root/git/ranger_ros2/install/ranger_msgs/local/lib/python3.10/dist-packages/ranger_msgs/msg/_actuator_state.py
[0.957s] -- Up-to-date: /root/git/ranger_ros2/install/ranger_msgs/local/lib/python3.10/dist-packages/ranger_msgs/msg/_driver_state.py
[0.957s] -- Up-to-date: /root/git/ranger_ros2/install/ranger_msgs/local/lib/python3.10/dist-packages/ranger_msgs/msg/_system_state.py
[0.957s] -- Up-to-date: /root/git/ranger_ros2/install/ranger_msgs/local/lib/python3.10/dist-packages/ranger_msgs/msg/_actuator_state_array_s.c
[0.957s] -- Up-to-date: /root/git/ranger_ros2/install/ranger_msgs/local/lib/python3.10/dist-packages/ranger_msgs/msg/_motor_state_s.c
[0.957s] -- Up-to-date: /root/git/ranger_ros2/install/ranger_msgs/local/lib/python3.10/dist-packages/ranger_msgs/msg/_actuator_state_s.c
[0.957s] -- Up-to-date: /root/git/ranger_ros2/install/ranger_msgs/local/lib/python3.10/dist-packages/ranger_msgs/msg/_system_state_s.c
[0.957s] -- Up-to-date: /root/git/ranger_ros2/install/ranger_msgs/local/lib/python3.10/dist-packages/ranger_msgs/msg/_motion_state_s.c
[0.957s] -- Up-to-date: /root/git/ranger_ros2/install/ranger_msgs/local/lib/python3.10/dist-packages/ranger_msgs/msg/_actuator_state_array.py
[0.957s] -- Up-to-date: /root/git/ranger_ros2/install/ranger_msgs/local/lib/python3.10/dist-packages/ranger_msgs/msg/_motion_state.py
[0.958s] -- Up-to-date: /root/git/ranger_ros2/install/ranger_msgs/local/lib/python3.10/dist-packages/ranger_msgs/msg/_driver_state_s.c
[0.958s] -- Up-to-date: /root/git/ranger_ros2/install/ranger_msgs/local/lib/python3.10/dist-packages/ranger_msgs/msg/__init__.py
[0.958s] -- Up-to-date: /root/git/ranger_ros2/install/ranger_msgs/local/lib/python3.10/dist-packages/ranger_msgs/_ranger_msgs_s.ep.rosidl_typesupport_introspection_c.c
[0.958s] -- Up-to-date: /root/git/ranger_ros2/install/ranger_msgs/local/lib/python3.10/dist-packages/ranger_msgs/_ranger_msgs_s.ep.rosidl_typesupport_fastrtps_c.c
[0.958s] -- Up-to-date: /root/git/ranger_ros2/install/ranger_msgs/local/lib/python3.10/dist-packages/ranger_msgs/ranger_msgs_s__rosidl_typesupport_introspection_c.cpython-310-x86_64-linux-gnu.so
[0.958s] -- Installing: /root/git/ranger_ros2/install/ranger_msgs/local/lib/python3.10/dist-packages/ranger_msgs/__init__.py
[0.958s] -- Up-to-date: /root/git/ranger_ros2/install/ranger_msgs/local/lib/python3.10/dist-packages/ranger_msgs/ranger_msgs_s__rosidl_typesupport_fastrtps_c.cpython-310-x86_64-linux-gnu.so
[0.973s] Listing '/root/git/ranger_ros2/install/ranger_msgs/local/lib/python3.10/dist-packages/ranger_msgs'...
[0.974s] Compiling '/root/git/ranger_ros2/install/ranger_msgs/local/lib/python3.10/dist-packages/ranger_msgs/__init__.py'...
[0.974s] Listing '/root/git/ranger_ros2/install/ranger_msgs/local/lib/python3.10/dist-packages/ranger_msgs/msg'...
[0.977s] -- Up-to-date: /root/git/ranger_ros2/install/ranger_msgs/local/lib/python3.10/dist-packages/ranger_msgs/ranger_msgs_s__rosidl_typesupport_fastrtps_c.cpython-310-x86_64-linux-gnu.so
[0.978s] -- Up-to-date: /root/git/ranger_ros2/install/ranger_msgs/local/lib/python3.10/dist-packages/ranger_msgs/ranger_msgs_s__rosidl_typesupport_introspection_c.cpython-310-x86_64-linux-gnu.so
[0.978s] -- Up-to-date: /root/git/ranger_ros2/install/ranger_msgs/local/lib/python3.10/dist-packages/ranger_msgs/ranger_msgs_s__rosidl_typesupport_c.cpython-310-x86_64-linux-gnu.so
[0.978s] -- Up-to-date: /root/git/ranger_ros2/install/ranger_msgs/lib/libranger_msgs__rosidl_generator_py.so
[0.978s] -- Up-to-date: /root/git/ranger_ros2/install/ranger_msgs/share/ament_index/resource_index/rust_packages/ranger_msgs
[0.979s] -- Up-to-date: /root/git/ranger_ros2/install/ranger_msgs/share/ranger_msgs/rust
[0.979s] -- Up-to-date: /root/git/ranger_ros2/install/ranger_msgs/share/ranger_msgs/rust/build.rs
[0.979s] -- Up-to-date: /root/git/ranger_ros2/install/ranger_msgs/share/ranger_msgs/rust/Cargo.toml
[0.979s] -- Up-to-date: /root/git/ranger_ros2/install/ranger_msgs/share/ranger_msgs/rust/src
[0.979s] -- Up-to-date: /root/git/ranger_ros2/install/ranger_msgs/share/ranger_msgs/rust/src/msg.rs
[0.980s] -- Up-to-date: /root/git/ranger_ros2/install/ranger_msgs/share/ranger_msgs/rust/src/msg
[0.980s] -- Up-to-date: /root/git/ranger_ros2/install/ranger_msgs/share/ranger_msgs/rust/src/msg/rmw.rs
[0.980s] -- Up-to-date: /root/git/ranger_ros2/install/ranger_msgs/share/ranger_msgs/rust/src/lib.rs
[0.980s] -- Up-to-date: /root/git/ranger_ros2/install/ranger_msgs/share/ranger_msgs/msg/ActuatorState.idl
[0.980s] -- Up-to-date: /root/git/ranger_ros2/install/ranger_msgs/share/ranger_msgs/msg/ActuatorStateArray.idl
[0.980s] -- Up-to-date: /root/git/ranger_ros2/install/ranger_msgs/share/ranger_msgs/msg/DriverState.idl
[0.980s] -- Up-to-date: /root/git/ranger_ros2/install/ranger_msgs/share/ranger_msgs/msg/MotionState.idl
[0.980s] -- Up-to-date: /root/git/ranger_ros2/install/ranger_msgs/share/ranger_msgs/msg/MotorState.idl
[0.980s] -- Up-to-date: /root/git/ranger_ros2/install/ranger_msgs/share/ranger_msgs/msg/SystemState.idl
[0.980s] -- Up-to-date: /root/git/ranger_ros2/install/ranger_msgs/share/ranger_msgs/msg/ActuatorState.msg
[0.980s] -- Up-to-date: /root/git/ranger_ros2/install/ranger_msgs/share/ranger_msgs/msg/ActuatorStateArray.msg
[0.981s] -- Up-to-date: /root/git/ranger_ros2/install/ranger_msgs/share/ranger_msgs/msg/DriverState.msg
[0.981s] -- Up-to-date: /root/git/ranger_ros2/install/ranger_msgs/share/ranger_msgs/msg/MotionState.msg
[0.981s] -- Up-to-date: /root/git/ranger_ros2/install/ranger_msgs/share/ranger_msgs/msg/MotorState.msg
[0.981s] -- Up-to-date: /root/git/ranger_ros2/install/ranger_msgs/share/ranger_msgs/msg/SystemState.msg
[0.981s] -- Up-to-date: /root/git/ranger_ros2/install/ranger_msgs/share/ament_index/resource_index/package_run_dependencies/ranger_msgs
[0.981s] -- Up-to-date: /root/git/ranger_ros2/install/ranger_msgs/share/ament_index/resource_index/parent_prefix_path/ranger_msgs
[0.981s] -- Up-to-date: /root/git/ranger_ros2/install/ranger_msgs/share/ranger_msgs/environment/ament_prefix_path.sh
[0.981s] -- Installing: /root/git/ranger_ros2/install/ranger_msgs/share/ranger_msgs/environment/ament_prefix_path.dsv
[0.981s] -- Up-to-date: /root/git/ranger_ros2/install/ranger_msgs/share/ranger_msgs/environment/path.sh
[0.981s] -- Installing: /root/git/ranger_ros2/install/ranger_msgs/share/ranger_msgs/environment/path.dsv
[0.981s] -- Up-to-date: /root/git/ranger_ros2/install/ranger_msgs/share/ranger_msgs/local_setup.bash
[0.981s] -- Up-to-date: /root/git/ranger_ros2/install/ranger_msgs/share/ranger_msgs/local_setup.sh
[0.981s] -- Up-to-date: /root/git/ranger_ros2/install/ranger_msgs/share/ranger_msgs/local_setup.zsh
[0.981s] -- Installing: /root/git/ranger_ros2/install/ranger_msgs/share/ranger_msgs/local_setup.dsv
[0.981s] -- Installing: /root/git/ranger_ros2/install/ranger_msgs/share/ranger_msgs/package.dsv
[0.981s] -- Up-to-date: /root/git/ranger_ros2/install/ranger_msgs/share/ament_index/resource_index/packages/ranger_msgs
[0.981s] -- Up-to-date: /root/git/ranger_ros2/install/ranger_msgs/share/ranger_msgs/cmake/export_ranger_msgs__rosidl_generator_cExport.cmake
[0.982s] -- Up-to-date: /root/git/ranger_ros2/install/ranger_msgs/share/ranger_msgs/cmake/export_ranger_msgs__rosidl_generator_cExport-release.cmake
[0.982s] -- Up-to-date: /root/git/ranger_ros2/install/ranger_msgs/share/ranger_msgs/cmake/export_ranger_msgs__rosidl_typesupport_fastrtps_cExport.cmake
[0.982s] -- Up-to-date: /root/git/ranger_ros2/install/ranger_msgs/share/ranger_msgs/cmake/export_ranger_msgs__rosidl_typesupport_fastrtps_cExport-release.cmake
[0.982s] -- Up-to-date: /root/git/ranger_ros2/install/ranger_msgs/share/ranger_msgs/cmake/export_ranger_msgs__rosidl_generator_cppExport.cmake
[0.982s] -- Up-to-date: /root/git/ranger_ros2/install/ranger_msgs/share/ranger_msgs/cmake/export_ranger_msgs__rosidl_typesupport_fastrtps_cppExport.cmake
[0.982s] -- Up-to-date: /root/git/ranger_ros2/install/ranger_msgs/share/ranger_msgs/cmake/export_ranger_msgs__rosidl_typesupport_fastrtps_cppExport-release.cmake
[0.982s] -- Up-to-date: /root/git/ranger_ros2/install/ranger_msgs/share/ranger_msgs/cmake/ranger_msgs__rosidl_typesupport_introspection_cExport.cmake
[0.982s] -- Up-to-date: /root/git/ranger_ros2/install/ranger_msgs/share/ranger_msgs/cmake/ranger_msgs__rosidl_typesupport_introspection_cExport-release.cmake
[0.982s] -- Up-to-date: /root/git/ranger_ros2/install/ranger_msgs/share/ranger_msgs/cmake/ranger_msgs__rosidl_typesupport_cExport.cmake
[0.982s] -- Up-to-date: /root/git/ranger_ros2/install/ranger_msgs/share/ranger_msgs/cmake/ranger_msgs__rosidl_typesupport_cExport-release.cmake
[0.982s] -- Up-to-date: /root/git/ranger_ros2/install/ranger_msgs/share/ranger_msgs/cmake/ranger_msgs__rosidl_typesupport_introspection_cppExport.cmake
[0.982s] -- Up-to-date: /root/git/ranger_ros2/install/ranger_msgs/share/ranger_msgs/cmake/ranger_msgs__rosidl_typesupport_introspection_cppExport-release.cmake
[0.982s] -- Up-to-date: /root/git/ranger_ros2/install/ranger_msgs/share/ranger_msgs/cmake/ranger_msgs__rosidl_typesupport_cppExport.cmake
[0.982s] -- Up-to-date: /root/git/ranger_ros2/install/ranger_msgs/share/ranger_msgs/cmake/ranger_msgs__rosidl_typesupport_cppExport-release.cmake
[0.982s] -- Up-to-date: /root/git/ranger_ros2/install/ranger_msgs/share/ranger_msgs/cmake/export_ranger_msgs__rosidl_generator_pyExport.cmake
[0.982s] -- Up-to-date: /root/git/ranger_ros2/install/ranger_msgs/share/ranger_msgs/cmake/export_ranger_msgs__rosidl_generator_pyExport-release.cmake
[0.982s] -- Up-to-date: /root/git/ranger_ros2/install/ranger_msgs/share/ranger_msgs/cmake/rosidl_cmake-extras.cmake
[0.982s] -- Up-to-date: /root/git/ranger_ros2/install/ranger_msgs/share/ranger_msgs/cmake/ament_cmake_export_dependencies-extras.cmake
[0.982s] -- Up-to-date: /root/git/ranger_ros2/install/ranger_msgs/share/ranger_msgs/cmake/ament_cmake_export_include_directories-extras.cmake
[0.982s] -- Up-to-date: /root/git/ranger_ros2/install/ranger_msgs/share/ranger_msgs/cmake/ament_cmake_export_libraries-extras.cmake
[0.982s] -- Up-to-date: /root/git/ranger_ros2/install/ranger_msgs/share/ranger_msgs/cmake/ament_cmake_export_targets-extras.cmake
[0.983s] -- Up-to-date: /root/git/ranger_ros2/install/ranger_msgs/share/ranger_msgs/cmake/rosidl_cmake_export_typesupport_targets-extras.cmake
[0.983s] -- Up-to-date: /root/git/ranger_ros2/install/ranger_msgs/share/ranger_msgs/cmake/rosidl_cmake_export_typesupport_libraries-extras.cmake
[0.983s] -- Up-to-date: /root/git/ranger_ros2/install/ranger_msgs/share/ranger_msgs/cmake/ranger_msgsConfig.cmake
[0.983s] -- Up-to-date: /root/git/ranger_ros2/install/ranger_msgs/share/ranger_msgs/cmake/ranger_msgsConfig-version.cmake
[0.983s] -- Up-to-date: /root/git/ranger_ros2/install/ranger_msgs/share/ranger_msgs/package.xml
[0.983s] Invoked command in '/root/git/ranger_ros2/build/ranger_msgs' returned '0': CMAKE_PREFIX_PATH=/opt/ros/humble /usr/bin/cmake --install /root/git/ranger_ros2/build/ranger_msgs
