[0.000000] (-) TimerEvent: {}
[0.000243] (-) JobUnselected: {'identifier': 'ranger_bringup'}
[0.000315] (ranger_msgs) JobQueued: {'identifier': 'ranger_msgs', 'dependencies': OrderedDict()}
[0.000335] (ranger_base) JobQueued: {'identifier': 'ranger_base', 'dependencies': OrderedDict([('ranger_msgs', '/root/git/ranger_ros2/install/ranger_msgs')])}
[0.000357] (ranger_msgs) JobStarted: {'identifier': 'ranger_msgs'}
[0.004511] (ranger_msgs) JobProgress: {'identifier': 'ranger_msgs', 'progress': 'cmake'}
[0.004882] (ranger_msgs) Command: {'cmd': ['/usr/bin/cmake', '/root/git/ranger_ros2/ranger_msgs', '-DCMAKE_BUILD_TYPE=Release', '-DCMAKE_PREFIX_PATH=/tmp/ugv_install', '-DCMAKE_INSTALL_PREFIX=/root/git/ranger_ros2/install/ranger_msgs'], 'cwd': '/root/git/ranger_ros2/build/ranger_msgs', 'env': OrderedDict([('HOSTNAME', 'cona-MS-7D96'), ('SHLVL', '1'), ('LD_LIBRARY_PATH', '/opt/ros/humble/opt/rviz_ogre_vendor/lib:/opt/ros/humble/lib/x86_64-linux-gnu:/opt/ros/humble/lib'), ('HOME', '/root'), ('OLDPWD', '/'), ('ROS_PYTHON_VERSION', '3'), ('ROS_DISTRO', 'humble'), ('_', '/usr/bin/colcon'), ('ROS_VERSION', '2'), ('FLIR_GENTL64_CTI', '/opt/spinnaker/lib/flir-gentl/FLIR_GenTL.cti'), ('ROS_LOCALHOST_ONLY', '0'), ('PATH', '/opt/ros/humble/bin:/opt/spinnaker/bin:/usr/local/sbin:/usr/local/bin:/usr/sbin:/usr/bin:/sbin:/bin'), ('DISPLAY', ':1'), ('LANG', 'C.UTF-8'), ('AMENT_PREFIX_PATH', '/opt/ros/humble'), ('DEBIAN_FRONTEND', 'noninteractive'), ('PWD', '/root/git/ranger_ros2/build/ranger_msgs'), ('LC_ALL', 'C.UTF-8'), ('PYTHONPATH', '/opt/ros/humble/lib/python3.10/site-packages:/opt/ros/humble/local/lib/python3.10/dist-packages'), ('TZ', 'Asia/Seoul'), ('COLCON', '1'), ('CMAKE_PREFIX_PATH', '/opt/ros/humble')]), 'shell': False}
[0.065541] (ranger_msgs) StdoutLine: {'line': b'-- The C compiler identification is GNU 11.4.0\n'}
[0.099964] (-) TimerEvent: {}
[0.129588] (ranger_msgs) StdoutLine: {'line': b'-- The CXX compiler identification is GNU 11.4.0\n'}
[0.133358] (ranger_msgs) StdoutLine: {'line': b'-- Detecting C compiler ABI info\n'}
[0.175506] (ranger_msgs) StdoutLine: {'line': b'-- Detecting C compiler ABI info - done\n'}
[0.180766] (ranger_msgs) StdoutLine: {'line': b'-- Check for working C compiler: /usr/bin/cc - skipped\n'}
[0.180947] (ranger_msgs) StdoutLine: {'line': b'-- Detecting C compile features\n'}
[0.181238] (ranger_msgs) StdoutLine: {'line': b'-- Detecting C compile features - done\n'}
[0.183588] (ranger_msgs) StdoutLine: {'line': b'-- Detecting CXX compiler ABI info\n'}
[0.200073] (-) TimerEvent: {}
[0.279424] (ranger_msgs) StdoutLine: {'line': b'-- Detecting CXX compiler ABI info - done\n'}
[0.283041] (ranger_msgs) StdoutLine: {'line': b'-- Check for working CXX compiler: /usr/bin/c++ - skipped\n'}
[0.283168] (ranger_msgs) StdoutLine: {'line': b'-- Detecting CXX compile features\n'}
[0.283448] (ranger_msgs) StdoutLine: {'line': b'-- Detecting CXX compile features - done\n'}
[0.285945] (ranger_msgs) StdoutLine: {'line': b'-- Found ament_cmake: 1.3.14 (/opt/ros/humble/share/ament_cmake/cmake)\n'}
[0.300121] (-) TimerEvent: {}
[0.400238] (-) TimerEvent: {}
[0.402109] (ranger_msgs) StdoutLine: {'line': b'-- Found Python3: /usr/bin/python3 (found version "3.10.12") found components: Interpreter \n'}
[0.460454] (ranger_msgs) StdoutLine: {'line': b'-- Found builtin_interfaces: 1.2.2 (/opt/ros/humble/share/builtin_interfaces/cmake)\n'}
[0.487527] (ranger_msgs) StdoutLine: {'line': b'-- Found rosidl_generator_c: 3.1.8 (/opt/ros/humble/share/rosidl_generator_c/cmake)\n'}
[0.490385] (ranger_msgs) StdoutLine: {'line': b'-- Found rosidl_adapter: 3.1.8 (/opt/ros/humble/share/rosidl_adapter/cmake)\n'}
[0.494880] (ranger_msgs) StdoutLine: {'line': b'-- Found rosidl_generator_cpp: 3.1.8 (/opt/ros/humble/share/rosidl_generator_cpp/cmake)\n'}
[0.500354] (-) TimerEvent: {}
[0.501831] (ranger_msgs) StdoutLine: {'line': b'-- Using all available rosidl_typesupport_c: rosidl_typesupport_fastrtps_c;rosidl_typesupport_introspection_c\n'}
[0.510183] (ranger_msgs) StdoutLine: {'line': b'-- Using all available rosidl_typesupport_cpp: rosidl_typesupport_fastrtps_cpp;rosidl_typesupport_introspection_cpp\n'}
[0.517834] (ranger_msgs) StdoutLine: {'line': b'-- Found rosidl_default_generators: 1.2.1 (/opt/ros/humble/share/rosidl_default_generators/cmake)\n'}
[0.524644] (ranger_msgs) StdoutLine: {'line': b'-- Found std_msgs: 4.9.1 (/opt/ros/humble/share/std_msgs/cmake)\n'}
[0.600434] (-) TimerEvent: {}
[0.694662] (ranger_msgs) StdoutLine: {'line': b'-- Found ament_cmake_ros: 0.10.0 (/opt/ros/humble/share/ament_cmake_ros/cmake)\n'}
[0.700547] (-) TimerEvent: {}
[0.800717] (-) TimerEvent: {}
[0.900928] (-) TimerEvent: {}
[0.939391] (ranger_msgs) StdoutLine: {'line': b'-- Using all available rosidl_typesupport_c: rosidl_typesupport_fastrtps_c;rosidl_typesupport_introspection_c\n'}
[1.001065] (-) TimerEvent: {}
[1.031358] (ranger_msgs) StdoutLine: {'line': b'-- Using all available rosidl_typesupport_cpp: rosidl_typesupport_fastrtps_cpp;rosidl_typesupport_introspection_cpp\n'}
[1.048461] (ranger_msgs) StdoutLine: {'line': b'-- Found PythonInterp: /usr/bin/python3 (found suitable version "3.10.12", minimum required is "3.6") \n'}
[1.050522] (ranger_msgs) StdoutLine: {'line': b'-- Found python_cmake_module: 0.10.0 (/opt/ros/humble/share/python_cmake_module/cmake)\n'}
[1.072757] (ranger_msgs) StdoutLine: {'line': b'-- Found PythonLibs: /usr/lib/x86_64-linux-gnu/libpython3.10.so (found suitable version "3.10.12", minimum required is "3.5") \n'}
[1.073015] (ranger_msgs) StdoutLine: {'line': b'-- Using PYTHON_EXECUTABLE: /usr/bin/python3\n'}
[1.073152] (ranger_msgs) StdoutLine: {'line': b'-- Using PYTHON_INCLUDE_DIRS: /usr/include/python3.10\n'}
[1.073302] (ranger_msgs) StdoutLine: {'line': b'-- Using PYTHON_LIBRARIES: /usr/lib/x86_64-linux-gnu/libpython3.10.so\n'}
[1.090600] (ranger_msgs) StdoutLine: {'line': b'-- Found PythonExtra: .so  \n'}
[1.101138] (-) TimerEvent: {}
[1.153763] (ranger_msgs) StdoutLine: {'line': b'-- Found ament_lint_auto: 0.12.15 (/opt/ros/humble/share/ament_lint_auto/cmake)\n'}
[1.166012] (ranger_msgs) StdoutLine: {'line': b"-- Added test 'copyright' to check source files copyright and LICENSE\n"}
[1.166658] (ranger_msgs) StdoutLine: {'line': b"-- Added test 'lint_cmake' to check CMake code style\n"}
[1.167037] (ranger_msgs) StdoutLine: {'line': b"-- Added test 'xmllint' to check XML markup files\n"}
[1.167949] (ranger_msgs) StdoutLine: {'line': b'-- Configuring done\n'}
[1.185638] (ranger_msgs) StdoutLine: {'line': b'-- Generating done\n'}
[1.190971] (ranger_msgs) StdoutLine: {'line': b'-- Build files have been written to: /root/git/ranger_ros2/build/ranger_msgs\n'}
[1.195044] (ranger_msgs) CommandEnded: {'returncode': 0}
[1.195407] (ranger_msgs) JobProgress: {'identifier': 'ranger_msgs', 'progress': 'build'}
[1.195743] (ranger_msgs) Command: {'cmd': ['/usr/bin/cmake', '--build', '/root/git/ranger_ros2/build/ranger_msgs', '--', '-j24', '-l24'], 'cwd': '/root/git/ranger_ros2/build/ranger_msgs', 'env': OrderedDict([('HOSTNAME', 'cona-MS-7D96'), ('SHLVL', '1'), ('LD_LIBRARY_PATH', '/opt/ros/humble/opt/rviz_ogre_vendor/lib:/opt/ros/humble/lib/x86_64-linux-gnu:/opt/ros/humble/lib'), ('HOME', '/root'), ('OLDPWD', '/'), ('ROS_PYTHON_VERSION', '3'), ('ROS_DISTRO', 'humble'), ('_', '/usr/bin/colcon'), ('ROS_VERSION', '2'), ('FLIR_GENTL64_CTI', '/opt/spinnaker/lib/flir-gentl/FLIR_GenTL.cti'), ('ROS_LOCALHOST_ONLY', '0'), ('PATH', '/opt/ros/humble/bin:/opt/spinnaker/bin:/usr/local/sbin:/usr/local/bin:/usr/sbin:/usr/bin:/sbin:/bin'), ('DISPLAY', ':1'), ('LANG', 'C.UTF-8'), ('AMENT_PREFIX_PATH', '/opt/ros/humble'), ('DEBIAN_FRONTEND', 'noninteractive'), ('PWD', '/root/git/ranger_ros2/build/ranger_msgs'), ('LC_ALL', 'C.UTF-8'), ('PYTHONPATH', '/opt/ros/humble/lib/python3.10/site-packages:/opt/ros/humble/local/lib/python3.10/dist-packages'), ('TZ', 'Asia/Seoul'), ('COLCON', '1'), ('CMAKE_PREFIX_PATH', '/opt/ros/humble')]), 'shell': False}
[1.201193] (-) TimerEvent: {}
[1.221997] (ranger_msgs) StdoutLine: {'line': b'[  1%] Generating C code for ROS interfaces\n'}
[1.229778] (ranger_msgs) StdoutLine: {'line': b'[  2%] Generating Rust code for ROS interfaces\n'}
[1.230135] (ranger_msgs) StdoutLine: {'line': b'[  4%] Generating C++ code for ROS interfaces\n'}
[1.233619] (ranger_msgs) StdoutLine: {'line': b'[  4%] Built target ament_cmake_python_copy_ranger_msgs\n'}
[1.301304] (-) TimerEvent: {}
[1.343442] (ranger_msgs) StdoutLine: {'line': b'running egg_info\n'}
[1.343681] (ranger_msgs) StdoutLine: {'line': b'creating ranger_msgs.egg-info\n'}
[1.343785] (ranger_msgs) StdoutLine: {'line': b'writing ranger_msgs.egg-info/PKG-INFO\n'}
[1.343881] (ranger_msgs) StdoutLine: {'line': b'writing dependency_links to ranger_msgs.egg-info/dependency_links.txt\n'}
[1.344012] (ranger_msgs) StdoutLine: {'line': b'writing top-level names to ranger_msgs.egg-info/top_level.txt\n'}
[1.344063] (ranger_msgs) StdoutLine: {'line': b"writing manifest file 'ranger_msgs.egg-info/SOURCES.txt'\n"}
[1.344986] (ranger_msgs) StdoutLine: {'line': b"reading manifest file 'ranger_msgs.egg-info/SOURCES.txt'\n"}
[1.345236] (ranger_msgs) StdoutLine: {'line': b"writing manifest file 'ranger_msgs.egg-info/SOURCES.txt'\n"}
[1.359328] (ranger_msgs) StdoutLine: {'line': b'[  4%] Built target ament_cmake_python_build_ranger_msgs_egg\n'}
[1.401406] (-) TimerEvent: {}
[1.407791] (ranger_msgs) StdoutLine: {'line': b'[  4%] Built target ranger_msgs__rs\n'}
[1.476718] (ranger_msgs) StdoutLine: {'line': b'[  5%] Building C object CMakeFiles/ranger_msgs__rosidl_generator_c.dir/rosidl_generator_c/ranger_msgs/msg/detail/driver_state__functions.c.o\n'}
[1.476817] (ranger_msgs) StdoutLine: {'line': b'[  6%] Building C object CMakeFiles/ranger_msgs__rosidl_generator_c.dir/rosidl_generator_c/ranger_msgs/msg/detail/actuator_state_array__functions.c.o\n'}
[1.476843] (ranger_msgs) StdoutLine: {'line': b'[  8%] Building C object CMakeFiles/ranger_msgs__rosidl_generator_c.dir/rosidl_generator_c/ranger_msgs/msg/detail/system_state__functions.c.o\n'}
[1.478133] (ranger_msgs) StdoutLine: {'line': b'[  9%] Building C object CMakeFiles/ranger_msgs__rosidl_generator_c.dir/rosidl_generator_c/ranger_msgs/msg/detail/actuator_state__functions.c.o\n'}
[1.478208] (ranger_msgs) StdoutLine: {'line': b'[ 11%] Building C object CMakeFiles/ranger_msgs__rosidl_generator_c.dir/rosidl_generator_c/ranger_msgs/msg/detail/motor_state__functions.c.o\n'}
[1.478376] (ranger_msgs) StdoutLine: {'line': b'[ 12%] Building C object CMakeFiles/ranger_msgs__rosidl_generator_c.dir/rosidl_generator_c/ranger_msgs/msg/detail/motion_state__functions.c.o\n'}
[1.478986] (ranger_msgs) StdoutLine: {'line': b'[ 12%] Built target ranger_msgs__cpp\n'}
[1.484148] (ranger_msgs) StdoutLine: {'line': b'[ 15%] Generating C++ introspection for ROS interfaces\n'}
[1.484243] (ranger_msgs) StdoutLine: {'line': b'[ 15%] Generating C++ type support dispatch for ROS interfaces\n'}
[1.485624] (ranger_msgs) StdoutLine: {'line': b'[ 16%] Generating C++ type support for eProsima Fast-RTPS\n'}
[1.501493] (-) TimerEvent: {}
[1.543599] (ranger_msgs) StdoutLine: {'line': b'[ 18%] Linking C shared library libranger_msgs__rosidl_generator_c.so\n'}
[1.567558] (ranger_msgs) StdoutLine: {'line': b'[ 18%] Built target ranger_msgs__rosidl_generator_c\n'}
[1.574247] (ranger_msgs) StdoutLine: {'line': b'[ 19%] Generating C introspection for ROS interfaces\n'}
[1.574536] (ranger_msgs) StdoutLine: {'line': b'[ 22%] Generating C type support dispatch for ROS interfaces\n'}
[1.574589] (ranger_msgs) StdoutLine: {'line': b'[ 22%] Generating C type support for eProsima Fast-RTPS\n'}
[1.601613] (-) TimerEvent: {}
[1.689933] (ranger_msgs) StdoutLine: {'line': b'[ 25%] Building CXX object CMakeFiles/ranger_msgs__rosidl_typesupport_introspection_cpp.dir/rosidl_typesupport_introspection_cpp/ranger_msgs/msg/detail/actuator_state_array__type_support.cpp.o\n'}
[1.690086] (ranger_msgs) StdoutLine: {'line': b'[ 26%] Building CXX object CMakeFiles/ranger_msgs__rosidl_typesupport_cpp.dir/rosidl_typesupport_cpp/ranger_msgs/msg/motor_state__type_support.cpp.o\n'}
[1.690147] (ranger_msgs) StdoutLine: {'line': b'[ 26%] Building CXX object CMakeFiles/ranger_msgs__rosidl_typesupport_cpp.dir/rosidl_typesupport_cpp/ranger_msgs/msg/actuator_state__type_support.cpp.o\n'}
[1.690338] (ranger_msgs) StdoutLine: {'line': b'[ 27%] Building CXX object CMakeFiles/ranger_msgs__rosidl_typesupport_cpp.dir/rosidl_typesupport_cpp/ranger_msgs/msg/actuator_state_array__type_support.cpp.o\n'}
[1.691115] (ranger_msgs) StdoutLine: {'line': b'[ 29%] Building CXX object CMakeFiles/ranger_msgs__rosidl_typesupport_introspection_cpp.dir/rosidl_typesupport_introspection_cpp/ranger_msgs/msg/detail/motion_state__type_support.cpp.o\n'}
[1.691592] (ranger_msgs) StdoutLine: {'line': b'[ 31%] Building CXX object CMakeFiles/ranger_msgs__rosidl_typesupport_introspection_cpp.dir/rosidl_typesupport_introspection_cpp/ranger_msgs/msg/detail/motor_state__type_support.cpp.o\n'}
[1.691733] (ranger_msgs) StdoutLine: {'line': b'[ 30%] Building CXX object CMakeFiles/ranger_msgs__rosidl_typesupport_introspection_cpp.dir/rosidl_typesupport_introspection_cpp/ranger_msgs/msg/detail/actuator_state__type_support.cpp.o\n'}
[1.691786] (ranger_msgs) StdoutLine: {'line': b'[ 34%] Building CXX object CMakeFiles/ranger_msgs__rosidl_typesupport_cpp.dir/rosidl_typesupport_cpp/ranger_msgs/msg/driver_state__type_support.cpp.o\n'}
[1.691839] (ranger_msgs) StdoutLine: {'line': b'[ 34%] Building CXX object CMakeFiles/ranger_msgs__rosidl_typesupport_cpp.dir/rosidl_typesupport_cpp/ranger_msgs/msg/motion_state__type_support.cpp.o\n'}
[1.691944] (ranger_msgs) StdoutLine: {'line': b'[ 36%] Building CXX object CMakeFiles/ranger_msgs__rosidl_typesupport_introspection_cpp.dir/rosidl_typesupport_introspection_cpp/ranger_msgs/msg/detail/driver_state__type_support.cpp.o\n'}
[1.691995] (ranger_msgs) StdoutLine: {'line': b'[ 37%] Building CXX object CMakeFiles/ranger_msgs__rosidl_typesupport_cpp.dir/rosidl_typesupport_cpp/ranger_msgs/msg/system_state__type_support.cpp.o\n'}
[1.692533] (ranger_msgs) StdoutLine: {'line': b'[ 38%] Building CXX object CMakeFiles/ranger_msgs__rosidl_typesupport_introspection_cpp.dir/rosidl_typesupport_introspection_cpp/ranger_msgs/msg/detail/system_state__type_support.cpp.o\n'}
[1.703327] (-) TimerEvent: {}
[1.718961] (ranger_msgs) StdoutLine: {'line': b'[ 40%] Building CXX object CMakeFiles/ranger_msgs__rosidl_typesupport_fastrtps_cpp.dir/rosidl_typesupport_fastrtps_cpp/ranger_msgs/msg/detail/dds_fastrtps/actuator_state__type_support.cpp.o\n'}
[1.720156] (ranger_msgs) StdoutLine: {'line': b'[ 43%] Building CXX object CMakeFiles/ranger_msgs__rosidl_typesupport_fastrtps_cpp.dir/rosidl_typesupport_fastrtps_cpp/ranger_msgs/msg/detail/dds_fastrtps/driver_state__type_support.cpp.o\n'}
[1.720252] (ranger_msgs) StdoutLine: {'line': b'[ 43%] Building CXX object CMakeFiles/ranger_msgs__rosidl_typesupport_fastrtps_cpp.dir/rosidl_typesupport_fastrtps_cpp/ranger_msgs/msg/detail/dds_fastrtps/actuator_state_array__type_support.cpp.o\n'}
[1.720420] (ranger_msgs) StdoutLine: {'line': b'[ 44%] Building CXX object CMakeFiles/ranger_msgs__rosidl_typesupport_fastrtps_cpp.dir/rosidl_typesupport_fastrtps_cpp/ranger_msgs/msg/detail/dds_fastrtps/motion_state__type_support.cpp.o\n'}
[1.720743] (ranger_msgs) StdoutLine: {'line': b'[ 45%] Building CXX object CMakeFiles/ranger_msgs__rosidl_typesupport_fastrtps_cpp.dir/rosidl_typesupport_fastrtps_cpp/ranger_msgs/msg/detail/dds_fastrtps/system_state__type_support.cpp.o\n'}
[1.720880] (ranger_msgs) StdoutLine: {'line': b'[ 47%] Building CXX object CMakeFiles/ranger_msgs__rosidl_typesupport_fastrtps_cpp.dir/rosidl_typesupport_fastrtps_cpp/ranger_msgs/msg/detail/dds_fastrtps/motor_state__type_support.cpp.o\n'}
[1.777104] (ranger_msgs) StdoutLine: {'line': b'[ 51%] Building CXX object CMakeFiles/ranger_msgs__rosidl_typesupport_c.dir/rosidl_typesupport_c/ranger_msgs/msg/actuator_state__type_support.cpp.o\n'}
[1.777200] (ranger_msgs) StdoutLine: {'line': b'[ 51%] Building CXX object CMakeFiles/ranger_msgs__rosidl_typesupport_c.dir/rosidl_typesupport_c/ranger_msgs/msg/actuator_state_array__type_support.cpp.o\n'}
[1.777228] (ranger_msgs) StdoutLine: {'line': b'[ 51%] Building CXX object CMakeFiles/ranger_msgs__rosidl_typesupport_c.dir/rosidl_typesupport_c/ranger_msgs/msg/motion_state__type_support.cpp.o\n'}
[1.777272] (ranger_msgs) StdoutLine: {'line': b'[ 52%] Building CXX object CMakeFiles/ranger_msgs__rosidl_typesupport_c.dir/rosidl_typesupport_c/ranger_msgs/msg/driver_state__type_support.cpp.o\n'}
[1.803174] (ranger_msgs) StdoutLine: {'line': b'[ 54%] Building CXX object CMakeFiles/ranger_msgs__rosidl_typesupport_c.dir/rosidl_typesupport_c/ranger_msgs/msg/system_state__type_support.cpp.o\n'}
[1.803301] (ranger_msgs) StdoutLine: {'line': b'[ 55%] Building CXX object CMakeFiles/ranger_msgs__rosidl_typesupport_c.dir/rosidl_typesupport_c/ranger_msgs/msg/motor_state__type_support.cpp.o\n'}
[1.803342] (-) TimerEvent: {}
[1.825770] (ranger_msgs) StdoutLine: {'line': b'[ 56%] Linking CXX shared library libranger_msgs__rosidl_typesupport_c.so\n'}
[1.839121] (ranger_msgs) StdoutLine: {'line': b'[ 61%] Building C object CMakeFiles/ranger_msgs__rosidl_typesupport_introspection_c.dir/rosidl_typesupport_introspection_c/ranger_msgs/msg/detail/actuator_state__type_support.c.o\n'}
[1.839258] (ranger_msgs) StdoutLine: {'line': b'[ 61%] Building C object CMakeFiles/ranger_msgs__rosidl_typesupport_introspection_c.dir/rosidl_typesupport_introspection_c/ranger_msgs/msg/detail/motion_state__type_support.c.o\n'}
[1.839308] (ranger_msgs) StdoutLine: {'line': b'[ 61%] Building C object CMakeFiles/ranger_msgs__rosidl_typesupport_introspection_c.dir/rosidl_typesupport_introspection_c/ranger_msgs/msg/detail/actuator_state_array__type_support.c.o\n'}
[1.840075] (ranger_msgs) StdoutLine: {'line': b'[ 62%] Building C object CMakeFiles/ranger_msgs__rosidl_typesupport_introspection_c.dir/rosidl_typesupport_introspection_c/ranger_msgs/msg/detail/driver_state__type_support.c.o\n'}
[1.857584] (ranger_msgs) StdoutLine: {'line': b'[ 62%] Built target ranger_msgs__rosidl_typesupport_c\n'}
[1.862101] (ranger_msgs) StdoutLine: {'line': b'[ 63%] Building C object CMakeFiles/ranger_msgs__rosidl_typesupport_introspection_c.dir/rosidl_typesupport_introspection_c/ranger_msgs/msg/detail/motor_state__type_support.c.o\n'}
[1.867408] (ranger_msgs) StdoutLine: {'line': b'[ 65%] Building C object CMakeFiles/ranger_msgs__rosidl_typesupport_introspection_c.dir/rosidl_typesupport_introspection_c/ranger_msgs/msg/detail/system_state__type_support.c.o\n'}
[1.895016] (ranger_msgs) StdoutLine: {'line': b'[ 66%] Linking C shared library libranger_msgs__rosidl_typesupport_introspection_c.so\n'}
[1.901209] (ranger_msgs) StdoutLine: {'line': b'[ 68%] Building CXX object CMakeFiles/ranger_msgs__rosidl_typesupport_fastrtps_c.dir/rosidl_typesupport_fastrtps_c/ranger_msgs/msg/detail/motion_state__type_support_c.cpp.o\n'}
[1.901530] (ranger_msgs) StdoutLine: {'line': b'[ 70%] Building CXX object CMakeFiles/ranger_msgs__rosidl_typesupport_fastrtps_c.dir/rosidl_typesupport_fastrtps_c/ranger_msgs/msg/detail/motor_state__type_support_c.cpp.o\n'}
[1.901616] (ranger_msgs) StdoutLine: {'line': b'[ 70%] Building CXX object CMakeFiles/ranger_msgs__rosidl_typesupport_fastrtps_c.dir/rosidl_typesupport_fastrtps_c/ranger_msgs/msg/detail/driver_state__type_support_c.cpp.o\n'}
[1.901666] (ranger_msgs) StdoutLine: {'line': b'[ 73%] Building CXX object CMakeFiles/ranger_msgs__rosidl_typesupport_fastrtps_c.dir/rosidl_typesupport_fastrtps_c/ranger_msgs/msg/detail/actuator_state__type_support_c.cpp.o\n'}
[1.901720] (ranger_msgs) StdoutLine: {'line': b'[ 73%] Building CXX object CMakeFiles/ranger_msgs__rosidl_typesupport_fastrtps_c.dir/rosidl_typesupport_fastrtps_c/ranger_msgs/msg/detail/actuator_state_array__type_support_c.cpp.o\n'}
[1.901767] (ranger_msgs) StdoutLine: {'line': b'[ 75%] Building CXX object CMakeFiles/ranger_msgs__rosidl_typesupport_fastrtps_c.dir/rosidl_typesupport_fastrtps_c/ranger_msgs/msg/detail/system_state__type_support_c.cpp.o\n'}
[1.903443] (-) TimerEvent: {}
[1.917357] (ranger_msgs) StdoutLine: {'line': b'[ 75%] Built target ranger_msgs__rosidl_typesupport_introspection_c\n'}
[1.937607] (ranger_msgs) StdoutLine: {'line': b'[ 76%] Linking CXX shared library libranger_msgs__rosidl_typesupport_cpp.so\n'}
[1.969038] (ranger_msgs) StdoutLine: {'line': b'[ 76%] Built target ranger_msgs__rosidl_typesupport_cpp\n'}
[2.003580] (-) TimerEvent: {}
[2.029105] (ranger_msgs) StdoutLine: {'line': b'[ 77%] Linking CXX shared library libranger_msgs__rosidl_typesupport_introspection_cpp.so\n'}
[2.030261] (ranger_msgs) StdoutLine: {'line': b'[ 79%] Linking CXX shared library libranger_msgs__rosidl_typesupport_fastrtps_cpp.so\n'}
[2.071307] (ranger_msgs) StdoutLine: {'line': b'[ 79%] Built target ranger_msgs__rosidl_typesupport_introspection_cpp\n'}
[2.075011] (ranger_msgs) StdoutLine: {'line': b'[ 79%] Built target ranger_msgs__rosidl_typesupport_fastrtps_cpp\n'}
[2.103656] (-) TimerEvent: {}
[2.113300] (ranger_msgs) StdoutLine: {'line': b'[ 80%] Linking CXX shared library libranger_msgs__rosidl_typesupport_fastrtps_c.so\n'}
[2.159630] (ranger_msgs) StdoutLine: {'line': b'[ 80%] Built target ranger_msgs__rosidl_typesupport_fastrtps_c\n'}
[2.174545] (ranger_msgs) StdoutLine: {'line': b'[ 80%] Built target ranger_msgs\n'}
[2.187796] (ranger_msgs) StdoutLine: {'line': b'[ 81%] Generating Python code for ROS interfaces\n'}
[2.203712] (-) TimerEvent: {}
[2.303810] (-) TimerEvent: {}
[2.403981] (-) TimerEvent: {}
[2.504124] (-) TimerEvent: {}
[2.579804] (ranger_msgs) StdoutLine: {'line': b'[ 81%] Built target ranger_msgs__py\n'}
[2.591924] (ranger_msgs) StdoutLine: {'line': b'[ 84%] Building C object CMakeFiles/ranger_msgs__rosidl_generator_py.dir/rosidl_generator_py/ranger_msgs/msg/_motion_state_s.c.o\n'}
[2.592010] (ranger_msgs) StdoutLine: {'line': b'[ 84%] Building C object CMakeFiles/ranger_msgs__rosidl_generator_py.dir/rosidl_generator_py/ranger_msgs/msg/_motor_state_s.c.o\n'}
[2.592933] (ranger_msgs) StdoutLine: {'line': b'[ 86%] Building C object CMakeFiles/ranger_msgs__rosidl_generator_py.dir/rosidl_generator_py/ranger_msgs/msg/_actuator_state_s.c.o\n'}
[2.593175] (ranger_msgs) StdoutLine: {'line': b'[ 87%] Building C object CMakeFiles/ranger_msgs__rosidl_generator_py.dir/rosidl_generator_py/ranger_msgs/msg/_actuator_state_array_s.c.o\n'}
[2.593289] (ranger_msgs) StdoutLine: {'line': b'[ 88%] Building C object CMakeFiles/ranger_msgs__rosidl_generator_py.dir/rosidl_generator_py/ranger_msgs/msg/_driver_state_s.c.o\n'}
[2.593807] (ranger_msgs) StdoutLine: {'line': b'[ 90%] Building C object CMakeFiles/ranger_msgs__rosidl_generator_py.dir/rosidl_generator_py/ranger_msgs/msg/_system_state_s.c.o\n'}
[2.604223] (-) TimerEvent: {}
[2.658451] (ranger_msgs) StdoutLine: {'line': b'[ 91%] Linking C shared library rosidl_generator_py/ranger_msgs/libranger_msgs__rosidl_generator_py.so\n'}
[2.685723] (ranger_msgs) StdoutLine: {'line': b'[ 91%] Built target ranger_msgs__rosidl_generator_py\n'}
[2.699716] (ranger_msgs) StdoutLine: {'line': b'[ 93%] Building C object CMakeFiles/ranger_msgs__rosidl_typesupport_introspection_c__pyext.dir/rosidl_generator_py/ranger_msgs/_ranger_msgs_s.ep.rosidl_typesupport_introspection_c.c.o\n'}
[2.701440] (ranger_msgs) StdoutLine: {'line': b'[ 94%] Building C object CMakeFiles/ranger_msgs__rosidl_typesupport_c__pyext.dir/rosidl_generator_py/ranger_msgs/_ranger_msgs_s.ep.rosidl_typesupport_c.c.o\n'}
[2.701928] (ranger_msgs) StdoutLine: {'line': b'[ 95%] Building C object CMakeFiles/ranger_msgs__rosidl_typesupport_fastrtps_c__pyext.dir/rosidl_generator_py/ranger_msgs/_ranger_msgs_s.ep.rosidl_typesupport_fastrtps_c.c.o\n'}
[2.704290] (-) TimerEvent: {}
[2.782090] (ranger_msgs) StdoutLine: {'line': b'[ 97%] Linking C shared library rosidl_generator_py/ranger_msgs/ranger_msgs_s__rosidl_typesupport_introspection_c.cpython-310-x86_64-linux-gnu.so\n'}
[2.786278] (ranger_msgs) StdoutLine: {'line': b'[ 98%] Linking C shared library rosidl_generator_py/ranger_msgs/ranger_msgs_s__rosidl_typesupport_fastrtps_c.cpython-310-x86_64-linux-gnu.so\n'}
[2.787322] (ranger_msgs) StdoutLine: {'line': b'[100%] Linking C shared library rosidl_generator_py/ranger_msgs/ranger_msgs_s__rosidl_typesupport_c.cpython-310-x86_64-linux-gnu.so\n'}
[2.803356] (ranger_msgs) StdoutLine: {'line': b'[100%] Built target ranger_msgs__rosidl_typesupport_introspection_c__pyext\n'}
[2.804357] (-) TimerEvent: {}
[2.810383] (ranger_msgs) StdoutLine: {'line': b'[100%] Built target ranger_msgs__rosidl_typesupport_fastrtps_c__pyext\n'}
[2.811994] (ranger_msgs) StdoutLine: {'line': b'[100%] Built target ranger_msgs__rosidl_typesupport_c__pyext\n'}
[2.819137] (ranger_msgs) CommandEnded: {'returncode': 0}
[2.819827] (ranger_msgs) JobProgress: {'identifier': 'ranger_msgs', 'progress': 'install'}
[2.827525] (ranger_msgs) Command: {'cmd': ['/usr/bin/cmake', '--install', '/root/git/ranger_ros2/build/ranger_msgs'], 'cwd': '/root/git/ranger_ros2/build/ranger_msgs', 'env': OrderedDict([('HOSTNAME', 'cona-MS-7D96'), ('SHLVL', '1'), ('LD_LIBRARY_PATH', '/opt/ros/humble/opt/rviz_ogre_vendor/lib:/opt/ros/humble/lib/x86_64-linux-gnu:/opt/ros/humble/lib'), ('HOME', '/root'), ('OLDPWD', '/'), ('ROS_PYTHON_VERSION', '3'), ('ROS_DISTRO', 'humble'), ('_', '/usr/bin/colcon'), ('ROS_VERSION', '2'), ('FLIR_GENTL64_CTI', '/opt/spinnaker/lib/flir-gentl/FLIR_GenTL.cti'), ('ROS_LOCALHOST_ONLY', '0'), ('PATH', '/opt/ros/humble/bin:/opt/spinnaker/bin:/usr/local/sbin:/usr/local/bin:/usr/sbin:/usr/bin:/sbin:/bin'), ('DISPLAY', ':1'), ('LANG', 'C.UTF-8'), ('AMENT_PREFIX_PATH', '/opt/ros/humble'), ('DEBIAN_FRONTEND', 'noninteractive'), ('PWD', '/root/git/ranger_ros2/build/ranger_msgs'), ('LC_ALL', 'C.UTF-8'), ('PYTHONPATH', '/opt/ros/humble/lib/python3.10/site-packages:/opt/ros/humble/local/lib/python3.10/dist-packages'), ('TZ', 'Asia/Seoul'), ('COLCON', '1'), ('CMAKE_PREFIX_PATH', '/opt/ros/humble')]), 'shell': False}
[2.837978] (ranger_msgs) StdoutLine: {'line': b'-- Install configuration: "Release"\n'}
[2.838348] (ranger_msgs) StdoutLine: {'line': b'-- Installing: /root/git/ranger_ros2/install/ranger_msgs/share/ament_index/resource_index/rosidl_interfaces/ranger_msgs\n'}
[2.838674] (ranger_msgs) StdoutLine: {'line': b'-- Installing: /root/git/ranger_ros2/install/ranger_msgs/include/ranger_msgs/ranger_msgs\n'}
[2.838966] (ranger_msgs) StdoutLine: {'line': b'-- Installing: /root/git/ranger_ros2/install/ranger_msgs/include/ranger_msgs/ranger_msgs/msg\n'}
[2.839232] (ranger_msgs) StdoutLine: {'line': b'-- Installing: /root/git/ranger_ros2/install/ranger_msgs/include/ranger_msgs/ranger_msgs/msg/system_state.h\n'}
[2.839511] (ranger_msgs) StdoutLine: {'line': b'-- Installing: /root/git/ranger_ros2/install/ranger_msgs/include/ranger_msgs/ranger_msgs/msg/actuator_state_array.h\n'}
[2.839768] (ranger_msgs) StdoutLine: {'line': b'-- Installing: /root/git/ranger_ros2/install/ranger_msgs/include/ranger_msgs/ranger_msgs/msg/rosidl_generator_c__visibility_control.h\n'}
[2.840021] (ranger_msgs) StdoutLine: {'line': b'-- Installing: /root/git/ranger_ros2/install/ranger_msgs/include/ranger_msgs/ranger_msgs/msg/detail\n'}
[2.840229] (ranger_msgs) StdoutLine: {'line': b'-- Installing: /root/git/ranger_ros2/install/ranger_msgs/include/ranger_msgs/ranger_msgs/msg/detail/driver_state__functions.c\n'}
[2.840439] (ranger_msgs) StdoutLine: {'line': b'-- Installing: /root/git/ranger_ros2/install/ranger_msgs/include/ranger_msgs/ranger_msgs/msg/detail/actuator_state__struct.h\n'}
[2.840631] (ranger_msgs) StdoutLine: {'line': b'-- Installing: /root/git/ranger_ros2/install/ranger_msgs/include/ranger_msgs/ranger_msgs/msg/detail/system_state__functions.c\n'}
[2.840824] (ranger_msgs) StdoutLine: {'line': b'-- Installing: /root/git/ranger_ros2/install/ranger_msgs/include/ranger_msgs/ranger_msgs/msg/detail/motor_state__struct.h\n'}
[2.840973] (ranger_msgs) StdoutLine: {'line': b'-- Installing: /root/git/ranger_ros2/install/ranger_msgs/include/ranger_msgs/ranger_msgs/msg/detail/actuator_state__functions.h\n'}
[2.841060] (ranger_msgs) StdoutLine: {'line': b'-- Installing: /root/git/ranger_ros2/install/ranger_msgs/include/ranger_msgs/ranger_msgs/msg/detail/system_state__struct.h\n'}
[2.841252] (ranger_msgs) StdoutLine: {'line': b'-- Installing: /root/git/ranger_ros2/install/ranger_msgs/include/ranger_msgs/ranger_msgs/msg/detail/motor_state__functions.c\n'}
[2.841505] (ranger_msgs) StdoutLine: {'line': b'-- Installing: /root/git/ranger_ros2/install/ranger_msgs/include/ranger_msgs/ranger_msgs/msg/detail/actuator_state__functions.c\n'}
[2.841656] (ranger_msgs) StdoutLine: {'line': b'-- Installing: /root/git/ranger_ros2/install/ranger_msgs/include/ranger_msgs/ranger_msgs/msg/detail/driver_state__functions.h\n'}
[2.841778] (ranger_msgs) StdoutLine: {'line': b'-- Installing: /root/git/ranger_ros2/install/ranger_msgs/include/ranger_msgs/ranger_msgs/msg/detail/motion_state__struct.h\n'}
[2.841969] (ranger_msgs) StdoutLine: {'line': b'-- Installing: /root/git/ranger_ros2/install/ranger_msgs/include/ranger_msgs/ranger_msgs/msg/detail/actuator_state_array__struct.h\n'}
[2.842181] (ranger_msgs) StdoutLine: {'line': b'-- Installing: /root/git/ranger_ros2/install/ranger_msgs/include/ranger_msgs/ranger_msgs/msg/detail/motion_state__type_support.h\n'}
[2.842373] (ranger_msgs) StdoutLine: {'line': b'-- Installing: /root/git/ranger_ros2/install/ranger_msgs/include/ranger_msgs/ranger_msgs/msg/detail/actuator_state_array__functions.h\n'}
[2.842550] (ranger_msgs) StdoutLine: {'line': b'-- Installing: /root/git/ranger_ros2/install/ranger_msgs/include/ranger_msgs/ranger_msgs/msg/detail/driver_state__type_support.h\n'}
[2.842725] (ranger_msgs) StdoutLine: {'line': b'-- Installing: /root/git/ranger_ros2/install/ranger_msgs/include/ranger_msgs/ranger_msgs/msg/detail/motor_state__type_support.h\n'}
[2.842892] (ranger_msgs) StdoutLine: {'line': b'-- Installing: /root/git/ranger_ros2/install/ranger_msgs/include/ranger_msgs/ranger_msgs/msg/detail/motion_state__functions.h\n'}
[2.843064] (ranger_msgs) StdoutLine: {'line': b'-- Installing: /root/git/ranger_ros2/install/ranger_msgs/include/ranger_msgs/ranger_msgs/msg/detail/motor_state__functions.h\n'}
[2.843222] (ranger_msgs) StdoutLine: {'line': b'-- Installing: /root/git/ranger_ros2/install/ranger_msgs/include/ranger_msgs/ranger_msgs/msg/detail/driver_state__struct.h\n'}
[2.843358] (ranger_msgs) StdoutLine: {'line': b'-- Installing: /root/git/ranger_ros2/install/ranger_msgs/include/ranger_msgs/ranger_msgs/msg/detail/motion_state__functions.c\n'}
[2.843489] (ranger_msgs) StdoutLine: {'line': b'-- Installing: /root/git/ranger_ros2/install/ranger_msgs/include/ranger_msgs/ranger_msgs/msg/detail/actuator_state__type_support.h\n'}
[2.843575] (ranger_msgs) StdoutLine: {'line': b'-- Installing: /root/git/ranger_ros2/install/ranger_msgs/include/ranger_msgs/ranger_msgs/msg/detail/actuator_state_array__type_support.h\n'}
[2.843739] (ranger_msgs) StdoutLine: {'line': b'-- Installing: /root/git/ranger_ros2/install/ranger_msgs/include/ranger_msgs/ranger_msgs/msg/detail/actuator_state_array__functions.c\n'}
[2.843878] (ranger_msgs) StdoutLine: {'line': b'-- Installing: /root/git/ranger_ros2/install/ranger_msgs/include/ranger_msgs/ranger_msgs/msg/detail/system_state__functions.h\n'}
[2.844027] (ranger_msgs) StdoutLine: {'line': b'-- Installing: /root/git/ranger_ros2/install/ranger_msgs/include/ranger_msgs/ranger_msgs/msg/detail/system_state__type_support.h\n'}
[2.844094] (ranger_msgs) StdoutLine: {'line': b'-- Installing: /root/git/ranger_ros2/install/ranger_msgs/include/ranger_msgs/ranger_msgs/msg/driver_state.h\n'}
[2.844217] (ranger_msgs) StdoutLine: {'line': b'-- Installing: /root/git/ranger_ros2/install/ranger_msgs/include/ranger_msgs/ranger_msgs/msg/actuator_state.h\n'}
[2.844411] (ranger_msgs) StdoutLine: {'line': b'-- Installing: /root/git/ranger_ros2/install/ranger_msgs/include/ranger_msgs/ranger_msgs/msg/motion_state.h\n'}
[2.844463] (ranger_msgs) StdoutLine: {'line': b'-- Installing: /root/git/ranger_ros2/install/ranger_msgs/include/ranger_msgs/ranger_msgs/msg/motor_state.h\n'}
[2.844496] (ranger_msgs) StdoutLine: {'line': b'-- Installing: /root/git/ranger_ros2/install/ranger_msgs/share/ranger_msgs/environment/library_path.sh\n'}
[2.844526] (ranger_msgs) StdoutLine: {'line': b'-- Installing: /root/git/ranger_ros2/install/ranger_msgs/share/ranger_msgs/environment/library_path.dsv\n'}
[2.844554] (ranger_msgs) StdoutLine: {'line': b'-- Installing: /root/git/ranger_ros2/install/ranger_msgs/lib/libranger_msgs__rosidl_generator_c.so\n'}
[2.844582] (ranger_msgs) StdoutLine: {'line': b'-- Set runtime path of "/root/git/ranger_ros2/install/ranger_msgs/lib/libranger_msgs__rosidl_generator_c.so" to ""\n'}
[2.844649] (ranger_msgs) StdoutLine: {'line': b'-- Up-to-date: /root/git/ranger_ros2/install/ranger_msgs/include/ranger_msgs/ranger_msgs\n'}
[2.844677] (ranger_msgs) StdoutLine: {'line': b'-- Up-to-date: /root/git/ranger_ros2/install/ranger_msgs/include/ranger_msgs/ranger_msgs/msg\n'}
[2.844704] (ranger_msgs) StdoutLine: {'line': b'-- Installing: /root/git/ranger_ros2/install/ranger_msgs/include/ranger_msgs/ranger_msgs/msg/rosidl_typesupport_fastrtps_c__visibility_control.h\n'}
[2.844741] (ranger_msgs) StdoutLine: {'line': b'-- Up-to-date: /root/git/ranger_ros2/install/ranger_msgs/include/ranger_msgs/ranger_msgs/msg/detail\n'}
[2.844768] (ranger_msgs) StdoutLine: {'line': b'-- Installing: /root/git/ranger_ros2/install/ranger_msgs/include/ranger_msgs/ranger_msgs/msg/detail/actuator_state_array__rosidl_typesupport_fastrtps_c.h\n'}
[2.844817] (ranger_msgs) StdoutLine: {'line': b'-- Installing: /root/git/ranger_ros2/install/ranger_msgs/include/ranger_msgs/ranger_msgs/msg/detail/motion_state__rosidl_typesupport_fastrtps_c.h\n'}
[2.844844] (ranger_msgs) StdoutLine: {'line': b'-- Installing: /root/git/ranger_ros2/install/ranger_msgs/include/ranger_msgs/ranger_msgs/msg/detail/actuator_state__rosidl_typesupport_fastrtps_c.h\n'}
[2.844870] (ranger_msgs) StdoutLine: {'line': b'-- Installing: /root/git/ranger_ros2/install/ranger_msgs/include/ranger_msgs/ranger_msgs/msg/detail/system_state__rosidl_typesupport_fastrtps_c.h\n'}
[2.844895] (ranger_msgs) StdoutLine: {'line': b'-- Installing: /root/git/ranger_ros2/install/ranger_msgs/include/ranger_msgs/ranger_msgs/msg/detail/motor_state__rosidl_typesupport_fastrtps_c.h\n'}
[2.844921] (ranger_msgs) StdoutLine: {'line': b'-- Installing: /root/git/ranger_ros2/install/ranger_msgs/include/ranger_msgs/ranger_msgs/msg/detail/driver_state__rosidl_typesupport_fastrtps_c.h\n'}
[2.844946] (ranger_msgs) StdoutLine: {'line': b'-- Installing: /root/git/ranger_ros2/install/ranger_msgs/lib/libranger_msgs__rosidl_typesupport_fastrtps_c.so\n'}
[2.844972] (ranger_msgs) StdoutLine: {'line': b'-- Set runtime path of "/root/git/ranger_ros2/install/ranger_msgs/lib/libranger_msgs__rosidl_typesupport_fastrtps_c.so" to ""\n'}
[2.844996] (ranger_msgs) StdoutLine: {'line': b'-- Up-to-date: /root/git/ranger_ros2/install/ranger_msgs/include/ranger_msgs/ranger_msgs\n'}
[2.845021] (ranger_msgs) StdoutLine: {'line': b'-- Up-to-date: /root/git/ranger_ros2/install/ranger_msgs/include/ranger_msgs/ranger_msgs/msg\n'}
[2.845046] (ranger_msgs) StdoutLine: {'line': b'-- Installing: /root/git/ranger_ros2/install/ranger_msgs/include/ranger_msgs/ranger_msgs/msg/system_state.hpp\n'}
[2.845070] (ranger_msgs) StdoutLine: {'line': b'-- Installing: /root/git/ranger_ros2/install/ranger_msgs/include/ranger_msgs/ranger_msgs/msg/motor_state.hpp\n'}
[2.845098] (ranger_msgs) StdoutLine: {'line': b'-- Installing: /root/git/ranger_ros2/install/ranger_msgs/include/ranger_msgs/ranger_msgs/msg/actuator_state.hpp\n'}
[2.845122] (ranger_msgs) StdoutLine: {'line': b'-- Installing: /root/git/ranger_ros2/install/ranger_msgs/include/ranger_msgs/ranger_msgs/msg/motion_state.hpp\n'}
[2.845147] (ranger_msgs) StdoutLine: {'line': b'-- Installing: /root/git/ranger_ros2/install/ranger_msgs/include/ranger_msgs/ranger_msgs/msg/actuator_state_array.hpp\n'}
[2.845172] (ranger_msgs) StdoutLine: {'line': b'-- Installing: /root/git/ranger_ros2/install/ranger_msgs/include/ranger_msgs/ranger_msgs/msg/rosidl_generator_cpp__visibility_control.hpp\n'}
[2.845196] (ranger_msgs) StdoutLine: {'line': b'-- Up-to-date: /root/git/ranger_ros2/install/ranger_msgs/include/ranger_msgs/ranger_msgs/msg/detail\n'}
[2.845221] (ranger_msgs) StdoutLine: {'line': b'-- Installing: /root/git/ranger_ros2/install/ranger_msgs/include/ranger_msgs/ranger_msgs/msg/detail/actuator_state_array__struct.hpp\n'}
[2.845247] (ranger_msgs) StdoutLine: {'line': b'-- Installing: /root/git/ranger_ros2/install/ranger_msgs/include/ranger_msgs/ranger_msgs/msg/detail/motor_state__type_support.hpp\n'}
[2.845272] (ranger_msgs) StdoutLine: {'line': b'-- Installing: /root/git/ranger_ros2/install/ranger_msgs/include/ranger_msgs/ranger_msgs/msg/detail/motor_state__traits.hpp\n'}
[2.845298] (ranger_msgs) StdoutLine: {'line': b'-- Installing: /root/git/ranger_ros2/install/ranger_msgs/include/ranger_msgs/ranger_msgs/msg/detail/actuator_state_array__builder.hpp\n'}
[2.845321] (ranger_msgs) StdoutLine: {'line': b'-- Installing: /root/git/ranger_ros2/install/ranger_msgs/include/ranger_msgs/ranger_msgs/msg/detail/motion_state__traits.hpp\n'}
[2.845345] (ranger_msgs) StdoutLine: {'line': b'-- Installing: /root/git/ranger_ros2/install/ranger_msgs/include/ranger_msgs/ranger_msgs/msg/detail/system_state__traits.hpp\n'}
[2.845367] (ranger_msgs) StdoutLine: {'line': b'-- Installing: /root/git/ranger_ros2/install/ranger_msgs/include/ranger_msgs/ranger_msgs/msg/detail/system_state__builder.hpp\n'}
[2.845390] (ranger_msgs) StdoutLine: {'line': b'-- Installing: /root/git/ranger_ros2/install/ranger_msgs/include/ranger_msgs/ranger_msgs/msg/detail/actuator_state__struct.hpp\n'}
[2.845413] (ranger_msgs) StdoutLine: {'line': b'-- Installing: /root/git/ranger_ros2/install/ranger_msgs/include/ranger_msgs/ranger_msgs/msg/detail/motor_state__builder.hpp\n'}
[2.845436] (ranger_msgs) StdoutLine: {'line': b'-- Installing: /root/git/ranger_ros2/install/ranger_msgs/include/ranger_msgs/ranger_msgs/msg/detail/driver_state__struct.hpp\n'}
[2.845459] (ranger_msgs) StdoutLine: {'line': b'-- Installing: /root/git/ranger_ros2/install/ranger_msgs/include/ranger_msgs/ranger_msgs/msg/detail/motor_state__struct.hpp\n'}
[2.845481] (ranger_msgs) StdoutLine: {'line': b'-- Installing: /root/git/ranger_ros2/install/ranger_msgs/include/ranger_msgs/ranger_msgs/msg/detail/driver_state__traits.hpp\n'}
[2.845504] (ranger_msgs) StdoutLine: {'line': b'-- Installing: /root/git/ranger_ros2/install/ranger_msgs/include/ranger_msgs/ranger_msgs/msg/detail/driver_state__type_support.hpp\n'}
[2.845528] (ranger_msgs) StdoutLine: {'line': b'-- Installing: /root/git/ranger_ros2/install/ranger_msgs/include/ranger_msgs/ranger_msgs/msg/detail/actuator_state__type_support.hpp\n'}
[2.845550] (ranger_msgs) StdoutLine: {'line': b'-- Installing: /root/git/ranger_ros2/install/ranger_msgs/include/ranger_msgs/ranger_msgs/msg/detail/actuator_state__traits.hpp\n'}
[2.845588] (ranger_msgs) StdoutLine: {'line': b'-- Installing: /root/git/ranger_ros2/install/ranger_msgs/include/ranger_msgs/ranger_msgs/msg/detail/motion_state__type_support.hpp\n'}
[2.845612] (ranger_msgs) StdoutLine: {'line': b'-- Installing: /root/git/ranger_ros2/install/ranger_msgs/include/ranger_msgs/ranger_msgs/msg/detail/motion_state__struct.hpp\n'}
[2.845634] (ranger_msgs) StdoutLine: {'line': b'-- Installing: /root/git/ranger_ros2/install/ranger_msgs/include/ranger_msgs/ranger_msgs/msg/detail/system_state__struct.hpp\n'}
[2.845656] (ranger_msgs) StdoutLine: {'line': b'-- Installing: /root/git/ranger_ros2/install/ranger_msgs/include/ranger_msgs/ranger_msgs/msg/detail/actuator_state_array__type_support.hpp\n'}
[2.845679] (ranger_msgs) StdoutLine: {'line': b'-- Installing: /root/git/ranger_ros2/install/ranger_msgs/include/ranger_msgs/ranger_msgs/msg/detail/motion_state__builder.hpp\n'}
[2.845701] (ranger_msgs) StdoutLine: {'line': b'-- Installing: /root/git/ranger_ros2/install/ranger_msgs/include/ranger_msgs/ranger_msgs/msg/detail/actuator_state__builder.hpp\n'}
[2.845723] (ranger_msgs) StdoutLine: {'line': b'-- Installing: /root/git/ranger_ros2/install/ranger_msgs/include/ranger_msgs/ranger_msgs/msg/detail/system_state__type_support.hpp\n'}
[2.845746] (ranger_msgs) StdoutLine: {'line': b'-- Installing: /root/git/ranger_ros2/install/ranger_msgs/include/ranger_msgs/ranger_msgs/msg/detail/actuator_state_array__traits.hpp\n'}
[2.845769] (ranger_msgs) StdoutLine: {'line': b'-- Installing: /root/git/ranger_ros2/install/ranger_msgs/include/ranger_msgs/ranger_msgs/msg/detail/driver_state__builder.hpp\n'}
[2.845791] (ranger_msgs) StdoutLine: {'line': b'-- Installing: /root/git/ranger_ros2/install/ranger_msgs/include/ranger_msgs/ranger_msgs/msg/driver_state.hpp\n'}
[2.845835] (ranger_msgs) StdoutLine: {'line': b'-- Up-to-date: /root/git/ranger_ros2/install/ranger_msgs/include/ranger_msgs/ranger_msgs\n'}
[2.845860] (ranger_msgs) StdoutLine: {'line': b'-- Up-to-date: /root/git/ranger_ros2/install/ranger_msgs/include/ranger_msgs/ranger_msgs/msg\n'}
[2.845883] (ranger_msgs) StdoutLine: {'line': b'-- Installing: /root/git/ranger_ros2/install/ranger_msgs/include/ranger_msgs/ranger_msgs/msg/rosidl_typesupport_fastrtps_cpp__visibility_control.h\n'}
[2.845907] (ranger_msgs) StdoutLine: {'line': b'-- Up-to-date: /root/git/ranger_ros2/install/ranger_msgs/include/ranger_msgs/ranger_msgs/msg/detail\n'}
[2.845930] (ranger_msgs) StdoutLine: {'line': b'-- Installing: /root/git/ranger_ros2/install/ranger_msgs/include/ranger_msgs/ranger_msgs/msg/detail/dds_fastrtps\n'}
[2.845953] (ranger_msgs) StdoutLine: {'line': b'-- Installing: /root/git/ranger_ros2/install/ranger_msgs/include/ranger_msgs/ranger_msgs/msg/detail/motor_state__rosidl_typesupport_fastrtps_cpp.hpp\n'}
[2.846041] (ranger_msgs) StdoutLine: {'line': b'-- Installing: /root/git/ranger_ros2/install/ranger_msgs/include/ranger_msgs/ranger_msgs/msg/detail/driver_state__rosidl_typesupport_fastrtps_cpp.hpp\n'}
[2.846065] (ranger_msgs) StdoutLine: {'line': b'-- Installing: /root/git/ranger_ros2/install/ranger_msgs/include/ranger_msgs/ranger_msgs/msg/detail/system_state__rosidl_typesupport_fastrtps_cpp.hpp\n'}
[2.846087] (ranger_msgs) StdoutLine: {'line': b'-- Installing: /root/git/ranger_ros2/install/ranger_msgs/include/ranger_msgs/ranger_msgs/msg/detail/actuator_state_array__rosidl_typesupport_fastrtps_cpp.hpp\n'}
[2.846110] (ranger_msgs) StdoutLine: {'line': b'-- Installing: /root/git/ranger_ros2/install/ranger_msgs/include/ranger_msgs/ranger_msgs/msg/detail/motion_state__rosidl_typesupport_fastrtps_cpp.hpp\n'}
[2.846134] (ranger_msgs) StdoutLine: {'line': b'-- Installing: /root/git/ranger_ros2/install/ranger_msgs/include/ranger_msgs/ranger_msgs/msg/detail/actuator_state__rosidl_typesupport_fastrtps_cpp.hpp\n'}
[2.846261] (ranger_msgs) StdoutLine: {'line': b'-- Installing: /root/git/ranger_ros2/install/ranger_msgs/lib/libranger_msgs__rosidl_typesupport_fastrtps_cpp.so\n'}
[2.846286] (ranger_msgs) StdoutLine: {'line': b'-- Set runtime path of "/root/git/ranger_ros2/install/ranger_msgs/lib/libranger_msgs__rosidl_typesupport_fastrtps_cpp.so" to ""\n'}
[2.846306] (ranger_msgs) StdoutLine: {'line': b'-- Up-to-date: /root/git/ranger_ros2/install/ranger_msgs/include/ranger_msgs/ranger_msgs\n'}
[2.846327] (ranger_msgs) StdoutLine: {'line': b'-- Up-to-date: /root/git/ranger_ros2/install/ranger_msgs/include/ranger_msgs/ranger_msgs/msg\n'}
[2.846347] (ranger_msgs) StdoutLine: {'line': b'-- Installing: /root/git/ranger_ros2/install/ranger_msgs/include/ranger_msgs/ranger_msgs/msg/rosidl_typesupport_introspection_c__visibility_control.h\n'}
[2.846368] (ranger_msgs) StdoutLine: {'line': b'-- Up-to-date: /root/git/ranger_ros2/install/ranger_msgs/include/ranger_msgs/ranger_msgs/msg/detail\n'}
[2.846388] (ranger_msgs) StdoutLine: {'line': b'-- Installing: /root/git/ranger_ros2/install/ranger_msgs/include/ranger_msgs/ranger_msgs/msg/detail/system_state__rosidl_typesupport_introspection_c.h\n'}
[2.846461] (ranger_msgs) StdoutLine: {'line': b'-- Installing: /root/git/ranger_ros2/install/ranger_msgs/include/ranger_msgs/ranger_msgs/msg/detail/actuator_state__type_support.c\n'}
[2.846483] (ranger_msgs) StdoutLine: {'line': b'-- Installing: /root/git/ranger_ros2/install/ranger_msgs/include/ranger_msgs/ranger_msgs/msg/detail/driver_state__type_support.c\n'}
[2.846503] (ranger_msgs) StdoutLine: {'line': b'-- Installing: /root/git/ranger_ros2/install/ranger_msgs/include/ranger_msgs/ranger_msgs/msg/detail/system_state__type_support.c\n'}
[2.846523] (ranger_msgs) StdoutLine: {'line': b'-- Installing: /root/git/ranger_ros2/install/ranger_msgs/include/ranger_msgs/ranger_msgs/msg/detail/driver_state__rosidl_typesupport_introspection_c.h\n'}
[2.846544] (ranger_msgs) StdoutLine: {'line': b'-- Installing: /root/git/ranger_ros2/install/ranger_msgs/include/ranger_msgs/ranger_msgs/msg/detail/motor_state__type_support.c\n'}
[2.846849] (ranger_msgs) StdoutLine: {'line': b'-- Installing: /root/git/ranger_ros2/install/ranger_msgs/include/ranger_msgs/ranger_msgs/msg/detail/actuator_state_array__rosidl_typesupport_introspection_c.h\n'}
[2.846870] (ranger_msgs) StdoutLine: {'line': b'-- Installing: /root/git/ranger_ros2/install/ranger_msgs/include/ranger_msgs/ranger_msgs/msg/detail/motor_state__rosidl_typesupport_introspection_c.h\n'}
[2.846891] (ranger_msgs) StdoutLine: {'line': b'-- Installing: /root/git/ranger_ros2/install/ranger_msgs/include/ranger_msgs/ranger_msgs/msg/detail/motion_state__rosidl_typesupport_introspection_c.h\n'}
[2.846912] (ranger_msgs) StdoutLine: {'line': b'-- Installing: /root/git/ranger_ros2/install/ranger_msgs/include/ranger_msgs/ranger_msgs/msg/detail/actuator_state__rosidl_typesupport_introspection_c.h\n'}
[2.846933] (ranger_msgs) StdoutLine: {'line': b'-- Installing: /root/git/ranger_ros2/install/ranger_msgs/include/ranger_msgs/ranger_msgs/msg/detail/actuator_state_array__type_support.c\n'}
[2.846954] (ranger_msgs) StdoutLine: {'line': b'-- Installing: /root/git/ranger_ros2/install/ranger_msgs/include/ranger_msgs/ranger_msgs/msg/detail/motion_state__type_support.c\n'}
[2.846977] (ranger_msgs) StdoutLine: {'line': b'-- Installing: /root/git/ranger_ros2/install/ranger_msgs/lib/libranger_msgs__rosidl_typesupport_introspection_c.so\n'}
[2.846996] (ranger_msgs) StdoutLine: {'line': b'-- Set runtime path of "/root/git/ranger_ros2/install/ranger_msgs/lib/libranger_msgs__rosidl_typesupport_introspection_c.so" to ""\n'}
[2.847016] (ranger_msgs) StdoutLine: {'line': b'-- Installing: /root/git/ranger_ros2/install/ranger_msgs/lib/libranger_msgs__rosidl_typesupport_c.so\n'}
[2.847035] (ranger_msgs) StdoutLine: {'line': b'-- Set runtime path of "/root/git/ranger_ros2/install/ranger_msgs/lib/libranger_msgs__rosidl_typesupport_c.so" to ""\n'}
[2.847054] (ranger_msgs) StdoutLine: {'line': b'-- Up-to-date: /root/git/ranger_ros2/install/ranger_msgs/include/ranger_msgs/ranger_msgs\n'}
[2.847072] (ranger_msgs) StdoutLine: {'line': b'-- Up-to-date: /root/git/ranger_ros2/install/ranger_msgs/include/ranger_msgs/ranger_msgs/msg\n'}
[2.847131] (ranger_msgs) StdoutLine: {'line': b'-- Up-to-date: /root/git/ranger_ros2/install/ranger_msgs/include/ranger_msgs/ranger_msgs/msg/detail\n'}
[2.847148] (ranger_msgs) StdoutLine: {'line': b'-- Installing: /root/git/ranger_ros2/install/ranger_msgs/include/ranger_msgs/ranger_msgs/msg/detail/motion_state__rosidl_typesupport_introspection_cpp.hpp\n'}
[2.847166] (ranger_msgs) StdoutLine: {'line': b'-- Installing: /root/git/ranger_ros2/install/ranger_msgs/include/ranger_msgs/ranger_msgs/msg/detail/driver_state__rosidl_typesupport_introspection_cpp.hpp\n'}
[2.847183] (ranger_msgs) StdoutLine: {'line': b'-- Installing: /root/git/ranger_ros2/install/ranger_msgs/include/ranger_msgs/ranger_msgs/msg/detail/motor_state__type_support.cpp\n'}
[2.847201] (ranger_msgs) StdoutLine: {'line': b'-- Installing: /root/git/ranger_ros2/install/ranger_msgs/include/ranger_msgs/ranger_msgs/msg/detail/actuator_state__type_support.cpp\n'}
[2.847219] (ranger_msgs) StdoutLine: {'line': b'-- Installing: /root/git/ranger_ros2/install/ranger_msgs/include/ranger_msgs/ranger_msgs/msg/detail/actuator_state_array__rosidl_typesupport_introspection_cpp.hpp\n'}
[2.847236] (ranger_msgs) StdoutLine: {'line': b'-- Installing: /root/git/ranger_ros2/install/ranger_msgs/include/ranger_msgs/ranger_msgs/msg/detail/motor_state__rosidl_typesupport_introspection_cpp.hpp\n'}
[2.847253] (ranger_msgs) StdoutLine: {'line': b'-- Installing: /root/git/ranger_ros2/install/ranger_msgs/include/ranger_msgs/ranger_msgs/msg/detail/driver_state__type_support.cpp\n'}
[2.847273] (ranger_msgs) StdoutLine: {'line': b'-- Installing: /root/git/ranger_ros2/install/ranger_msgs/include/ranger_msgs/ranger_msgs/msg/detail/actuator_state__rosidl_typesupport_introspection_cpp.hpp\n'}
[2.847290] (ranger_msgs) StdoutLine: {'line': b'-- Installing: /root/git/ranger_ros2/install/ranger_msgs/include/ranger_msgs/ranger_msgs/msg/detail/actuator_state_array__type_support.cpp\n'}
[2.847309] (ranger_msgs) StdoutLine: {'line': b'-- Installing: /root/git/ranger_ros2/install/ranger_msgs/include/ranger_msgs/ranger_msgs/msg/detail/system_state__rosidl_typesupport_introspection_cpp.hpp\n'}
[2.847325] (ranger_msgs) StdoutLine: {'line': b'-- Installing: /root/git/ranger_ros2/install/ranger_msgs/include/ranger_msgs/ranger_msgs/msg/detail/motion_state__type_support.cpp\n'}
[2.847342] (ranger_msgs) StdoutLine: {'line': b'-- Installing: /root/git/ranger_ros2/install/ranger_msgs/include/ranger_msgs/ranger_msgs/msg/detail/system_state__type_support.cpp\n'}
[2.847358] (ranger_msgs) StdoutLine: {'line': b'-- Installing: /root/git/ranger_ros2/install/ranger_msgs/lib/libranger_msgs__rosidl_typesupport_introspection_cpp.so\n'}
[2.847374] (ranger_msgs) StdoutLine: {'line': b'-- Set runtime path of "/root/git/ranger_ros2/install/ranger_msgs/lib/libranger_msgs__rosidl_typesupport_introspection_cpp.so" to ""\n'}
[2.847390] (ranger_msgs) StdoutLine: {'line': b'-- Installing: /root/git/ranger_ros2/install/ranger_msgs/lib/libranger_msgs__rosidl_typesupport_cpp.so\n'}
[2.847406] (ranger_msgs) StdoutLine: {'line': b'-- Set runtime path of "/root/git/ranger_ros2/install/ranger_msgs/lib/libranger_msgs__rosidl_typesupport_cpp.so" to ""\n'}
[2.847422] (ranger_msgs) StdoutLine: {'line': b'-- Installing: /root/git/ranger_ros2/install/ranger_msgs/share/ranger_msgs/environment/pythonpath.sh\n'}
[2.847439] (ranger_msgs) StdoutLine: {'line': b'-- Installing: /root/git/ranger_ros2/install/ranger_msgs/share/ranger_msgs/environment/pythonpath.dsv\n'}
[2.847455] (ranger_msgs) StdoutLine: {'line': b'-- Installing: /root/git/ranger_ros2/install/ranger_msgs/local/lib/python3.10/dist-packages/ranger_msgs-0.0.1-py3.10.egg-info\n'}
[2.847471] (ranger_msgs) StdoutLine: {'line': b'-- Installing: /root/git/ranger_ros2/install/ranger_msgs/local/lib/python3.10/dist-packages/ranger_msgs-0.0.1-py3.10.egg-info/dependency_links.txt\n'}
[2.847488] (ranger_msgs) StdoutLine: {'line': b'-- Installing: /root/git/ranger_ros2/install/ranger_msgs/local/lib/python3.10/dist-packages/ranger_msgs-0.0.1-py3.10.egg-info/PKG-INFO\n'}
[2.847504] (ranger_msgs) StdoutLine: {'line': b'-- Installing: /root/git/ranger_ros2/install/ranger_msgs/local/lib/python3.10/dist-packages/ranger_msgs-0.0.1-py3.10.egg-info/top_level.txt\n'}
[2.847521] (ranger_msgs) StdoutLine: {'line': b'-- Installing: /root/git/ranger_ros2/install/ranger_msgs/local/lib/python3.10/dist-packages/ranger_msgs-0.0.1-py3.10.egg-info/SOURCES.txt\n'}
[2.847537] (ranger_msgs) StdoutLine: {'line': b'-- Installing: /root/git/ranger_ros2/install/ranger_msgs/local/lib/python3.10/dist-packages/ranger_msgs\n'}
[2.847553] (ranger_msgs) StdoutLine: {'line': b'-- Installing: /root/git/ranger_ros2/install/ranger_msgs/local/lib/python3.10/dist-packages/ranger_msgs/libranger_msgs__rosidl_generator_py.so\n'}
[2.847569] (ranger_msgs) StdoutLine: {'line': b'-- Installing: /root/git/ranger_ros2/install/ranger_msgs/local/lib/python3.10/dist-packages/ranger_msgs/_ranger_msgs_s.ep.rosidl_typesupport_c.c\n'}
[2.847586] (ranger_msgs) StdoutLine: {'line': b'-- Installing: /root/git/ranger_ros2/install/ranger_msgs/local/lib/python3.10/dist-packages/ranger_msgs/ranger_msgs_s__rosidl_typesupport_c.cpython-310-x86_64-linux-gnu.so\n'}
[2.847602] (ranger_msgs) StdoutLine: {'line': b'-- Installing: /root/git/ranger_ros2/install/ranger_msgs/local/lib/python3.10/dist-packages/ranger_msgs/msg\n'}
[2.847619] (ranger_msgs) StdoutLine: {'line': b'-- Installing: /root/git/ranger_ros2/install/ranger_msgs/local/lib/python3.10/dist-packages/ranger_msgs/msg/_motor_state.py\n'}
[2.847635] (ranger_msgs) StdoutLine: {'line': b'-- Installing: /root/git/ranger_ros2/install/ranger_msgs/local/lib/python3.10/dist-packages/ranger_msgs/msg/_actuator_state.py\n'}
[2.847654] (ranger_msgs) StdoutLine: {'line': b'-- Installing: /root/git/ranger_ros2/install/ranger_msgs/local/lib/python3.10/dist-packages/ranger_msgs/msg/_driver_state.py\n'}
[2.847670] (ranger_msgs) StdoutLine: {'line': b'-- Installing: /root/git/ranger_ros2/install/ranger_msgs/local/lib/python3.10/dist-packages/ranger_msgs/msg/_system_state.py\n'}
[2.847687] (ranger_msgs) StdoutLine: {'line': b'-- Installing: /root/git/ranger_ros2/install/ranger_msgs/local/lib/python3.10/dist-packages/ranger_msgs/msg/_actuator_state_array_s.c\n'}
[2.847704] (ranger_msgs) StdoutLine: {'line': b'-- Installing: /root/git/ranger_ros2/install/ranger_msgs/local/lib/python3.10/dist-packages/ranger_msgs/msg/_motor_state_s.c\n'}
[2.847720] (ranger_msgs) StdoutLine: {'line': b'-- Installing: /root/git/ranger_ros2/install/ranger_msgs/local/lib/python3.10/dist-packages/ranger_msgs/msg/_actuator_state_s.c\n'}
[2.847737] (ranger_msgs) StdoutLine: {'line': b'-- Installing: /root/git/ranger_ros2/install/ranger_msgs/local/lib/python3.10/dist-packages/ranger_msgs/msg/_system_state_s.c\n'}
[2.847753] (ranger_msgs) StdoutLine: {'line': b'-- Installing: /root/git/ranger_ros2/install/ranger_msgs/local/lib/python3.10/dist-packages/ranger_msgs/msg/_motion_state_s.c\n'}
[2.847769] (ranger_msgs) StdoutLine: {'line': b'-- Installing: /root/git/ranger_ros2/install/ranger_msgs/local/lib/python3.10/dist-packages/ranger_msgs/msg/_actuator_state_array.py\n'}
[2.847786] (ranger_msgs) StdoutLine: {'line': b'-- Installing: /root/git/ranger_ros2/install/ranger_msgs/local/lib/python3.10/dist-packages/ranger_msgs/msg/_motion_state.py\n'}
[2.847802] (ranger_msgs) StdoutLine: {'line': b'-- Installing: /root/git/ranger_ros2/install/ranger_msgs/local/lib/python3.10/dist-packages/ranger_msgs/msg/_driver_state_s.c\n'}
[2.847818] (ranger_msgs) StdoutLine: {'line': b'-- Installing: /root/git/ranger_ros2/install/ranger_msgs/local/lib/python3.10/dist-packages/ranger_msgs/msg/__init__.py\n'}
[2.847835] (ranger_msgs) StdoutLine: {'line': b'-- Installing: /root/git/ranger_ros2/install/ranger_msgs/local/lib/python3.10/dist-packages/ranger_msgs/_ranger_msgs_s.ep.rosidl_typesupport_introspection_c.c\n'}
[2.847851] (ranger_msgs) StdoutLine: {'line': b'-- Installing: /root/git/ranger_ros2/install/ranger_msgs/local/lib/python3.10/dist-packages/ranger_msgs/_ranger_msgs_s.ep.rosidl_typesupport_fastrtps_c.c\n'}
[2.847867] (ranger_msgs) StdoutLine: {'line': b'-- Installing: /root/git/ranger_ros2/install/ranger_msgs/local/lib/python3.10/dist-packages/ranger_msgs/ranger_msgs_s__rosidl_typesupport_introspection_c.cpython-310-x86_64-linux-gnu.so\n'}
[2.847883] (ranger_msgs) StdoutLine: {'line': b'-- Installing: /root/git/ranger_ros2/install/ranger_msgs/local/lib/python3.10/dist-packages/ranger_msgs/__init__.py\n'}
[2.847899] (ranger_msgs) StdoutLine: {'line': b'-- Installing: /root/git/ranger_ros2/install/ranger_msgs/local/lib/python3.10/dist-packages/ranger_msgs/ranger_msgs_s__rosidl_typesupport_fastrtps_c.cpython-310-x86_64-linux-gnu.so\n'}
[2.868868] (ranger_msgs) StdoutLine: {'line': b"Listing '/root/git/ranger_ros2/install/ranger_msgs/local/lib/python3.10/dist-packages/ranger_msgs'...\n"}
[2.868971] (ranger_msgs) StdoutLine: {'line': b"Compiling '/root/git/ranger_ros2/install/ranger_msgs/local/lib/python3.10/dist-packages/ranger_msgs/__init__.py'...\n"}
[2.869017] (ranger_msgs) StdoutLine: {'line': b"Listing '/root/git/ranger_ros2/install/ranger_msgs/local/lib/python3.10/dist-packages/ranger_msgs/msg'...\n"}
[2.869060] (ranger_msgs) StdoutLine: {'line': b"Compiling '/root/git/ranger_ros2/install/ranger_msgs/local/lib/python3.10/dist-packages/ranger_msgs/msg/__init__.py'...\n"}
[2.869103] (ranger_msgs) StdoutLine: {'line': b"Compiling '/root/git/ranger_ros2/install/ranger_msgs/local/lib/python3.10/dist-packages/ranger_msgs/msg/_actuator_state.py'...\n"}
[2.869145] (ranger_msgs) StdoutLine: {'line': b"Compiling '/root/git/ranger_ros2/install/ranger_msgs/local/lib/python3.10/dist-packages/ranger_msgs/msg/_actuator_state_array.py'...\n"}
[2.869187] (ranger_msgs) StdoutLine: {'line': b"Compiling '/root/git/ranger_ros2/install/ranger_msgs/local/lib/python3.10/dist-packages/ranger_msgs/msg/_driver_state.py'...\n"}
[2.869229] (ranger_msgs) StdoutLine: {'line': b"Compiling '/root/git/ranger_ros2/install/ranger_msgs/local/lib/python3.10/dist-packages/ranger_msgs/msg/_motion_state.py'...\n"}
[2.869280] (ranger_msgs) StdoutLine: {'line': b"Compiling '/root/git/ranger_ros2/install/ranger_msgs/local/lib/python3.10/dist-packages/ranger_msgs/msg/_motor_state.py'...\n"}
[2.869324] (ranger_msgs) StdoutLine: {'line': b"Compiling '/root/git/ranger_ros2/install/ranger_msgs/local/lib/python3.10/dist-packages/ranger_msgs/msg/_system_state.py'...\n"}
[2.871319] (ranger_msgs) StdoutLine: {'line': b'-- Installing: /root/git/ranger_ros2/install/ranger_msgs/local/lib/python3.10/dist-packages/ranger_msgs/ranger_msgs_s__rosidl_typesupport_fastrtps_c.cpython-310-x86_64-linux-gnu.so\n'}
[2.871476] (ranger_msgs) StdoutLine: {'line': b'-- Set runtime path of "/root/git/ranger_ros2/install/ranger_msgs/local/lib/python3.10/dist-packages/ranger_msgs/ranger_msgs_s__rosidl_typesupport_fastrtps_c.cpython-310-x86_64-linux-gnu.so" to ""\n'}
[2.871544] (ranger_msgs) StdoutLine: {'line': b'-- Installing: /root/git/ranger_ros2/install/ranger_msgs/local/lib/python3.10/dist-packages/ranger_msgs/ranger_msgs_s__rosidl_typesupport_introspection_c.cpython-310-x86_64-linux-gnu.so\n'}
[2.871621] (ranger_msgs) StdoutLine: {'line': b'-- Set runtime path of "/root/git/ranger_ros2/install/ranger_msgs/local/lib/python3.10/dist-packages/ranger_msgs/ranger_msgs_s__rosidl_typesupport_introspection_c.cpython-310-x86_64-linux-gnu.so" to ""\n'}
[2.871697] (ranger_msgs) StdoutLine: {'line': b'-- Installing: /root/git/ranger_ros2/install/ranger_msgs/local/lib/python3.10/dist-packages/ranger_msgs/ranger_msgs_s__rosidl_typesupport_c.cpython-310-x86_64-linux-gnu.so\n'}
[2.871779] (ranger_msgs) StdoutLine: {'line': b'-- Set runtime path of "/root/git/ranger_ros2/install/ranger_msgs/local/lib/python3.10/dist-packages/ranger_msgs/ranger_msgs_s__rosidl_typesupport_c.cpython-310-x86_64-linux-gnu.so" to ""\n'}
[2.871824] (ranger_msgs) StdoutLine: {'line': b'-- Installing: /root/git/ranger_ros2/install/ranger_msgs/lib/libranger_msgs__rosidl_generator_py.so\n'}
[2.871896] (ranger_msgs) StdoutLine: {'line': b'-- Set runtime path of "/root/git/ranger_ros2/install/ranger_msgs/lib/libranger_msgs__rosidl_generator_py.so" to ""\n'}
[2.872016] (ranger_msgs) StdoutLine: {'line': b'-- Installing: /root/git/ranger_ros2/install/ranger_msgs/share/ament_index/resource_index/rust_packages/ranger_msgs\n'}
[2.872114] (ranger_msgs) StdoutLine: {'line': b'-- Installing: /root/git/ranger_ros2/install/ranger_msgs/share/ranger_msgs/rust\n'}
[2.872160] (ranger_msgs) StdoutLine: {'line': b'-- Installing: /root/git/ranger_ros2/install/ranger_msgs/share/ranger_msgs/rust/build.rs\n'}
[2.872206] (ranger_msgs) StdoutLine: {'line': b'-- Installing: /root/git/ranger_ros2/install/ranger_msgs/share/ranger_msgs/rust/Cargo.toml\n'}
[2.872314] (ranger_msgs) StdoutLine: {'line': b'-- Installing: /root/git/ranger_ros2/install/ranger_msgs/share/ranger_msgs/rust/src\n'}
[2.872420] (ranger_msgs) StdoutLine: {'line': b'-- Installing: /root/git/ranger_ros2/install/ranger_msgs/share/ranger_msgs/rust/src/msg.rs\n'}
[2.872494] (ranger_msgs) StdoutLine: {'line': b'-- Installing: /root/git/ranger_ros2/install/ranger_msgs/share/ranger_msgs/rust/src/msg\n'}
[2.872540] (ranger_msgs) StdoutLine: {'line': b'-- Installing: /root/git/ranger_ros2/install/ranger_msgs/share/ranger_msgs/rust/src/msg/rmw.rs\n'}
[2.872630] (ranger_msgs) StdoutLine: {'line': b'-- Installing: /root/git/ranger_ros2/install/ranger_msgs/share/ranger_msgs/rust/src/lib.rs\n'}
[2.872709] (ranger_msgs) StdoutLine: {'line': b'-- Installing: /root/git/ranger_ros2/install/ranger_msgs/share/ranger_msgs/msg/ActuatorState.idl\n'}
[2.872786] (ranger_msgs) StdoutLine: {'line': b'-- Installing: /root/git/ranger_ros2/install/ranger_msgs/share/ranger_msgs/msg/ActuatorStateArray.idl\n'}
[2.872872] (ranger_msgs) StdoutLine: {'line': b'-- Installing: /root/git/ranger_ros2/install/ranger_msgs/share/ranger_msgs/msg/DriverState.idl\n'}
[2.872952] (ranger_msgs) StdoutLine: {'line': b'-- Installing: /root/git/ranger_ros2/install/ranger_msgs/share/ranger_msgs/msg/MotionState.idl\n'}
[2.873029] (ranger_msgs) StdoutLine: {'line': b'-- Installing: /root/git/ranger_ros2/install/ranger_msgs/share/ranger_msgs/msg/MotorState.idl\n'}
[2.873097] (ranger_msgs) StdoutLine: {'line': b'-- Installing: /root/git/ranger_ros2/install/ranger_msgs/share/ranger_msgs/msg/SystemState.idl\n'}
[2.873144] (ranger_msgs) StdoutLine: {'line': b'-- Installing: /root/git/ranger_ros2/install/ranger_msgs/share/ranger_msgs/msg/ActuatorState.msg\n'}
[2.873213] (ranger_msgs) StdoutLine: {'line': b'-- Installing: /root/git/ranger_ros2/install/ranger_msgs/share/ranger_msgs/msg/ActuatorStateArray.msg\n'}
[2.873258] (ranger_msgs) StdoutLine: {'line': b'-- Installing: /root/git/ranger_ros2/install/ranger_msgs/share/ranger_msgs/msg/DriverState.msg\n'}
[2.873316] (ranger_msgs) StdoutLine: {'line': b'-- Installing: /root/git/ranger_ros2/install/ranger_msgs/share/ranger_msgs/msg/MotionState.msg\n'}
[2.873515] (ranger_msgs) StdoutLine: {'line': b'-- Installing: /root/git/ranger_ros2/install/ranger_msgs/share/ranger_msgs/msg/MotorState.msg\n'}
[2.873549] (ranger_msgs) StdoutLine: {'line': b'-- Installing: /root/git/ranger_ros2/install/ranger_msgs/share/ranger_msgs/msg/SystemState.msg\n'}
[2.873572] (ranger_msgs) StdoutLine: {'line': b'-- Installing: /root/git/ranger_ros2/install/ranger_msgs/share/ament_index/resource_index/package_run_dependencies/ranger_msgs\n'}
[2.873592] (ranger_msgs) StdoutLine: {'line': b'-- Installing: /root/git/ranger_ros2/install/ranger_msgs/share/ament_index/resource_index/parent_prefix_path/ranger_msgs\n'}
[2.873613] (ranger_msgs) StdoutLine: {'line': b'-- Installing: /root/git/ranger_ros2/install/ranger_msgs/share/ranger_msgs/environment/ament_prefix_path.sh\n'}
[2.873633] (ranger_msgs) StdoutLine: {'line': b'-- Installing: /root/git/ranger_ros2/install/ranger_msgs/share/ranger_msgs/environment/ament_prefix_path.dsv\n'}
[2.873653] (ranger_msgs) StdoutLine: {'line': b'-- Installing: /root/git/ranger_ros2/install/ranger_msgs/share/ranger_msgs/environment/path.sh\n'}
[2.873672] (ranger_msgs) StdoutLine: {'line': b'-- Installing: /root/git/ranger_ros2/install/ranger_msgs/share/ranger_msgs/environment/path.dsv\n'}
[2.873690] (ranger_msgs) StdoutLine: {'line': b'-- Installing: /root/git/ranger_ros2/install/ranger_msgs/share/ranger_msgs/local_setup.bash\n'}
[2.873709] (ranger_msgs) StdoutLine: {'line': b'-- Installing: /root/git/ranger_ros2/install/ranger_msgs/share/ranger_msgs/local_setup.sh\n'}
[2.873728] (ranger_msgs) StdoutLine: {'line': b'-- Installing: /root/git/ranger_ros2/install/ranger_msgs/share/ranger_msgs/local_setup.zsh\n'}
[2.873747] (ranger_msgs) StdoutLine: {'line': b'-- Installing: /root/git/ranger_ros2/install/ranger_msgs/share/ranger_msgs/local_setup.dsv\n'}
[2.873765] (ranger_msgs) StdoutLine: {'line': b'-- Installing: /root/git/ranger_ros2/install/ranger_msgs/share/ranger_msgs/package.dsv\n'}
[2.873783] (ranger_msgs) StdoutLine: {'line': b'-- Installing: /root/git/ranger_ros2/install/ranger_msgs/share/ament_index/resource_index/packages/ranger_msgs\n'}
[2.873806] (ranger_msgs) StdoutLine: {'line': b'-- Installing: /root/git/ranger_ros2/install/ranger_msgs/share/ranger_msgs/cmake/export_ranger_msgs__rosidl_generator_cExport.cmake\n'}
[2.873827] (ranger_msgs) StdoutLine: {'line': b'-- Installing: /root/git/ranger_ros2/install/ranger_msgs/share/ranger_msgs/cmake/export_ranger_msgs__rosidl_generator_cExport-release.cmake\n'}
[2.873897] (ranger_msgs) StdoutLine: {'line': b'-- Installing: /root/git/ranger_ros2/install/ranger_msgs/share/ranger_msgs/cmake/export_ranger_msgs__rosidl_typesupport_fastrtps_cExport.cmake\n'}
[2.873917] (ranger_msgs) StdoutLine: {'line': b'-- Installing: /root/git/ranger_ros2/install/ranger_msgs/share/ranger_msgs/cmake/export_ranger_msgs__rosidl_typesupport_fastrtps_cExport-release.cmake\n'}
[2.873936] (ranger_msgs) StdoutLine: {'line': b'-- Installing: /root/git/ranger_ros2/install/ranger_msgs/share/ranger_msgs/cmake/export_ranger_msgs__rosidl_generator_cppExport.cmake\n'}
[2.873954] (ranger_msgs) StdoutLine: {'line': b'-- Installing: /root/git/ranger_ros2/install/ranger_msgs/share/ranger_msgs/cmake/export_ranger_msgs__rosidl_typesupport_fastrtps_cppExport.cmake\n'}
[2.873995] (ranger_msgs) StdoutLine: {'line': b'-- Installing: /root/git/ranger_ros2/install/ranger_msgs/share/ranger_msgs/cmake/export_ranger_msgs__rosidl_typesupport_fastrtps_cppExport-release.cmake\n'}
[2.874012] (ranger_msgs) StdoutLine: {'line': b'-- Installing: /root/git/ranger_ros2/install/ranger_msgs/share/ranger_msgs/cmake/ranger_msgs__rosidl_typesupport_introspection_cExport.cmake\n'}
[2.874029] (ranger_msgs) StdoutLine: {'line': b'-- Installing: /root/git/ranger_ros2/install/ranger_msgs/share/ranger_msgs/cmake/ranger_msgs__rosidl_typesupport_introspection_cExport-release.cmake\n'}
[2.874045] (ranger_msgs) StdoutLine: {'line': b'-- Installing: /root/git/ranger_ros2/install/ranger_msgs/share/ranger_msgs/cmake/ranger_msgs__rosidl_typesupport_cExport.cmake\n'}
[2.874062] (ranger_msgs) StdoutLine: {'line': b'-- Installing: /root/git/ranger_ros2/install/ranger_msgs/share/ranger_msgs/cmake/ranger_msgs__rosidl_typesupport_cExport-release.cmake\n'}
[2.874078] (ranger_msgs) StdoutLine: {'line': b'-- Installing: /root/git/ranger_ros2/install/ranger_msgs/share/ranger_msgs/cmake/ranger_msgs__rosidl_typesupport_introspection_cppExport.cmake\n'}
[2.874095] (ranger_msgs) StdoutLine: {'line': b'-- Installing: /root/git/ranger_ros2/install/ranger_msgs/share/ranger_msgs/cmake/ranger_msgs__rosidl_typesupport_introspection_cppExport-release.cmake\n'}
[2.874112] (ranger_msgs) StdoutLine: {'line': b'-- Installing: /root/git/ranger_ros2/install/ranger_msgs/share/ranger_msgs/cmake/ranger_msgs__rosidl_typesupport_cppExport.cmake\n'}
[2.874129] (ranger_msgs) StdoutLine: {'line': b'-- Installing: /root/git/ranger_ros2/install/ranger_msgs/share/ranger_msgs/cmake/ranger_msgs__rosidl_typesupport_cppExport-release.cmake\n'}
[2.874145] (ranger_msgs) StdoutLine: {'line': b'-- Installing: /root/git/ranger_ros2/install/ranger_msgs/share/ranger_msgs/cmake/export_ranger_msgs__rosidl_generator_pyExport.cmake\n'}
[2.874162] (ranger_msgs) StdoutLine: {'line': b'-- Installing: /root/git/ranger_ros2/install/ranger_msgs/share/ranger_msgs/cmake/export_ranger_msgs__rosidl_generator_pyExport-release.cmake\n'}
[2.874178] (ranger_msgs) StdoutLine: {'line': b'-- Installing: /root/git/ranger_ros2/install/ranger_msgs/share/ranger_msgs/cmake/rosidl_cmake-extras.cmake\n'}
[2.874195] (ranger_msgs) StdoutLine: {'line': b'-- Installing: /root/git/ranger_ros2/install/ranger_msgs/share/ranger_msgs/cmake/ament_cmake_export_dependencies-extras.cmake\n'}
[2.874212] (ranger_msgs) StdoutLine: {'line': b'-- Installing: /root/git/ranger_ros2/install/ranger_msgs/share/ranger_msgs/cmake/ament_cmake_export_include_directories-extras.cmake\n'}
[2.874228] (ranger_msgs) StdoutLine: {'line': b'-- Installing: /root/git/ranger_ros2/install/ranger_msgs/share/ranger_msgs/cmake/ament_cmake_export_libraries-extras.cmake\n'}
[2.874244] (ranger_msgs) StdoutLine: {'line': b'-- Installing: /root/git/ranger_ros2/install/ranger_msgs/share/ranger_msgs/cmake/ament_cmake_export_targets-extras.cmake\n'}
[2.874261] (ranger_msgs) StdoutLine: {'line': b'-- Installing: /root/git/ranger_ros2/install/ranger_msgs/share/ranger_msgs/cmake/rosidl_cmake_export_typesupport_targets-extras.cmake\n'}
[2.874288] (ranger_msgs) StdoutLine: {'line': b'-- Installing: /root/git/ranger_ros2/install/ranger_msgs/share/ranger_msgs/cmake/rosidl_cmake_export_typesupport_libraries-extras.cmake\n'}
[2.874305] (ranger_msgs) StdoutLine: {'line': b'-- Installing: /root/git/ranger_ros2/install/ranger_msgs/share/ranger_msgs/cmake/ranger_msgsConfig.cmake\n'}
[2.874322] (ranger_msgs) StdoutLine: {'line': b'-- Installing: /root/git/ranger_ros2/install/ranger_msgs/share/ranger_msgs/cmake/ranger_msgsConfig-version.cmake\n'}
[2.874338] (ranger_msgs) StdoutLine: {'line': b'-- Installing: /root/git/ranger_ros2/install/ranger_msgs/share/ranger_msgs/package.xml\n'}
[2.875027] (ranger_msgs) CommandEnded: {'returncode': 0}
[2.893306] (ranger_msgs) JobEnded: {'identifier': 'ranger_msgs', 'rc': 0}
[2.893915] (ranger_base) JobStarted: {'identifier': 'ranger_base'}
[2.902661] (ranger_base) JobProgress: {'identifier': 'ranger_base', 'progress': 'cmake'}
[2.903657] (ranger_base) Command: {'cmd': ['/usr/bin/cmake', '/root/git/ranger_ros2/ranger_base', '-DCMAKE_BUILD_TYPE=Release', '-DCMAKE_PREFIX_PATH=/tmp/ugv_install', '-DCMAKE_INSTALL_PREFIX=/root/git/ranger_ros2/install/ranger_base'], 'cwd': '/root/git/ranger_ros2/build/ranger_base', 'env': OrderedDict([('HOSTNAME', 'cona-MS-7D96'), ('SHLVL', '1'), ('LD_LIBRARY_PATH', '/root/git/ranger_ros2/install/ranger_msgs/lib:/opt/ros/humble/opt/rviz_ogre_vendor/lib:/opt/ros/humble/lib/x86_64-linux-gnu:/opt/ros/humble/lib'), ('HOME', '/root'), ('OLDPWD', '/'), ('ROS_PYTHON_VERSION', '3'), ('ROS_DISTRO', 'humble'), ('_', '/usr/bin/colcon'), ('ROS_VERSION', '2'), ('FLIR_GENTL64_CTI', '/opt/spinnaker/lib/flir-gentl/FLIR_GenTL.cti'), ('ROS_LOCALHOST_ONLY', '0'), ('PATH', '/opt/ros/humble/bin:/opt/spinnaker/bin:/usr/local/sbin:/usr/local/bin:/usr/sbin:/usr/bin:/sbin:/bin'), ('DISPLAY', ':1'), ('LANG', 'C.UTF-8'), ('AMENT_PREFIX_PATH', '/root/git/ranger_ros2/install/ranger_msgs:/opt/ros/humble'), ('DEBIAN_FRONTEND', 'noninteractive'), ('PWD', '/root/git/ranger_ros2/build/ranger_base'), ('LC_ALL', 'C.UTF-8'), ('PYTHONPATH', '/root/git/ranger_ros2/install/ranger_msgs/local/lib/python3.10/dist-packages:/opt/ros/humble/lib/python3.10/site-packages:/opt/ros/humble/local/lib/python3.10/dist-packages'), ('TZ', 'Asia/Seoul'), ('COLCON', '1'), ('CMAKE_PREFIX_PATH', '/root/git/ranger_ros2/install/ranger_msgs:/opt/ros/humble')]), 'shell': False}
[2.905207] (-) TimerEvent: {}
[2.984582] (ranger_base) StdoutLine: {'line': b'-- The C compiler identification is GNU 11.4.0\n'}
[3.005301] (-) TimerEvent: {}
[3.058433] (ranger_base) StdoutLine: {'line': b'-- The CXX compiler identification is GNU 11.4.0\n'}
[3.067851] (ranger_base) StdoutLine: {'line': b'-- Detecting C compiler ABI info\n'}
[3.105374] (-) TimerEvent: {}
[3.148020] (ranger_base) StdoutLine: {'line': b'-- Detecting C compiler ABI info - done\n'}
[3.162739] (ranger_base) StdoutLine: {'line': b'-- Check for working C compiler: /usr/bin/cc - skipped\n'}
[3.163200] (ranger_base) StdoutLine: {'line': b'-- Detecting C compile features\n'}
[3.163804] (ranger_base) StdoutLine: {'line': b'-- Detecting C compile features - done\n'}
[3.167400] (ranger_base) StdoutLine: {'line': b'-- Detecting CXX compiler ABI info\n'}
[3.205462] (-) TimerEvent: {}
[3.231756] (ranger_base) StdoutLine: {'line': b'-- Detecting CXX compiler ABI info - done\n'}
[3.236412] (ranger_base) StdoutLine: {'line': b'-- Check for working CXX compiler: /usr/bin/c++ - skipped\n'}
[3.236595] (ranger_base) StdoutLine: {'line': b'-- Detecting CXX compile features\n'}
[3.236905] (ranger_base) StdoutLine: {'line': b'-- Detecting CXX compile features - done\n'}
[3.239140] (ranger_base) StdoutLine: {'line': b'-- Found ament_cmake: 1.3.14 (/opt/ros/humble/share/ament_cmake/cmake)\n'}
[3.305563] (-) TimerEvent: {}
[3.360649] (ranger_base) StdoutLine: {'line': b'-- Found Python3: /usr/bin/python3 (found version "3.10.12") found components: Interpreter \n'}
[3.405678] (-) TimerEvent: {}
[3.423624] (ranger_base) StdoutLine: {'line': b'-- Found rclcpp: 16.0.19 (/opt/ros/humble/share/rclcpp/cmake)\n'}
[3.456104] (ranger_base) StdoutLine: {'line': b'-- Found rosidl_generator_c: 3.1.8 (/opt/ros/humble/share/rosidl_generator_c/cmake)\n'}
[3.459449] (ranger_base) StdoutLine: {'line': b'-- Found rosidl_adapter: 3.1.8 (/opt/ros/humble/share/rosidl_adapter/cmake)\n'}
[3.464198] (ranger_base) StdoutLine: {'line': b'-- Found rosidl_generator_cpp: 3.1.8 (/opt/ros/humble/share/rosidl_generator_cpp/cmake)\n'}
[3.470298] (ranger_base) StdoutLine: {'line': b'-- Using all available rosidl_typesupport_c: rosidl_typesupport_fastrtps_c;rosidl_typesupport_introspection_c\n'}
[3.478511] (ranger_base) StdoutLine: {'line': b'-- Using all available rosidl_typesupport_cpp: rosidl_typesupport_fastrtps_cpp;rosidl_typesupport_introspection_cpp\n'}
[3.501761] (ranger_base) StdoutLine: {'line': b'-- Found rmw_implementation_cmake: 6.1.2 (/opt/ros/humble/share/rmw_implementation_cmake/cmake)\n'}
[3.503167] (ranger_base) StdoutLine: {'line': b'-- Found rmw_fastrtps_cpp: 6.2.10 (/opt/ros/humble/share/rmw_fastrtps_cpp/cmake)\n'}
[3.505728] (-) TimerEvent: {}
[3.579059] (ranger_base) StdoutLine: {'line': b'-- Found OpenSSL: /usr/lib/x86_64-linux-gnu/libcrypto.so (found version "3.0.2")  \n'}
[3.602503] (ranger_base) StdoutLine: {'line': b'-- Found FastRTPS: /opt/ros/humble/include  \n'}
[3.605787] (-) TimerEvent: {}
[3.633817] (ranger_base) StdoutLine: {'line': b"-- Using RMW implementation 'rmw_fastrtps_cpp' as default\n"}
[3.650779] (ranger_base) StdoutLine: {'line': b'-- Looking for pthread.h\n'}
[3.706000] (-) TimerEvent: {}
[3.746727] (ranger_base) StdoutLine: {'line': b'-- Looking for pthread.h - found\n'}
[3.746916] (ranger_base) StdoutLine: {'line': b'-- Performing Test CMAKE_HAVE_LIBC_PTHREAD\n'}
[3.806310] (-) TimerEvent: {}
[3.852203] (ranger_base) StdoutLine: {'line': b'-- Performing Test CMAKE_HAVE_LIBC_PTHREAD - Success\n'}
[3.852932] (ranger_base) StdoutLine: {'line': b'-- Found Threads: TRUE  \n'}
[3.881589] (ranger_base) StdoutLine: {'line': b'-- Found geometry_msgs: 4.9.1 (/opt/ros/humble/share/geometry_msgs/cmake)\n'}
[3.888314] (ranger_base) StdoutLine: {'line': b'-- Found nav_msgs: 4.9.1 (/opt/ros/humble/share/nav_msgs/cmake)\n'}
[3.896825] (ranger_base) StdoutLine: {'line': b'-- Found sensor_msgs: 4.9.1 (/opt/ros/humble/share/sensor_msgs/cmake)\n'}
[3.906308] (-) TimerEvent: {}
[3.906440] (ranger_base) StdoutLine: {'line': b'-- Found tf2: 0.25.20 (/opt/ros/humble/share/tf2/cmake)\n'}
[3.913105] (ranger_base) StdoutLine: {'line': b'-- Found tf2_ros: 0.25.20 (/opt/ros/humble/share/tf2_ros/cmake)\n'}
[3.957470] (ranger_base) StdoutLine: {'line': b'-- Found ranger_msgs: 0.0.1 (/root/git/ranger_ros2/install/ranger_msgs/share/ranger_msgs/cmake)\n'}
[3.965581] (ranger_base) StdoutLine: {'line': b'-- Found tf2_geometry_msgs: 0.25.20 (/opt/ros/humble/share/tf2_geometry_msgs/cmake)\n'}
[3.974758] (ranger_base) StdoutLine: {'line': b'-- Found eigen3_cmake_module: 0.1.1 (/opt/ros/humble/share/eigen3_cmake_module/cmake)\n'}
[3.975430] (ranger_base) StdoutLine: {'line': b'-- Found Eigen3: TRUE (found version "3.4.0") \n'}
[3.975484] (ranger_base) StdoutLine: {'line': b'-- Ensuring Eigen3 include directory is part of orocos-kdl CMake target\n'}
[3.978321] (ranger_base) StdoutLine: {'line': b'-- Found ament_lint_auto: 0.12.15 (/opt/ros/humble/share/ament_lint_auto/cmake)\n'}
[4.006438] (-) TimerEvent: {}
[4.018284] (ranger_base) StdoutLine: {'line': b"-- Added test 'copyright' to check source files copyright and LICENSE\n"}
[4.018843] (ranger_base) StdoutLine: {'line': b"-- Added test 'cppcheck' to perform static code analysis on C / C++ code\n"}
[4.019051] (ranger_base) StdoutLine: {'line': b'-- Configured cppcheck include dirs: /root/git/ranger_ros2/ranger_base/include\n'}
[4.019101] (ranger_base) StdoutLine: {'line': b'-- Configured cppcheck exclude dirs and/or files: \n'}
[4.019459] (ranger_base) StdoutLine: {'line': b"-- Added test 'cpplint' to check C / C++ code against the Google style\n"}
[4.019516] (ranger_base) StdoutLine: {'line': b'-- Configured cpplint exclude dirs and/or files: \n'}
[4.019672] (ranger_base) StdoutLine: {'line': b"-- Added test 'flake8' to check Python code syntax and style conventions\n"}
[4.019899] (ranger_base) StdoutLine: {'line': b"-- Added test 'lint_cmake' to check CMake code style\n"}
[4.020118] (ranger_base) StdoutLine: {'line': b"-- Added test 'pep257' to check Python code against some of the docstring style conventions in PEP 257\n"}
[4.020518] (ranger_base) StdoutLine: {'line': b"-- Added test 'uncrustify' to check C / C++ code style\n"}
[4.020572] (ranger_base) StdoutLine: {'line': b'-- Configured uncrustify additional arguments: \n'}
[4.020730] (ranger_base) StdoutLine: {'line': b"-- Added test 'xmllint' to check XML markup files\n"}
[4.021175] (ranger_base) StdoutLine: {'line': b'-- Configuring done\n'}
[4.027107] (ranger_base) StdoutLine: {'line': b'-- Generating done\n'}
[4.029203] (ranger_base) StdoutLine: {'line': b'-- Build files have been written to: /root/git/ranger_ros2/build/ranger_base\n'}
[4.033774] (ranger_base) CommandEnded: {'returncode': 0}
[4.034133] (ranger_base) JobProgress: {'identifier': 'ranger_base', 'progress': 'build'}
[4.034146] (ranger_base) Command: {'cmd': ['/usr/bin/cmake', '--build', '/root/git/ranger_ros2/build/ranger_base', '--', '-j24', '-l24'], 'cwd': '/root/git/ranger_ros2/build/ranger_base', 'env': OrderedDict([('HOSTNAME', 'cona-MS-7D96'), ('SHLVL', '1'), ('LD_LIBRARY_PATH', '/root/git/ranger_ros2/install/ranger_msgs/lib:/opt/ros/humble/opt/rviz_ogre_vendor/lib:/opt/ros/humble/lib/x86_64-linux-gnu:/opt/ros/humble/lib'), ('HOME', '/root'), ('OLDPWD', '/'), ('ROS_PYTHON_VERSION', '3'), ('ROS_DISTRO', 'humble'), ('_', '/usr/bin/colcon'), ('ROS_VERSION', '2'), ('FLIR_GENTL64_CTI', '/opt/spinnaker/lib/flir-gentl/FLIR_GenTL.cti'), ('ROS_LOCALHOST_ONLY', '0'), ('PATH', '/opt/ros/humble/bin:/opt/spinnaker/bin:/usr/local/sbin:/usr/local/bin:/usr/sbin:/usr/bin:/sbin:/bin'), ('DISPLAY', ':1'), ('LANG', 'C.UTF-8'), ('AMENT_PREFIX_PATH', '/root/git/ranger_ros2/install/ranger_msgs:/opt/ros/humble'), ('DEBIAN_FRONTEND', 'noninteractive'), ('PWD', '/root/git/ranger_ros2/build/ranger_base'), ('LC_ALL', 'C.UTF-8'), ('PYTHONPATH', '/root/git/ranger_ros2/install/ranger_msgs/local/lib/python3.10/dist-packages:/opt/ros/humble/lib/python3.10/site-packages:/opt/ros/humble/local/lib/python3.10/dist-packages'), ('TZ', 'Asia/Seoul'), ('COLCON', '1'), ('CMAKE_PREFIX_PATH', '/root/git/ranger_ros2/install/ranger_msgs:/opt/ros/humble')]), 'shell': False}
[4.068429] (ranger_base) StdoutLine: {'line': b'[ 33%] Building CXX object CMakeFiles/ranger_base_node.dir/src/ranger_base_node.cpp.o\n'}
[4.068661] (ranger_base) StdoutLine: {'line': b'[ 66%] Building CXX object CMakeFiles/ranger_base_node.dir/src/ranger_messenger.cpp.o\n'}
[4.106519] (-) TimerEvent: {}
[4.206645] (-) TimerEvent: {}
[4.306817] (-) TimerEvent: {}
[4.407024] (-) TimerEvent: {}
[4.507189] (-) TimerEvent: {}
[4.607428] (-) TimerEvent: {}
[4.707598] (-) TimerEvent: {}
[4.807766] (-) TimerEvent: {}
[4.907936] (-) TimerEvent: {}
[5.008112] (-) TimerEvent: {}
[5.108318] (-) TimerEvent: {}
[5.208475] (-) TimerEvent: {}
[5.308683] (-) TimerEvent: {}
[5.408897] (-) TimerEvent: {}
[5.509132] (-) TimerEvent: {}
[5.609366] (-) TimerEvent: {}
[5.709604] (-) TimerEvent: {}
[5.809838] (-) TimerEvent: {}
[5.910073] (-) TimerEvent: {}
[6.010246] (-) TimerEvent: {}
[6.110485] (-) TimerEvent: {}
[6.210730] (-) TimerEvent: {}
[6.310898] (-) TimerEvent: {}
[6.411129] (-) TimerEvent: {}
[6.511361] (-) TimerEvent: {}
[6.611593] (-) TimerEvent: {}
[6.711755] (-) TimerEvent: {}
[6.811917] (-) TimerEvent: {}
[6.845856] (ranger_base) StderrLine: {'line': b'In file included from /root/git/ranger_ros2/ranger_base/src/ranger_messenger.cpp:12:\n'}
[6.846014] (ranger_base) StderrLine: {'line': b'/root/git/ranger_ros2/ranger_base/include/ranger_base/kinematics_model.hpp: In member function \xe2\x80\x98void westonrobot::SpinningModel::operator()(const state_type&, westonrobot::SpinningModel::state_type&, double)\xe2\x80\x99:\n'}
[6.846068] (ranger_base) StderrLine: {'line': b'/root/git/ranger_ros2/ranger_base/include/ranger_base/kinematics_model.hpp:90:37: warning: unused parameter \xe2\x80\x98x\xe2\x80\x99 [-Wunused-parameter]\n'}
[6.846116] (ranger_base) StderrLine: {'line': b'   90 |   void operator()(const state_type& x, state_type& xd, double) {\n'}
[6.846167] (ranger_base) StderrLine: {'line': b'      |                   ~~~~~~~~~~~~~~~~~~^\n'}
[6.912016] (-) TimerEvent: {}
[7.012217] (-) TimerEvent: {}
[7.112468] (-) TimerEvent: {}
[7.212706] (-) TimerEvent: {}
[7.312943] (-) TimerEvent: {}
[7.413168] (-) TimerEvent: {}
[7.513428] (-) TimerEvent: {}
[7.613597] (-) TimerEvent: {}
[7.713827] (-) TimerEvent: {}
[7.813998] (-) TimerEvent: {}
[7.914229] (-) TimerEvent: {}
[8.014462] (-) TimerEvent: {}
[8.114685] (-) TimerEvent: {}
[8.214914] (-) TimerEvent: {}
[8.315141] (-) TimerEvent: {}
[8.415373] (-) TimerEvent: {}
[8.515604] (-) TimerEvent: {}
[8.615803] (-) TimerEvent: {}
[8.716038] (-) TimerEvent: {}
[8.816277] (-) TimerEvent: {}
[8.916486] (-) TimerEvent: {}
[9.016624] (-) TimerEvent: {}
[9.116765] (-) TimerEvent: {}
[9.216919] (-) TimerEvent: {}
[9.317125] (-) TimerEvent: {}
[9.417285] (-) TimerEvent: {}
[9.517440] (-) TimerEvent: {}
[9.617583] (-) TimerEvent: {}
[9.717714] (-) TimerEvent: {}
[9.817851] (-) TimerEvent: {}
[9.918034] (-) TimerEvent: {}
[10.018219] (-) TimerEvent: {}
[10.118395] (-) TimerEvent: {}
[10.218547] (-) TimerEvent: {}
[10.318684] (-) TimerEvent: {}
[10.418818] (-) TimerEvent: {}
[10.518959] (-) TimerEvent: {}
[10.619095] (-) TimerEvent: {}
[10.719226] (-) TimerEvent: {}
[10.819357] (-) TimerEvent: {}
[10.919491] (-) TimerEvent: {}
[11.019621] (-) TimerEvent: {}
[11.119754] (-) TimerEvent: {}
[11.219890] (-) TimerEvent: {}
[11.320038] (-) TimerEvent: {}
[11.420191] (-) TimerEvent: {}
[11.520384] (-) TimerEvent: {}
[11.620535] (-) TimerEvent: {}
[11.720734] (-) TimerEvent: {}
[11.820928] (-) TimerEvent: {}
[11.921079] (-) TimerEvent: {}
[12.021284] (-) TimerEvent: {}
[12.121419] (-) TimerEvent: {}
[12.221560] (-) TimerEvent: {}
[12.321739] (-) TimerEvent: {}
[12.421876] (-) TimerEvent: {}
[12.522065] (-) TimerEvent: {}
[12.579669] (ranger_base) StdoutLine: {'line': b'[100%] Linking CXX executable ranger_base_node\n'}
[12.622156] (-) TimerEvent: {}
[12.690199] (ranger_base) StdoutLine: {'line': b'[100%] Built target ranger_base_node\n'}
[12.699521] (ranger_base) CommandEnded: {'returncode': 0}
[12.699898] (ranger_base) JobProgress: {'identifier': 'ranger_base', 'progress': 'install'}
[12.700083] (ranger_base) Command: {'cmd': ['/usr/bin/cmake', '--install', '/root/git/ranger_ros2/build/ranger_base'], 'cwd': '/root/git/ranger_ros2/build/ranger_base', 'env': OrderedDict([('HOSTNAME', 'cona-MS-7D96'), ('SHLVL', '1'), ('LD_LIBRARY_PATH', '/root/git/ranger_ros2/install/ranger_msgs/lib:/opt/ros/humble/opt/rviz_ogre_vendor/lib:/opt/ros/humble/lib/x86_64-linux-gnu:/opt/ros/humble/lib'), ('HOME', '/root'), ('OLDPWD', '/'), ('ROS_PYTHON_VERSION', '3'), ('ROS_DISTRO', 'humble'), ('_', '/usr/bin/colcon'), ('ROS_VERSION', '2'), ('FLIR_GENTL64_CTI', '/opt/spinnaker/lib/flir-gentl/FLIR_GenTL.cti'), ('ROS_LOCALHOST_ONLY', '0'), ('PATH', '/opt/ros/humble/bin:/opt/spinnaker/bin:/usr/local/sbin:/usr/local/bin:/usr/sbin:/usr/bin:/sbin:/bin'), ('DISPLAY', ':1'), ('LANG', 'C.UTF-8'), ('AMENT_PREFIX_PATH', '/root/git/ranger_ros2/install/ranger_msgs:/opt/ros/humble'), ('DEBIAN_FRONTEND', 'noninteractive'), ('PWD', '/root/git/ranger_ros2/build/ranger_base'), ('LC_ALL', 'C.UTF-8'), ('PYTHONPATH', '/root/git/ranger_ros2/install/ranger_msgs/local/lib/python3.10/dist-packages:/opt/ros/humble/lib/python3.10/site-packages:/opt/ros/humble/local/lib/python3.10/dist-packages'), ('TZ', 'Asia/Seoul'), ('COLCON', '1'), ('CMAKE_PREFIX_PATH', '/root/git/ranger_ros2/install/ranger_msgs:/opt/ros/humble')]), 'shell': False}
[12.707304] (ranger_base) StdoutLine: {'line': b'-- Install configuration: "Release"\n'}
[12.707436] (ranger_base) StdoutLine: {'line': b'-- Installing: /root/git/ranger_ros2/install/ranger_base/lib/ranger_base/ranger_base_node\n'}
[12.708540] (ranger_base) StdoutLine: {'line': b'-- Set runtime path of "/root/git/ranger_ros2/install/ranger_base/lib/ranger_base/ranger_base_node" to ""\n'}
[12.708598] (ranger_base) StdoutLine: {'line': b'-- Installing: /root/git/ranger_ros2/install/ranger_base/share/ranger_base//launch\n'}
[12.708620] (ranger_base) StdoutLine: {'line': b'-- Installing: /root/git/ranger_ros2/install/ranger_base/share/ranger_base//launch/ranger_mini_v3.launch.py\n'}
[12.708660] (ranger_base) StdoutLine: {'line': b'-- Installing: /root/git/ranger_ros2/install/ranger_base/share/ranger_base//launch/ranger_mini_v1.launch.py\n'}
[12.708680] (ranger_base) StdoutLine: {'line': b'-- Installing: /root/git/ranger_ros2/install/ranger_base/share/ranger_base//launch/ranger.launch.py\n'}
[12.708701] (ranger_base) StdoutLine: {'line': b'-- Installing: /root/git/ranger_ros2/install/ranger_base/share/ranger_base//launch/include\n'}
[12.708768] (ranger_base) StdoutLine: {'line': b'-- Installing: /root/git/ranger_ros2/install/ranger_base/share/ranger_base//launch/include/ranger_robot_base.launch.xml\n'}
[12.708837] (ranger_base) StdoutLine: {'line': b'-- Installing: /root/git/ranger_ros2/install/ranger_base/share/ranger_base//launch/ranger_mini_v2.launch.py\n'}
[12.708923] (ranger_base) StdoutLine: {'line': b'-- Installing: /root/git/ranger_ros2/install/ranger_base/share/ament_index/resource_index/package_run_dependencies/ranger_base\n'}
[12.708972] (ranger_base) StdoutLine: {'line': b'-- Installing: /root/git/ranger_ros2/install/ranger_base/share/ament_index/resource_index/parent_prefix_path/ranger_base\n'}
[12.709022] (ranger_base) StdoutLine: {'line': b'-- Installing: /root/git/ranger_ros2/install/ranger_base/share/ranger_base/environment/ament_prefix_path.sh\n'}
[12.709059] (ranger_base) StdoutLine: {'line': b'-- Installing: /root/git/ranger_ros2/install/ranger_base/share/ranger_base/environment/ament_prefix_path.dsv\n'}
[12.709094] (ranger_base) StdoutLine: {'line': b'-- Installing: /root/git/ranger_ros2/install/ranger_base/share/ranger_base/environment/path.sh\n'}
[12.709128] (ranger_base) StdoutLine: {'line': b'-- Installing: /root/git/ranger_ros2/install/ranger_base/share/ranger_base/environment/path.dsv\n'}
[12.709164] (ranger_base) StdoutLine: {'line': b'-- Installing: /root/git/ranger_ros2/install/ranger_base/share/ranger_base/local_setup.bash\n'}
[12.709201] (ranger_base) StdoutLine: {'line': b'-- Installing: /root/git/ranger_ros2/install/ranger_base/share/ranger_base/local_setup.sh\n'}
[12.709238] (ranger_base) StdoutLine: {'line': b'-- Installing: /root/git/ranger_ros2/install/ranger_base/share/ranger_base/local_setup.zsh\n'}
[12.709276] (ranger_base) StdoutLine: {'line': b'-- Installing: /root/git/ranger_ros2/install/ranger_base/share/ranger_base/local_setup.dsv\n'}
[12.709315] (ranger_base) StdoutLine: {'line': b'-- Installing: /root/git/ranger_ros2/install/ranger_base/share/ranger_base/package.dsv\n'}
[12.709350] (ranger_base) StdoutLine: {'line': b'-- Installing: /root/git/ranger_ros2/install/ranger_base/share/ament_index/resource_index/packages/ranger_base\n'}
[12.709385] (ranger_base) StdoutLine: {'line': b'-- Installing: /root/git/ranger_ros2/install/ranger_base/share/ranger_base/cmake/ranger_baseConfig.cmake\n'}
[12.709420] (ranger_base) StdoutLine: {'line': b'-- Installing: /root/git/ranger_ros2/install/ranger_base/share/ranger_base/cmake/ranger_baseConfig-version.cmake\n'}
[12.709457] (ranger_base) StdoutLine: {'line': b'-- Installing: /root/git/ranger_ros2/install/ranger_base/share/ranger_base/package.xml\n'}
[12.710011] (ranger_base) CommandEnded: {'returncode': 0}
[12.720409] (ranger_base) JobEnded: {'identifier': 'ranger_base', 'rc': 0}
[12.720864] (-) EventReactorShutdown: {}
