[0.056s] colcon DEBUG Command line arguments: ['/usr/bin/colcon', 'build', '--packages-select', 'ranger_msgs', 'ranger_base', '--cmake-args', '-DCMAKE_BUILD_TYPE=Release', '-DCMAKE_PREFIX_PATH=/tmp/ugv_install']
[0.056s] colcon DEBUG Parsed command line arguments: Namespace(log_base=None, log_level=None, verb_name='build', build_base='build', install_base='install', merge_install=False, symlink_install=False, test_result_base=None, continue_on_error=False, executor='parallel', parallel_workers=24, event_handlers=None, ignore_user_meta=False, metas=['./colcon.meta'], base_paths=['.'], packages_ignore=None, packages_ignore_regex=None, paths=None, packages_up_to=None, packages_up_to_regex=None, packages_above=None, packages_above_and_dependencies=None, packages_above_depth=None, packages_select_by_dep=None, packages_skip_by_dep=None, packages_skip_up_to=None, packages_select_build_failed=False, packages_skip_build_finished=False, packages_select_test_failures=False, packages_skip_test_passed=False, packages_select=['ranger_msgs', 'ranger_base'], packages_skip=None, packages_select_regex=None, packages_skip_regex=None, packages_start=None, packages_end=None, cmake_args=['-DCMAKE_BUILD_TYPE=Release', '-DCMAKE_PREFIX_PATH=/tmp/ugv_install'], cmake_target=None, cmake_target_skip_unavailable=False, cmake_clean_cache=False, cmake_clean_first=False, cmake_force_configure=False, ament_cmake_args=None, catkin_cmake_args=None, catkin_skip_building_tests=False, mixin_files=None, mixin=None, verb_parser=<colcon_mixin.mixin.mixin_argument.MixinArgumentDecorator object at 0x76f2ae6d2bc0>, verb_extension=<colcon_core.verb.build.BuildVerb object at 0x76f2ae84fb50>, main=<bound method BuildVerb.main of <colcon_core.verb.build.BuildVerb object at 0x76f2ae84fb50>>, mixin_verb=('build',))
[0.122s] colcon.colcon_core.package_discovery Level 1 discover_packages(colcon_meta) check parameters
[0.123s] colcon.colcon_metadata.package_discovery.colcon_meta INFO Using configuration from '/root/.colcon/metadata/default/Gazebo.meta'
[0.123s] colcon.colcon_metadata.package_discovery.colcon_meta INFO Using configuration from '/root/.colcon/metadata/default/fastdds.meta'
[0.123s] colcon.colcon_metadata.package_discovery.colcon_meta INFO Using configuration from '/root/.colcon/metadata/default/fastrtps.meta'
[0.123s] colcon.colcon_core.package_discovery Level 1 discover_packages(recursive) check parameters
[0.123s] colcon.colcon_core.package_discovery Level 1 discover_packages(ignore) check parameters
[0.123s] colcon.colcon_core.package_discovery Level 1 discover_packages(path) check parameters
[0.123s] colcon.colcon_core.package_discovery Level 1 discover_packages(colcon_meta) discover
[0.123s] colcon.colcon_core.package_discovery Level 1 discover_packages(recursive) discover
[0.123s] colcon.colcon_core.package_discovery INFO Crawling recursively for packages in '/root/git/ranger_ros2'
[0.123s] colcon.colcon_core.package_identification Level 1 _identify(.) by extensions ['ignore', 'ignore_ament_install']
[0.123s] colcon.colcon_core.package_identification Level 1 _identify(.) by extension 'ignore'
[0.123s] colcon.colcon_core.package_identification Level 1 _identify(.) by extension 'ignore_ament_install'
[0.123s] colcon.colcon_core.package_identification Level 1 _identify(.) by extensions ['colcon_pkg']
[0.123s] colcon.colcon_core.package_identification Level 1 _identify(.) by extension 'colcon_pkg'
[0.123s] colcon.colcon_core.package_identification Level 1 _identify(.) by extensions ['colcon_meta']
[0.123s] colcon.colcon_core.package_identification Level 1 _identify(.) by extension 'colcon_meta'
[0.123s] colcon.colcon_core.package_identification Level 1 _identify(.) by extensions ['ros']
[0.123s] colcon.colcon_core.package_identification Level 1 _identify(.) by extension 'ros'
[0.129s] colcon.colcon_core.package_identification Level 1 _identify(.) by extensions ['cmake', 'python']
[0.129s] colcon.colcon_core.package_identification Level 1 _identify(.) by extension 'cmake'
[0.129s] colcon.colcon_core.package_identification Level 1 _identify(.) by extension 'python'
[0.129s] colcon.colcon_core.package_identification Level 1 _identify(.) by extensions ['python_setup_py']
[0.129s] colcon.colcon_core.package_identification Level 1 _identify(.) by extension 'python_setup_py'
[0.129s] colcon.colcon_core.package_identification Level 1 _identify(build) by extensions ['ignore', 'ignore_ament_install']
[0.129s] colcon.colcon_core.package_identification Level 1 _identify(build) by extension 'ignore'
[0.129s] colcon.colcon_core.package_identification Level 1 _identify(build) ignored
[0.129s] colcon.colcon_core.package_identification Level 1 _identify(docs) by extensions ['ignore', 'ignore_ament_install']
[0.129s] colcon.colcon_core.package_identification Level 1 _identify(docs) by extension 'ignore'
[0.129s] colcon.colcon_core.package_identification Level 1 _identify(docs) by extension 'ignore_ament_install'
[0.129s] colcon.colcon_core.package_identification Level 1 _identify(docs) by extensions ['colcon_pkg']
[0.129s] colcon.colcon_core.package_identification Level 1 _identify(docs) by extension 'colcon_pkg'
[0.129s] colcon.colcon_core.package_identification Level 1 _identify(docs) by extensions ['colcon_meta']
[0.129s] colcon.colcon_core.package_identification Level 1 _identify(docs) by extension 'colcon_meta'
[0.129s] colcon.colcon_core.package_identification Level 1 _identify(docs) by extensions ['ros']
[0.129s] colcon.colcon_core.package_identification Level 1 _identify(docs) by extension 'ros'
[0.129s] colcon.colcon_core.package_identification Level 1 _identify(docs) by extensions ['cmake', 'python']
[0.129s] colcon.colcon_core.package_identification Level 1 _identify(docs) by extension 'cmake'
[0.129s] colcon.colcon_core.package_identification Level 1 _identify(docs) by extension 'python'
[0.129s] colcon.colcon_core.package_identification Level 1 _identify(docs) by extensions ['python_setup_py']
[0.129s] colcon.colcon_core.package_identification Level 1 _identify(docs) by extension 'python_setup_py'
[0.129s] colcon.colcon_core.package_identification Level 1 _identify(install) by extensions ['ignore', 'ignore_ament_install']
[0.129s] colcon.colcon_core.package_identification Level 1 _identify(install) by extension 'ignore'
[0.129s] colcon.colcon_core.package_identification Level 1 _identify(install) ignored
[0.129s] colcon.colcon_core.package_identification Level 1 _identify(log) by extensions ['ignore', 'ignore_ament_install']
[0.129s] colcon.colcon_core.package_identification Level 1 _identify(log) by extension 'ignore'
[0.129s] colcon.colcon_core.package_identification Level 1 _identify(log) ignored
[0.129s] colcon.colcon_core.package_identification Level 1 _identify(ranger_base) by extensions ['ignore', 'ignore_ament_install']
[0.129s] colcon.colcon_core.package_identification Level 1 _identify(ranger_base) by extension 'ignore'
[0.129s] colcon.colcon_core.package_identification Level 1 _identify(ranger_base) by extension 'ignore_ament_install'
[0.129s] colcon.colcon_core.package_identification Level 1 _identify(ranger_base) by extensions ['colcon_pkg']
[0.129s] colcon.colcon_core.package_identification Level 1 _identify(ranger_base) by extension 'colcon_pkg'
[0.129s] colcon.colcon_core.package_identification Level 1 _identify(ranger_base) by extensions ['colcon_meta']
[0.130s] colcon.colcon_core.package_identification Level 1 _identify(ranger_base) by extension 'colcon_meta'
[0.130s] colcon.colcon_core.package_identification Level 1 _identify(ranger_base) by extensions ['ros']
[0.130s] colcon.colcon_core.package_identification Level 1 _identify(ranger_base) by extension 'ros'
[0.131s] colcon.colcon_core.package_identification DEBUG Package 'ranger_base' with type 'ros.ament_cmake' and name 'ranger_base'
[0.131s] colcon.colcon_core.package_identification Level 1 _identify(ranger_bringup) by extensions ['ignore', 'ignore_ament_install']
[0.131s] colcon.colcon_core.package_identification Level 1 _identify(ranger_bringup) by extension 'ignore'
[0.131s] colcon.colcon_core.package_identification Level 1 _identify(ranger_bringup) by extension 'ignore_ament_install'
[0.131s] colcon.colcon_core.package_identification Level 1 _identify(ranger_bringup) by extensions ['colcon_pkg']
[0.131s] colcon.colcon_core.package_identification Level 1 _identify(ranger_bringup) by extension 'colcon_pkg'
[0.131s] colcon.colcon_core.package_identification Level 1 _identify(ranger_bringup) by extensions ['colcon_meta']
[0.131s] colcon.colcon_core.package_identification Level 1 _identify(ranger_bringup) by extension 'colcon_meta'
[0.131s] colcon.colcon_core.package_identification Level 1 _identify(ranger_bringup) by extensions ['ros']
[0.131s] colcon.colcon_core.package_identification Level 1 _identify(ranger_bringup) by extension 'ros'
[0.131s] colcon.colcon_core.package_identification DEBUG Package 'ranger_bringup' with type 'ros.ament_cmake' and name 'ranger_bringup'
[0.131s] colcon.colcon_core.package_identification Level 1 _identify(ranger_msgs) by extensions ['ignore', 'ignore_ament_install']
[0.131s] colcon.colcon_core.package_identification Level 1 _identify(ranger_msgs) by extension 'ignore'
[0.131s] colcon.colcon_core.package_identification Level 1 _identify(ranger_msgs) by extension 'ignore_ament_install'
[0.131s] colcon.colcon_core.package_identification Level 1 _identify(ranger_msgs) by extensions ['colcon_pkg']
[0.132s] colcon.colcon_core.package_identification Level 1 _identify(ranger_msgs) by extension 'colcon_pkg'
[0.132s] colcon.colcon_core.package_identification Level 1 _identify(ranger_msgs) by extensions ['colcon_meta']
[0.132s] colcon.colcon_core.package_identification Level 1 _identify(ranger_msgs) by extension 'colcon_meta'
[0.132s] colcon.colcon_core.package_identification Level 1 _identify(ranger_msgs) by extensions ['ros']
[0.132s] colcon.colcon_core.package_identification Level 1 _identify(ranger_msgs) by extension 'ros'
[0.132s] colcon.colcon_core.package_identification DEBUG Package 'ranger_msgs' with type 'ros.ament_cmake' and name 'ranger_msgs'
[0.132s] colcon.colcon_core.package_discovery Level 1 discover_packages(recursive) using defaults
[0.132s] colcon.colcon_core.package_discovery Level 1 discover_packages(ignore) discover
[0.132s] colcon.colcon_core.package_discovery Level 1 discover_packages(ignore) using defaults
[0.132s] colcon.colcon_core.package_discovery Level 1 discover_packages(path) discover
[0.132s] colcon.colcon_core.package_discovery Level 1 discover_packages(path) using defaults
[0.144s] colcon.colcon_core.package_selection INFO Skipping not selected package 'ranger_bringup' in 'ranger_bringup'
[0.144s] colcon.colcon_core.verb Level 5 set package 'ranger_msgs' build argument 'cmake_args' from command line to '['-DCMAKE_BUILD_TYPE=Release', '-DCMAKE_PREFIX_PATH=/tmp/ugv_install']'
[0.144s] colcon.colcon_core.verb Level 5 set package 'ranger_msgs' build argument 'cmake_target' from command line to 'None'
[0.144s] colcon.colcon_core.verb Level 5 set package 'ranger_msgs' build argument 'cmake_target_skip_unavailable' from command line to 'False'
[0.144s] colcon.colcon_core.verb Level 5 set package 'ranger_msgs' build argument 'cmake_clean_cache' from command line to 'False'
[0.144s] colcon.colcon_core.verb Level 5 set package 'ranger_msgs' build argument 'cmake_clean_first' from command line to 'False'
[0.144s] colcon.colcon_core.verb Level 5 set package 'ranger_msgs' build argument 'cmake_force_configure' from command line to 'False'
[0.144s] colcon.colcon_core.verb Level 5 set package 'ranger_msgs' build argument 'ament_cmake_args' from command line to 'None'
[0.144s] colcon.colcon_core.verb Level 5 set package 'ranger_msgs' build argument 'catkin_cmake_args' from command line to 'None'
[0.144s] colcon.colcon_core.verb Level 5 set package 'ranger_msgs' build argument 'catkin_skip_building_tests' from command line to 'False'
[0.144s] colcon.colcon_core.verb DEBUG Building package 'ranger_msgs' with the following arguments: {'ament_cmake_args': None, 'build_base': '/root/git/ranger_ros2/build/ranger_msgs', 'catkin_cmake_args': None, 'catkin_skip_building_tests': False, 'cmake_args': ['-DCMAKE_BUILD_TYPE=Release', '-DCMAKE_PREFIX_PATH=/tmp/ugv_install'], 'cmake_clean_cache': False, 'cmake_clean_first': False, 'cmake_force_configure': False, 'cmake_target': None, 'cmake_target_skip_unavailable': False, 'install_base': '/root/git/ranger_ros2/install/ranger_msgs', 'merge_install': False, 'path': '/root/git/ranger_ros2/ranger_msgs', 'symlink_install': False, 'test_result_base': None}
[0.144s] colcon.colcon_core.verb Level 5 set package 'ranger_base' build argument 'cmake_args' from command line to '['-DCMAKE_BUILD_TYPE=Release', '-DCMAKE_PREFIX_PATH=/tmp/ugv_install']'
[0.144s] colcon.colcon_core.verb Level 5 set package 'ranger_base' build argument 'cmake_target' from command line to 'None'
[0.144s] colcon.colcon_core.verb Level 5 set package 'ranger_base' build argument 'cmake_target_skip_unavailable' from command line to 'False'
[0.144s] colcon.colcon_core.verb Level 5 set package 'ranger_base' build argument 'cmake_clean_cache' from command line to 'False'
[0.144s] colcon.colcon_core.verb Level 5 set package 'ranger_base' build argument 'cmake_clean_first' from command line to 'False'
[0.144s] colcon.colcon_core.verb Level 5 set package 'ranger_base' build argument 'cmake_force_configure' from command line to 'False'
[0.144s] colcon.colcon_core.verb Level 5 set package 'ranger_base' build argument 'ament_cmake_args' from command line to 'None'
[0.144s] colcon.colcon_core.verb Level 5 set package 'ranger_base' build argument 'catkin_cmake_args' from command line to 'None'
[0.144s] colcon.colcon_core.verb Level 5 set package 'ranger_base' build argument 'catkin_skip_building_tests' from command line to 'False'
[0.144s] colcon.colcon_core.verb DEBUG Building package 'ranger_base' with the following arguments: {'ament_cmake_args': None, 'build_base': '/root/git/ranger_ros2/build/ranger_base', 'catkin_cmake_args': None, 'catkin_skip_building_tests': False, 'cmake_args': ['-DCMAKE_BUILD_TYPE=Release', '-DCMAKE_PREFIX_PATH=/tmp/ugv_install'], 'cmake_clean_cache': False, 'cmake_clean_first': False, 'cmake_force_configure': False, 'cmake_target': None, 'cmake_target_skip_unavailable': False, 'install_base': '/root/git/ranger_ros2/install/ranger_base', 'merge_install': False, 'path': '/root/git/ranger_ros2/ranger_base', 'symlink_install': False, 'test_result_base': None}
[0.144s] colcon.colcon_core.executor INFO Executing jobs using 'parallel' executor
[0.145s] colcon.colcon_parallel_executor.executor.parallel DEBUG run_until_complete
[0.145s] colcon.colcon_ros.task.ament_cmake.build INFO Building ROS package in '/root/git/ranger_ros2/ranger_msgs' with build type 'ament_cmake'
[0.145s] colcon.colcon_cmake.task.cmake.build INFO Building CMake package in '/root/git/ranger_ros2/ranger_msgs'
[0.146s] colcon.colcon_core.plugin_system INFO Skipping extension 'colcon_core.shell.bat': Not used on non-Windows systems
[0.146s] colcon.colcon_core.shell INFO Skip shell extension 'powershell' for command environment: Not usable outside of PowerShell
[0.146s] colcon.colcon_core.shell DEBUG Skip shell extension 'dsv' for command environment
[0.151s] colcon.colcon_core.event_handler.log_command DEBUG Invoking command in '/root/git/ranger_ros2/build/ranger_msgs': CMAKE_PREFIX_PATH=/opt/ros/humble /usr/bin/cmake /root/git/ranger_ros2/ranger_msgs -DCMAKE_BUILD_TYPE=Release -DCMAKE_PREFIX_PATH=/tmp/ugv_install -DCMAKE_INSTALL_PREFIX=/root/git/ranger_ros2/install/ranger_msgs
[1.340s] colcon.colcon_core.event_handler.log_command DEBUG Invoked command in '/root/git/ranger_ros2/build/ranger_msgs' returned '0': CMAKE_PREFIX_PATH=/opt/ros/humble /usr/bin/cmake /root/git/ranger_ros2/ranger_msgs -DCMAKE_BUILD_TYPE=Release -DCMAKE_PREFIX_PATH=/tmp/ugv_install -DCMAKE_INSTALL_PREFIX=/root/git/ranger_ros2/install/ranger_msgs
[1.341s] colcon.colcon_core.event_handler.log_command DEBUG Invoking command in '/root/git/ranger_ros2/build/ranger_msgs': CMAKE_PREFIX_PATH=/opt/ros/humble /usr/bin/cmake --build /root/git/ranger_ros2/build/ranger_msgs -- -j24 -l24
[2.964s] colcon.colcon_core.event_handler.log_command DEBUG Invoked command in '/root/git/ranger_ros2/build/ranger_msgs' returned '0': CMAKE_PREFIX_PATH=/opt/ros/humble /usr/bin/cmake --build /root/git/ranger_ros2/build/ranger_msgs -- -j24 -l24
[2.973s] colcon.colcon_core.event_handler.log_command DEBUG Invoking command in '/root/git/ranger_ros2/build/ranger_msgs': CMAKE_PREFIX_PATH=/opt/ros/humble /usr/bin/cmake --install /root/git/ranger_ros2/build/ranger_msgs
[3.020s] colcon.colcon_core.environment Level 1 create_environment_scripts_only(ranger_msgs)
[3.020s] colcon.colcon_core.event_handler.log_command DEBUG Invoked command in '/root/git/ranger_ros2/build/ranger_msgs' returned '0': CMAKE_PREFIX_PATH=/opt/ros/humble /usr/bin/cmake --install /root/git/ranger_ros2/build/ranger_msgs
[3.022s] colcon.colcon_core.environment Level 1 checking '/root/git/ranger_ros2/install/ranger_msgs' for CMake module files
[3.022s] colcon.colcon_core.environment Level 1 checking '/root/git/ranger_ros2/install/ranger_msgs' for CMake config files
[3.023s] colcon.colcon_core.shell Level 1 create_environment_hook('ranger_msgs', 'cmake_prefix_path')
[3.023s] colcon.colcon_core.shell INFO Creating environment hook '/root/git/ranger_ros2/install/ranger_msgs/share/ranger_msgs/hook/cmake_prefix_path.ps1'
[3.024s] colcon.colcon_core.shell INFO Creating environment descriptor '/root/git/ranger_ros2/install/ranger_msgs/share/ranger_msgs/hook/cmake_prefix_path.dsv'
[3.024s] colcon.colcon_core.shell INFO Creating environment hook '/root/git/ranger_ros2/install/ranger_msgs/share/ranger_msgs/hook/cmake_prefix_path.sh'
[3.025s] colcon.colcon_core.environment Level 1 checking '/root/git/ranger_ros2/install/ranger_msgs/lib'
[3.025s] colcon.colcon_core.shell Level 1 create_environment_hook('ranger_msgs', 'ld_library_path_lib')
[3.025s] colcon.colcon_core.shell INFO Creating environment hook '/root/git/ranger_ros2/install/ranger_msgs/share/ranger_msgs/hook/ld_library_path_lib.ps1'
[3.026s] colcon.colcon_core.shell INFO Creating environment descriptor '/root/git/ranger_ros2/install/ranger_msgs/share/ranger_msgs/hook/ld_library_path_lib.dsv'
[3.026s] colcon.colcon_core.shell INFO Creating environment hook '/root/git/ranger_ros2/install/ranger_msgs/share/ranger_msgs/hook/ld_library_path_lib.sh'
[3.026s] colcon.colcon_core.environment Level 1 checking '/root/git/ranger_ros2/install/ranger_msgs/bin'
[3.026s] colcon.colcon_core.environment Level 1 checking '/root/git/ranger_ros2/install/ranger_msgs/lib/pkgconfig/ranger_msgs.pc'
[3.028s] colcon.colcon_core.environment Level 1 checking '/root/git/ranger_ros2/install/ranger_msgs/lib/python3.10/site-packages'
[3.028s] colcon.colcon_core.environment Level 1 checking '/root/git/ranger_ros2/install/ranger_msgs/bin'
[3.029s] colcon.colcon_core.shell INFO Creating package script '/root/git/ranger_ros2/install/ranger_msgs/share/ranger_msgs/package.ps1'
[3.030s] colcon.colcon_core.shell INFO Creating package descriptor '/root/git/ranger_ros2/install/ranger_msgs/share/ranger_msgs/package.dsv'
[3.031s] colcon.colcon_core.shell INFO Creating package script '/root/git/ranger_ros2/install/ranger_msgs/share/ranger_msgs/package.sh'
[3.031s] colcon.colcon_core.shell INFO Creating package script '/root/git/ranger_ros2/install/ranger_msgs/share/ranger_msgs/package.bash'
[3.031s] colcon.colcon_core.shell INFO Creating package script '/root/git/ranger_ros2/install/ranger_msgs/share/ranger_msgs/package.zsh'
[3.032s] colcon.colcon_core.environment Level 1 create_file_with_runtime_dependencies(/root/git/ranger_ros2/install/ranger_msgs/share/colcon-core/packages/ranger_msgs)
[3.032s] colcon.colcon_core.environment Level 1 create_environment_scripts_only(ranger_msgs)
[3.032s] colcon.colcon_core.environment Level 1 checking '/root/git/ranger_ros2/install/ranger_msgs' for CMake module files
[3.033s] colcon.colcon_core.environment Level 1 checking '/root/git/ranger_ros2/install/ranger_msgs' for CMake config files
[3.033s] colcon.colcon_core.shell Level 1 create_environment_hook('ranger_msgs', 'cmake_prefix_path')
[3.033s] colcon.colcon_core.shell INFO Creating environment hook '/root/git/ranger_ros2/install/ranger_msgs/share/ranger_msgs/hook/cmake_prefix_path.ps1'
[3.033s] colcon.colcon_core.shell INFO Creating environment descriptor '/root/git/ranger_ros2/install/ranger_msgs/share/ranger_msgs/hook/cmake_prefix_path.dsv'
[3.034s] colcon.colcon_core.shell INFO Creating environment hook '/root/git/ranger_ros2/install/ranger_msgs/share/ranger_msgs/hook/cmake_prefix_path.sh'
[3.034s] colcon.colcon_core.environment Level 1 checking '/root/git/ranger_ros2/install/ranger_msgs/lib'
[3.034s] colcon.colcon_core.shell Level 1 create_environment_hook('ranger_msgs', 'ld_library_path_lib')
[3.034s] colcon.colcon_core.shell INFO Creating environment hook '/root/git/ranger_ros2/install/ranger_msgs/share/ranger_msgs/hook/ld_library_path_lib.ps1'
[3.034s] colcon.colcon_core.shell INFO Creating environment descriptor '/root/git/ranger_ros2/install/ranger_msgs/share/ranger_msgs/hook/ld_library_path_lib.dsv'
[3.035s] colcon.colcon_core.shell INFO Creating environment hook '/root/git/ranger_ros2/install/ranger_msgs/share/ranger_msgs/hook/ld_library_path_lib.sh'
[3.035s] colcon.colcon_core.environment Level 1 checking '/root/git/ranger_ros2/install/ranger_msgs/bin'
[3.035s] colcon.colcon_core.environment Level 1 checking '/root/git/ranger_ros2/install/ranger_msgs/lib/pkgconfig/ranger_msgs.pc'
[3.035s] colcon.colcon_core.environment Level 1 checking '/root/git/ranger_ros2/install/ranger_msgs/lib/python3.10/site-packages'
[3.035s] colcon.colcon_core.environment Level 1 checking '/root/git/ranger_ros2/install/ranger_msgs/bin'
[3.036s] colcon.colcon_core.shell INFO Creating package script '/root/git/ranger_ros2/install/ranger_msgs/share/ranger_msgs/package.ps1'
[3.036s] colcon.colcon_core.shell INFO Creating package descriptor '/root/git/ranger_ros2/install/ranger_msgs/share/ranger_msgs/package.dsv'
[3.036s] colcon.colcon_core.shell INFO Creating package script '/root/git/ranger_ros2/install/ranger_msgs/share/ranger_msgs/package.sh'
[3.037s] colcon.colcon_core.shell INFO Creating package script '/root/git/ranger_ros2/install/ranger_msgs/share/ranger_msgs/package.bash'
[3.037s] colcon.colcon_core.shell INFO Creating package script '/root/git/ranger_ros2/install/ranger_msgs/share/ranger_msgs/package.zsh'
[3.037s] colcon.colcon_core.environment Level 1 create_file_with_runtime_dependencies(/root/git/ranger_ros2/install/ranger_msgs/share/colcon-core/packages/ranger_msgs)
[3.038s] colcon.colcon_ros.task.ament_cmake.build INFO Building ROS package in '/root/git/ranger_ros2/ranger_base' with build type 'ament_cmake'
[3.038s] colcon.colcon_cmake.task.cmake.build INFO Building CMake package in '/root/git/ranger_ros2/ranger_base'
[3.038s] colcon.colcon_core.shell INFO Skip shell extension 'powershell' for command environment: Not usable outside of PowerShell
[3.038s] colcon.colcon_core.shell DEBUG Skip shell extension 'dsv' for command environment
[3.050s] colcon.colcon_core.event_handler.log_command DEBUG Invoking command in '/root/git/ranger_ros2/build/ranger_base': AMENT_PREFIX_PATH=/root/git/ranger_ros2/install/ranger_msgs:${AMENT_PREFIX_PATH} CMAKE_PREFIX_PATH=/root/git/ranger_ros2/install/ranger_msgs:/opt/ros/humble LD_LIBRARY_PATH=/root/git/ranger_ros2/install/ranger_msgs/lib:${LD_LIBRARY_PATH} PYTHONPATH=/root/git/ranger_ros2/install/ranger_msgs/local/lib/python3.10/dist-packages:${PYTHONPATH} /usr/bin/cmake /root/git/ranger_ros2/ranger_base -DCMAKE_BUILD_TYPE=Release -DCMAKE_PREFIX_PATH=/tmp/ugv_install -DCMAKE_INSTALL_PREFIX=/root/git/ranger_ros2/install/ranger_base
[4.179s] colcon.colcon_core.event_handler.log_command DEBUG Invoked command in '/root/git/ranger_ros2/build/ranger_base' returned '0': AMENT_PREFIX_PATH=/root/git/ranger_ros2/install/ranger_msgs:${AMENT_PREFIX_PATH} CMAKE_PREFIX_PATH=/root/git/ranger_ros2/install/ranger_msgs:/opt/ros/humble LD_LIBRARY_PATH=/root/git/ranger_ros2/install/ranger_msgs/lib:${LD_LIBRARY_PATH} PYTHONPATH=/root/git/ranger_ros2/install/ranger_msgs/local/lib/python3.10/dist-packages:${PYTHONPATH} /usr/bin/cmake /root/git/ranger_ros2/ranger_base -DCMAKE_BUILD_TYPE=Release -DCMAKE_PREFIX_PATH=/tmp/ugv_install -DCMAKE_INSTALL_PREFIX=/root/git/ranger_ros2/install/ranger_base
[4.179s] colcon.colcon_core.event_handler.log_command DEBUG Invoking command in '/root/git/ranger_ros2/build/ranger_base': AMENT_PREFIX_PATH=/root/git/ranger_ros2/install/ranger_msgs:${AMENT_PREFIX_PATH} CMAKE_PREFIX_PATH=/root/git/ranger_ros2/install/ranger_msgs:/opt/ros/humble LD_LIBRARY_PATH=/root/git/ranger_ros2/install/ranger_msgs/lib:${LD_LIBRARY_PATH} PYTHONPATH=/root/git/ranger_ros2/install/ranger_msgs/local/lib/python3.10/dist-packages:${PYTHONPATH} /usr/bin/cmake --build /root/git/ranger_ros2/build/ranger_base -- -j24 -l24
[12.844s] colcon.colcon_core.event_handler.log_command DEBUG Invoked command in '/root/git/ranger_ros2/build/ranger_base' returned '0': AMENT_PREFIX_PATH=/root/git/ranger_ros2/install/ranger_msgs:${AMENT_PREFIX_PATH} CMAKE_PREFIX_PATH=/root/git/ranger_ros2/install/ranger_msgs:/opt/ros/humble LD_LIBRARY_PATH=/root/git/ranger_ros2/install/ranger_msgs/lib:${LD_LIBRARY_PATH} PYTHONPATH=/root/git/ranger_ros2/install/ranger_msgs/local/lib/python3.10/dist-packages:${PYTHONPATH} /usr/bin/cmake --build /root/git/ranger_ros2/build/ranger_base -- -j24 -l24
[12.845s] colcon.colcon_core.event_handler.log_command DEBUG Invoking command in '/root/git/ranger_ros2/build/ranger_base': AMENT_PREFIX_PATH=/root/git/ranger_ros2/install/ranger_msgs:${AMENT_PREFIX_PATH} CMAKE_PREFIX_PATH=/root/git/ranger_ros2/install/ranger_msgs:/opt/ros/humble LD_LIBRARY_PATH=/root/git/ranger_ros2/install/ranger_msgs/lib:${LD_LIBRARY_PATH} PYTHONPATH=/root/git/ranger_ros2/install/ranger_msgs/local/lib/python3.10/dist-packages:${PYTHONPATH} /usr/bin/cmake --install /root/git/ranger_ros2/build/ranger_base
[12.855s] colcon.colcon_core.environment Level 1 create_environment_scripts_only(ranger_base)
[12.855s] colcon.colcon_core.environment Level 1 checking '/root/git/ranger_ros2/install/ranger_base' for CMake module files
[12.855s] colcon.colcon_core.event_handler.log_command DEBUG Invoked command in '/root/git/ranger_ros2/build/ranger_base' returned '0': AMENT_PREFIX_PATH=/root/git/ranger_ros2/install/ranger_msgs:${AMENT_PREFIX_PATH} CMAKE_PREFIX_PATH=/root/git/ranger_ros2/install/ranger_msgs:/opt/ros/humble LD_LIBRARY_PATH=/root/git/ranger_ros2/install/ranger_msgs/lib:${LD_LIBRARY_PATH} PYTHONPATH=/root/git/ranger_ros2/install/ranger_msgs/local/lib/python3.10/dist-packages:${PYTHONPATH} /usr/bin/cmake --install /root/git/ranger_ros2/build/ranger_base
[12.855s] colcon.colcon_core.environment Level 1 checking '/root/git/ranger_ros2/install/ranger_base' for CMake config files
[12.855s] colcon.colcon_core.shell Level 1 create_environment_hook('ranger_base', 'cmake_prefix_path')
[12.856s] colcon.colcon_core.shell INFO Creating environment hook '/root/git/ranger_ros2/install/ranger_base/share/ranger_base/hook/cmake_prefix_path.ps1'
[12.856s] colcon.colcon_core.shell INFO Creating environment descriptor '/root/git/ranger_ros2/install/ranger_base/share/ranger_base/hook/cmake_prefix_path.dsv'
[12.856s] colcon.colcon_core.shell INFO Creating environment hook '/root/git/ranger_ros2/install/ranger_base/share/ranger_base/hook/cmake_prefix_path.sh'
[12.856s] colcon.colcon_core.environment Level 1 checking '/root/git/ranger_ros2/install/ranger_base/lib'
[12.857s] colcon.colcon_core.environment Level 1 checking '/root/git/ranger_ros2/install/ranger_base/bin'
[12.857s] colcon.colcon_core.environment Level 1 checking '/root/git/ranger_ros2/install/ranger_base/lib/pkgconfig/ranger_base.pc'
[12.857s] colcon.colcon_core.environment Level 1 checking '/root/git/ranger_ros2/install/ranger_base/lib/python3.10/site-packages'
[12.857s] colcon.colcon_core.environment Level 1 checking '/root/git/ranger_ros2/install/ranger_base/bin'
[12.857s] colcon.colcon_core.shell INFO Creating package script '/root/git/ranger_ros2/install/ranger_base/share/ranger_base/package.ps1'
[12.858s] colcon.colcon_core.shell INFO Creating package descriptor '/root/git/ranger_ros2/install/ranger_base/share/ranger_base/package.dsv'
[12.858s] colcon.colcon_core.shell INFO Creating package script '/root/git/ranger_ros2/install/ranger_base/share/ranger_base/package.sh'
[12.858s] colcon.colcon_core.shell INFO Creating package script '/root/git/ranger_ros2/install/ranger_base/share/ranger_base/package.bash'
[12.859s] colcon.colcon_core.shell INFO Creating package script '/root/git/ranger_ros2/install/ranger_base/share/ranger_base/package.zsh'
[12.859s] colcon.colcon_core.environment Level 1 create_file_with_runtime_dependencies(/root/git/ranger_ros2/install/ranger_base/share/colcon-core/packages/ranger_base)
[12.859s] colcon.colcon_core.environment Level 1 create_environment_scripts_only(ranger_base)
[12.859s] colcon.colcon_core.environment Level 1 checking '/root/git/ranger_ros2/install/ranger_base' for CMake module files
[12.860s] colcon.colcon_core.environment Level 1 checking '/root/git/ranger_ros2/install/ranger_base' for CMake config files
[12.860s] colcon.colcon_core.shell Level 1 create_environment_hook('ranger_base', 'cmake_prefix_path')
[12.860s] colcon.colcon_core.shell INFO Creating environment hook '/root/git/ranger_ros2/install/ranger_base/share/ranger_base/hook/cmake_prefix_path.ps1'
[12.861s] colcon.colcon_core.shell INFO Creating environment descriptor '/root/git/ranger_ros2/install/ranger_base/share/ranger_base/hook/cmake_prefix_path.dsv'
[12.861s] colcon.colcon_core.shell INFO Creating environment hook '/root/git/ranger_ros2/install/ranger_base/share/ranger_base/hook/cmake_prefix_path.sh'
[12.861s] colcon.colcon_core.environment Level 1 checking '/root/git/ranger_ros2/install/ranger_base/lib'
[12.861s] colcon.colcon_core.environment Level 1 checking '/root/git/ranger_ros2/install/ranger_base/bin'
[12.862s] colcon.colcon_core.environment Level 1 checking '/root/git/ranger_ros2/install/ranger_base/lib/pkgconfig/ranger_base.pc'
[12.862s] colcon.colcon_core.environment Level 1 checking '/root/git/ranger_ros2/install/ranger_base/lib/python3.10/site-packages'
[12.862s] colcon.colcon_core.environment Level 1 checking '/root/git/ranger_ros2/install/ranger_base/bin'
[12.862s] colcon.colcon_core.shell INFO Creating package script '/root/git/ranger_ros2/install/ranger_base/share/ranger_base/package.ps1'
[12.863s] colcon.colcon_core.shell INFO Creating package descriptor '/root/git/ranger_ros2/install/ranger_base/share/ranger_base/package.dsv'
[12.864s] colcon.colcon_core.shell INFO Creating package script '/root/git/ranger_ros2/install/ranger_base/share/ranger_base/package.sh'
[12.864s] colcon.colcon_core.shell INFO Creating package script '/root/git/ranger_ros2/install/ranger_base/share/ranger_base/package.bash'
[12.865s] colcon.colcon_core.shell INFO Creating package script '/root/git/ranger_ros2/install/ranger_base/share/ranger_base/package.zsh'
[12.865s] colcon.colcon_core.environment Level 1 create_file_with_runtime_dependencies(/root/git/ranger_ros2/install/ranger_base/share/colcon-core/packages/ranger_base)
[12.865s] colcon.colcon_parallel_executor.executor.parallel DEBUG closing loop
[12.865s] colcon.colcon_parallel_executor.executor.parallel DEBUG loop closed
[12.865s] colcon.colcon_parallel_executor.executor.parallel DEBUG run_until_complete finished with '0'
[12.866s] colcon.colcon_core.event_reactor DEBUG joining thread
[12.870s] colcon.colcon_core.plugin_system INFO Skipping extension 'colcon_notification.desktop_notification.terminal_notifier': Not used on non-Darwin systems
[12.871s] colcon.colcon_core.plugin_system INFO Skipping extension 'colcon_notification.desktop_notification.win32': Not used on non-Windows systems
[12.871s] colcon.colcon_notification.desktop_notification INFO Sending desktop notification using 'notify2'
[12.874s] colcon.colcon_notification.desktop_notification.notify2 DEBUG Failed to initialize notify2: org.freedesktop.DBus.Error.Spawn.ExecFailed: /usr/bin/dbus-launch terminated abnormally without any error message
[12.874s] colcon.colcon_core.event_reactor DEBUG joined thread
[12.875s] colcon.colcon_core.shell INFO Creating prefix script '/root/git/ranger_ros2/install/local_setup.ps1'
[12.876s] colcon.colcon_core.shell INFO Creating prefix util module '/root/git/ranger_ros2/install/_local_setup_util_ps1.py'
[12.879s] colcon.colcon_core.shell INFO Creating prefix chain script '/root/git/ranger_ros2/install/setup.ps1'
[12.880s] colcon.colcon_core.shell INFO Creating prefix script '/root/git/ranger_ros2/install/local_setup.sh'
[12.881s] colcon.colcon_core.shell INFO Creating prefix util module '/root/git/ranger_ros2/install/_local_setup_util_sh.py'
[12.882s] colcon.colcon_core.shell INFO Creating prefix chain script '/root/git/ranger_ros2/install/setup.sh'
[12.884s] colcon.colcon_core.shell INFO Creating prefix script '/root/git/ranger_ros2/install/local_setup.bash'
[12.885s] colcon.colcon_core.shell INFO Creating prefix chain script '/root/git/ranger_ros2/install/setup.bash'
[12.886s] colcon.colcon_core.shell INFO Creating prefix script '/root/git/ranger_ros2/install/local_setup.zsh'
[12.887s] colcon.colcon_core.shell INFO Creating prefix chain script '/root/git/ranger_ros2/install/setup.zsh'
