[0.009s] Invoking command in '/root/git/ranger_ros2/build/ranger_base': AMENT_PREFIX_PATH=/root/git/ranger_ros2/install/ranger_msgs:${AMENT_PREFIX_PATH} CMAKE_PREFIX_PATH=/root/git/ranger_ros2/install/ranger_msgs:/opt/ros/humble LD_LIBRARY_PATH=/root/git/ranger_ros2/install/ranger_msgs/lib:${LD_LIBRARY_PATH} PYTHONPATH=/root/git/ranger_ros2/install/ranger_msgs/local/lib/python3.10/dist-packages:${PYTHONPATH} /usr/bin/cmake --build /root/git/ranger_ros2/build/ranger_base -- -j24 -l24
[0.026s] -- Found ament_cmake: 1.3.14 (/opt/ros/humble/share/ament_cmake/cmake)
[0.100s] -- Found rclcpp: 16.0.19 (/opt/ros/humble/share/rclcpp/cmake)
[0.121s] -- Found rosidl_generator_c: 3.1.8 (/opt/ros/humble/share/rosidl_generator_c/cmake)
[0.122s] -- Found rosidl_adapter: 3.1.8 (/opt/ros/humble/share/rosidl_adapter/cmake)
[0.125s] -- Found rosidl_generator_cpp: 3.1.8 (/opt/ros/humble/share/rosidl_generator_cpp/cmake)
[0.129s] -- Using all available rosidl_typesupport_c: rosidl_typesupport_fastrtps_c;rosidl_typesupport_introspection_c
[0.135s] -- Using all available rosidl_typesupport_cpp: rosidl_typesupport_fastrtps_cpp;rosidl_typesupport_introspection_cpp
[0.150s] -- Found rmw_implementation_cmake: 6.1.2 (/opt/ros/humble/share/rmw_implementation_cmake/cmake)
[0.150s] -- Found rmw_fastrtps_cpp: 6.2.10 (/opt/ros/humble/share/rmw_fastrtps_cpp/cmake)
[0.237s] -- Using RMW implementation 'rmw_fastrtps_cpp' as default
[0.263s] -- Found std_srvs: 4.9.1 (/opt/ros/humble/share/std_srvs/cmake)
[0.270s] -- Found geometry_msgs: 4.9.1 (/opt/ros/humble/share/geometry_msgs/cmake)
[0.276s] -- Found nav_msgs: 4.9.1 (/opt/ros/humble/share/nav_msgs/cmake)
[0.284s] -- Found sensor_msgs: 4.9.1 (/opt/ros/humble/share/sensor_msgs/cmake)
[0.291s] -- Found tf2: 0.25.20 (/opt/ros/humble/share/tf2/cmake)
[0.293s] -- Found tf2_ros: 0.25.20 (/opt/ros/humble/share/tf2_ros/cmake)
[0.330s] -- Found ranger_msgs: 0.0.1 (/root/git/ranger_ros2/install/ranger_msgs/share/ranger_msgs/cmake)
[0.337s] -- Found tf2_geometry_msgs: 0.25.20 (/opt/ros/humble/share/tf2_geometry_msgs/cmake)
[0.339s] -- Found eigen3_cmake_module: 0.1.1 (/opt/ros/humble/share/eigen3_cmake_module/cmake)
[0.339s] -- Ensuring Eigen3 include directory is part of orocos-kdl CMake target
[0.341s] -- Found ament_lint_auto: 0.12.15 (/opt/ros/humble/share/ament_lint_auto/cmake)
[0.374s] -- Added test 'copyright' to check source files copyright and LICENSE
[0.375s] -- Added test 'cppcheck' to perform static code analysis on C / C++ code
[0.375s] -- Configured cppcheck include dirs: /root/git/ranger_ros2/ranger_base/include
[0.375s] -- Configured cppcheck exclude dirs and/or files: 
[0.375s] -- Added test 'cpplint' to check C / C++ code against the Google style
[0.375s] -- Configured cpplint exclude dirs and/or files: 
[0.376s] -- Added test 'flake8' to check Python code syntax and style conventions
[0.376s] -- Added test 'lint_cmake' to check CMake code style
[0.376s] -- Added test 'pep257' to check Python code against some of the docstring style conventions in PEP 257
[0.376s] -- Added test 'uncrustify' to check C / C++ code style
[0.376s] -- Configured uncrustify additional arguments: 
[0.376s] -- Added test 'xmllint' to check XML markup files
[0.377s] -- Configuring done
[0.383s] -- Generating done
[0.386s] -- Build files have been written to: /root/git/ranger_ros2/build/ranger_base
[0.409s] Consolidate compiler generated dependencies of target ranger_base_node
[0.429s] [ 33%] Building CXX object CMakeFiles/ranger_base_node.dir/src/ranger_base_node.cpp.o
[0.436s] [ 66%] Building CXX object CMakeFiles/ranger_base_node.dir/src/ranger_messenger.cpp.o
[3.321s] In file included from /root/git/ranger_ros2/ranger_base/src/ranger_messenger.cpp:12:
[3.321s] /root/git/ranger_ros2/ranger_base/include/ranger_base/kinematics_model.hpp: In member function ‘void westonrobot::SpinningModel::operator()(const state_type&, westonrobot::SpinningModel::state_type&, double)’:
[3.321s] /root/git/ranger_ros2/ranger_base/include/ranger_base/kinematics_model.hpp:90:37: warning: unused parameter ‘x’ [-Wunused-parameter]
[3.321s]    90 |   void operator()(const state_type& x, state_type& xd, double) {
[3.321s]       |                   ~~~~~~~~~~~~~~~~~~^
[9.444s] [100%] Linking CXX executable ranger_base_node
[9.560s] [100%] Built target ranger_base_node
[9.568s] Invoked command in '/root/git/ranger_ros2/build/ranger_base' returned '0': AMENT_PREFIX_PATH=/root/git/ranger_ros2/install/ranger_msgs:${AMENT_PREFIX_PATH} CMAKE_PREFIX_PATH=/root/git/ranger_ros2/install/ranger_msgs:/opt/ros/humble LD_LIBRARY_PATH=/root/git/ranger_ros2/install/ranger_msgs/lib:${LD_LIBRARY_PATH} PYTHONPATH=/root/git/ranger_ros2/install/ranger_msgs/local/lib/python3.10/dist-packages:${PYTHONPATH} /usr/bin/cmake --build /root/git/ranger_ros2/build/ranger_base -- -j24 -l24
[9.573s] Invoking command in '/root/git/ranger_ros2/build/ranger_base': AMENT_PREFIX_PATH=/root/git/ranger_ros2/install/ranger_msgs:${AMENT_PREFIX_PATH} CMAKE_PREFIX_PATH=/root/git/ranger_ros2/install/ranger_msgs:/opt/ros/humble LD_LIBRARY_PATH=/root/git/ranger_ros2/install/ranger_msgs/lib:${LD_LIBRARY_PATH} PYTHONPATH=/root/git/ranger_ros2/install/ranger_msgs/local/lib/python3.10/dist-packages:${PYTHONPATH} /usr/bin/cmake --install /root/git/ranger_ros2/build/ranger_base
[9.578s] -- Install configuration: "Release"
[9.578s] -- Installing: /root/git/ranger_ros2/install/ranger_base/lib/ranger_base/ranger_base_node
[9.579s] -- Set runtime path of "/root/git/ranger_ros2/install/ranger_base/lib/ranger_base/ranger_base_node" to ""
[9.579s] -- Up-to-date: /root/git/ranger_ros2/install/ranger_base/share/ranger_base//launch
[9.579s] -- Up-to-date: /root/git/ranger_ros2/install/ranger_base/share/ranger_base//launch/ranger_mini_v3.launch.py
[9.579s] -- Up-to-date: /root/git/ranger_ros2/install/ranger_base/share/ranger_base//launch/ranger_mini_v1.launch.py
[9.580s] -- Up-to-date: /root/git/ranger_ros2/install/ranger_base/share/ranger_base//launch/ranger.launch.py
[9.580s] -- Up-to-date: /root/git/ranger_ros2/install/ranger_base/share/ranger_base//launch/include
[9.580s] -- Up-to-date: /root/git/ranger_ros2/install/ranger_base/share/ranger_base//launch/include/ranger_robot_base.launch.xml
[9.580s] -- Up-to-date: /root/git/ranger_ros2/install/ranger_base/share/ranger_base//launch/ranger_mini_v2.launch.py
[9.580s] -- Installing: /root/git/ranger_ros2/install/ranger_base/share/ament_index/resource_index/package_run_dependencies/ranger_base
[9.580s] -- Up-to-date: /root/git/ranger_ros2/install/ranger_base/share/ament_index/resource_index/parent_prefix_path/ranger_base
[9.580s] -- Up-to-date: /root/git/ranger_ros2/install/ranger_base/share/ranger_base/environment/ament_prefix_path.sh
[9.580s] -- Installing: /root/git/ranger_ros2/install/ranger_base/share/ranger_base/environment/ament_prefix_path.dsv
[9.580s] -- Up-to-date: /root/git/ranger_ros2/install/ranger_base/share/ranger_base/environment/path.sh
[9.580s] -- Installing: /root/git/ranger_ros2/install/ranger_base/share/ranger_base/environment/path.dsv
[9.580s] -- Up-to-date: /root/git/ranger_ros2/install/ranger_base/share/ranger_base/local_setup.bash
[9.580s] -- Up-to-date: /root/git/ranger_ros2/install/ranger_base/share/ranger_base/local_setup.sh
[9.580s] -- Up-to-date: /root/git/ranger_ros2/install/ranger_base/share/ranger_base/local_setup.zsh
[9.580s] -- Installing: /root/git/ranger_ros2/install/ranger_base/share/ranger_base/local_setup.dsv
[9.580s] -- Installing: /root/git/ranger_ros2/install/ranger_base/share/ranger_base/package.dsv
[9.580s] -- Up-to-date: /root/git/ranger_ros2/install/ranger_base/share/ament_index/resource_index/packages/ranger_base
[9.580s] -- Up-to-date: /root/git/ranger_ros2/install/ranger_base/share/ranger_base/cmake/ranger_baseConfig.cmake
[9.580s] -- Up-to-date: /root/git/ranger_ros2/install/ranger_base/share/ranger_base/cmake/ranger_baseConfig-version.cmake
[9.580s] -- Installing: /root/git/ranger_ros2/install/ranger_base/share/ranger_base/package.xml
[9.580s] Invoked command in '/root/git/ranger_ros2/build/ranger_base' returned '0': AMENT_PREFIX_PATH=/root/git/ranger_ros2/install/ranger_msgs:${AMENT_PREFIX_PATH} CMAKE_PREFIX_PATH=/root/git/ranger_ros2/install/ranger_msgs:/opt/ros/humble LD_LIBRARY_PATH=/root/git/ranger_ros2/install/ranger_msgs/lib:${LD_LIBRARY_PATH} PYTHONPATH=/root/git/ranger_ros2/install/ranger_msgs/local/lib/python3.10/dist-packages:${PYTHONPATH} /usr/bin/cmake --install /root/git/ranger_ros2/build/ranger_base
