[0.005s] Invoking command in '/root/git/ranger_ros2/build/ranger_msgs': CMAKE_PREFIX_PATH=/opt/ros/humble /usr/bin/cmake /root/git/ranger_ros2/ranger_msgs -DCMAKE_BUILD_TYPE=Release -DCMAKE_PREFIX_PATH=/tmp/ugv_install -DCMAKE_INSTALL_PREFIX=/root/git/ranger_ros2/install/ranger_msgs
[0.065s] -- The C compiler identification is GNU 11.4.0
[0.129s] -- The CXX compiler identification is GNU 11.4.0
[0.133s] -- Detecting C compiler ABI info
[0.175s] -- Detecting C compiler ABI info - done
[0.180s] -- Check for working C compiler: /usr/bin/cc - skipped
[0.181s] -- Detecting C compile features
[0.181s] -- Detecting C compile features - done
[0.183s] -- Detecting CXX compiler ABI info
[0.279s] -- Detecting CXX compiler ABI info - done
[0.283s] -- Check for working CXX compiler: /usr/bin/c++ - skipped
[0.283s] -- Detecting CXX compile features
[0.283s] -- Detecting CXX compile features - done
[0.286s] -- Found ament_cmake: 1.3.14 (/opt/ros/humble/share/ament_cmake/cmake)
[0.402s] -- Found Python3: /usr/bin/python3 (found version "3.10.12") found components: Interpreter 
[0.460s] -- Found builtin_interfaces: 1.2.2 (/opt/ros/humble/share/builtin_interfaces/cmake)
[0.487s] -- Found rosidl_generator_c: 3.1.8 (/opt/ros/humble/share/rosidl_generator_c/cmake)
[0.490s] -- Found rosidl_adapter: 3.1.8 (/opt/ros/humble/share/rosidl_adapter/cmake)
[0.495s] -- Found rosidl_generator_cpp: 3.1.8 (/opt/ros/humble/share/rosidl_generator_cpp/cmake)
[0.502s] -- Using all available rosidl_typesupport_c: rosidl_typesupport_fastrtps_c;rosidl_typesupport_introspection_c
[0.510s] -- Using all available rosidl_typesupport_cpp: rosidl_typesupport_fastrtps_cpp;rosidl_typesupport_introspection_cpp
[0.518s] -- Found rosidl_default_generators: 1.2.1 (/opt/ros/humble/share/rosidl_default_generators/cmake)
[0.524s] -- Found std_msgs: 4.9.1 (/opt/ros/humble/share/std_msgs/cmake)
[0.694s] -- Found ament_cmake_ros: 0.10.0 (/opt/ros/humble/share/ament_cmake_ros/cmake)
[0.939s] -- Using all available rosidl_typesupport_c: rosidl_typesupport_fastrtps_c;rosidl_typesupport_introspection_c
[1.031s] -- Using all available rosidl_typesupport_cpp: rosidl_typesupport_fastrtps_cpp;rosidl_typesupport_introspection_cpp
[1.048s] -- Found PythonInterp: /usr/bin/python3 (found suitable version "3.10.12", minimum required is "3.6") 
[1.050s] -- Found python_cmake_module: 0.10.0 (/opt/ros/humble/share/python_cmake_module/cmake)
[1.073s] -- Found PythonLibs: /usr/lib/x86_64-linux-gnu/libpython3.10.so (found suitable version "3.10.12", minimum required is "3.5") 
[1.073s] -- Using PYTHON_EXECUTABLE: /usr/bin/python3
[1.073s] -- Using PYTHON_INCLUDE_DIRS: /usr/include/python3.10
[1.073s] -- Using PYTHON_LIBRARIES: /usr/lib/x86_64-linux-gnu/libpython3.10.so
[1.090s] -- Found PythonExtra: .so  
[1.153s] -- Found ament_lint_auto: 0.12.15 (/opt/ros/humble/share/ament_lint_auto/cmake)
[1.166s] -- Added test 'copyright' to check source files copyright and LICENSE
[1.166s] -- Added test 'lint_cmake' to check CMake code style
[1.167s] -- Added test 'xmllint' to check XML markup files
[1.168s] -- Configuring done
[1.185s] -- Generating done
[1.191s] -- Build files have been written to: /root/git/ranger_ros2/build/ranger_msgs
[1.195s] Invoked command in '/root/git/ranger_ros2/build/ranger_msgs' returned '0': CMAKE_PREFIX_PATH=/opt/ros/humble /usr/bin/cmake /root/git/ranger_ros2/ranger_msgs -DCMAKE_BUILD_TYPE=Release -DCMAKE_PREFIX_PATH=/tmp/ugv_install -DCMAKE_INSTALL_PREFIX=/root/git/ranger_ros2/install/ranger_msgs
[1.195s] Invoking command in '/root/git/ranger_ros2/build/ranger_msgs': CMAKE_PREFIX_PATH=/opt/ros/humble /usr/bin/cmake --build /root/git/ranger_ros2/build/ranger_msgs -- -j24 -l24
[1.222s] [  1%] Generating C code for ROS interfaces
[1.229s] [  2%] Generating Rust code for ROS interfaces
[1.230s] [  4%] Generating C++ code for ROS interfaces
[1.233s] [  4%] Built target ament_cmake_python_copy_ranger_msgs
[1.343s] running egg_info
[1.343s] creating ranger_msgs.egg-info
[1.343s] writing ranger_msgs.egg-info/PKG-INFO
[1.344s] writing dependency_links to ranger_msgs.egg-info/dependency_links.txt
[1.344s] writing top-level names to ranger_msgs.egg-info/top_level.txt
[1.344s] writing manifest file 'ranger_msgs.egg-info/SOURCES.txt'
[1.345s] reading manifest file 'ranger_msgs.egg-info/SOURCES.txt'
[1.345s] writing manifest file 'ranger_msgs.egg-info/SOURCES.txt'
[1.359s] [  4%] Built target ament_cmake_python_build_ranger_msgs_egg
[1.408s] [  4%] Built target ranger_msgs__rs
[1.476s] [  5%] Building C object CMakeFiles/ranger_msgs__rosidl_generator_c.dir/rosidl_generator_c/ranger_msgs/msg/detail/driver_state__functions.c.o
[1.476s] [  6%] Building C object CMakeFiles/ranger_msgs__rosidl_generator_c.dir/rosidl_generator_c/ranger_msgs/msg/detail/actuator_state_array__functions.c.o
[1.476s] [  8%] Building C object CMakeFiles/ranger_msgs__rosidl_generator_c.dir/rosidl_generator_c/ranger_msgs/msg/detail/system_state__functions.c.o
[1.478s] [  9%] Building C object CMakeFiles/ranger_msgs__rosidl_generator_c.dir/rosidl_generator_c/ranger_msgs/msg/detail/actuator_state__functions.c.o
[1.478s] [ 11%] Building C object CMakeFiles/ranger_msgs__rosidl_generator_c.dir/rosidl_generator_c/ranger_msgs/msg/detail/motor_state__functions.c.o
[1.478s] [ 12%] Building C object CMakeFiles/ranger_msgs__rosidl_generator_c.dir/rosidl_generator_c/ranger_msgs/msg/detail/motion_state__functions.c.o
[1.479s] [ 12%] Built target ranger_msgs__cpp
[1.484s] [ 15%] Generating C++ introspection for ROS interfaces
[1.484s] [ 15%] Generating C++ type support dispatch for ROS interfaces
[1.485s] [ 16%] Generating C++ type support for eProsima Fast-RTPS
[1.543s] [ 18%] Linking C shared library libranger_msgs__rosidl_generator_c.so
[1.567s] [ 18%] Built target ranger_msgs__rosidl_generator_c
[1.574s] [ 19%] Generating C introspection for ROS interfaces
[1.574s] [ 22%] Generating C type support dispatch for ROS interfaces
[1.574s] [ 22%] Generating C type support for eProsima Fast-RTPS
[1.690s] [ 25%] Building CXX object CMakeFiles/ranger_msgs__rosidl_typesupport_introspection_cpp.dir/rosidl_typesupport_introspection_cpp/ranger_msgs/msg/detail/actuator_state_array__type_support.cpp.o
[1.690s] [ 26%] Building CXX object CMakeFiles/ranger_msgs__rosidl_typesupport_cpp.dir/rosidl_typesupport_cpp/ranger_msgs/msg/motor_state__type_support.cpp.o
[1.690s] [ 26%] Building CXX object CMakeFiles/ranger_msgs__rosidl_typesupport_cpp.dir/rosidl_typesupport_cpp/ranger_msgs/msg/actuator_state__type_support.cpp.o
[1.690s] [ 27%] Building CXX object CMakeFiles/ranger_msgs__rosidl_typesupport_cpp.dir/rosidl_typesupport_cpp/ranger_msgs/msg/actuator_state_array__type_support.cpp.o
[1.691s] [ 29%] Building CXX object CMakeFiles/ranger_msgs__rosidl_typesupport_introspection_cpp.dir/rosidl_typesupport_introspection_cpp/ranger_msgs/msg/detail/motion_state__type_support.cpp.o
[1.691s] [ 31%] Building CXX object CMakeFiles/ranger_msgs__rosidl_typesupport_introspection_cpp.dir/rosidl_typesupport_introspection_cpp/ranger_msgs/msg/detail/motor_state__type_support.cpp.o
[1.691s] [ 30%] Building CXX object CMakeFiles/ranger_msgs__rosidl_typesupport_introspection_cpp.dir/rosidl_typesupport_introspection_cpp/ranger_msgs/msg/detail/actuator_state__type_support.cpp.o
[1.691s] [ 34%] Building CXX object CMakeFiles/ranger_msgs__rosidl_typesupport_cpp.dir/rosidl_typesupport_cpp/ranger_msgs/msg/driver_state__type_support.cpp.o
[1.692s] [ 34%] Building CXX object CMakeFiles/ranger_msgs__rosidl_typesupport_cpp.dir/rosidl_typesupport_cpp/ranger_msgs/msg/motion_state__type_support.cpp.o
[1.692s] [ 36%] Building CXX object CMakeFiles/ranger_msgs__rosidl_typesupport_introspection_cpp.dir/rosidl_typesupport_introspection_cpp/ranger_msgs/msg/detail/driver_state__type_support.cpp.o
[1.692s] [ 37%] Building CXX object CMakeFiles/ranger_msgs__rosidl_typesupport_cpp.dir/rosidl_typesupport_cpp/ranger_msgs/msg/system_state__type_support.cpp.o
[1.692s] [ 38%] Building CXX object CMakeFiles/ranger_msgs__rosidl_typesupport_introspection_cpp.dir/rosidl_typesupport_introspection_cpp/ranger_msgs/msg/detail/system_state__type_support.cpp.o
[1.719s] [ 40%] Building CXX object CMakeFiles/ranger_msgs__rosidl_typesupport_fastrtps_cpp.dir/rosidl_typesupport_fastrtps_cpp/ranger_msgs/msg/detail/dds_fastrtps/actuator_state__type_support.cpp.o
[1.720s] [ 43%] Building CXX object CMakeFiles/ranger_msgs__rosidl_typesupport_fastrtps_cpp.dir/rosidl_typesupport_fastrtps_cpp/ranger_msgs/msg/detail/dds_fastrtps/driver_state__type_support.cpp.o
[1.720s] [ 43%] Building CXX object CMakeFiles/ranger_msgs__rosidl_typesupport_fastrtps_cpp.dir/rosidl_typesupport_fastrtps_cpp/ranger_msgs/msg/detail/dds_fastrtps/actuator_state_array__type_support.cpp.o
[1.720s] [ 44%] Building CXX object CMakeFiles/ranger_msgs__rosidl_typesupport_fastrtps_cpp.dir/rosidl_typesupport_fastrtps_cpp/ranger_msgs/msg/detail/dds_fastrtps/motion_state__type_support.cpp.o
[1.720s] [ 45%] Building CXX object CMakeFiles/ranger_msgs__rosidl_typesupport_fastrtps_cpp.dir/rosidl_typesupport_fastrtps_cpp/ranger_msgs/msg/detail/dds_fastrtps/system_state__type_support.cpp.o
[1.721s] [ 47%] Building CXX object CMakeFiles/ranger_msgs__rosidl_typesupport_fastrtps_cpp.dir/rosidl_typesupport_fastrtps_cpp/ranger_msgs/msg/detail/dds_fastrtps/motor_state__type_support.cpp.o
[1.777s] [ 51%] Building CXX object CMakeFiles/ranger_msgs__rosidl_typesupport_c.dir/rosidl_typesupport_c/ranger_msgs/msg/actuator_state__type_support.cpp.o
[1.777s] [ 51%] Building CXX object CMakeFiles/ranger_msgs__rosidl_typesupport_c.dir/rosidl_typesupport_c/ranger_msgs/msg/actuator_state_array__type_support.cpp.o
[1.777s] [ 51%] Building CXX object CMakeFiles/ranger_msgs__rosidl_typesupport_c.dir/rosidl_typesupport_c/ranger_msgs/msg/motion_state__type_support.cpp.o
[1.777s] [ 52%] Building CXX object CMakeFiles/ranger_msgs__rosidl_typesupport_c.dir/rosidl_typesupport_c/ranger_msgs/msg/driver_state__type_support.cpp.o
[1.803s] [ 54%] Building CXX object CMakeFiles/ranger_msgs__rosidl_typesupport_c.dir/rosidl_typesupport_c/ranger_msgs/msg/system_state__type_support.cpp.o
[1.803s] [ 55%] Building CXX object CMakeFiles/ranger_msgs__rosidl_typesupport_c.dir/rosidl_typesupport_c/ranger_msgs/msg/motor_state__type_support.cpp.o
[1.825s] [ 56%] Linking CXX shared library libranger_msgs__rosidl_typesupport_c.so
[1.839s] [ 61%] Building C object CMakeFiles/ranger_msgs__rosidl_typesupport_introspection_c.dir/rosidl_typesupport_introspection_c/ranger_msgs/msg/detail/actuator_state__type_support.c.o
[1.839s] [ 61%] Building C object CMakeFiles/ranger_msgs__rosidl_typesupport_introspection_c.dir/rosidl_typesupport_introspection_c/ranger_msgs/msg/detail/motion_state__type_support.c.o
[1.839s] [ 61%] Building C object CMakeFiles/ranger_msgs__rosidl_typesupport_introspection_c.dir/rosidl_typesupport_introspection_c/ranger_msgs/msg/detail/actuator_state_array__type_support.c.o
[1.840s] [ 62%] Building C object CMakeFiles/ranger_msgs__rosidl_typesupport_introspection_c.dir/rosidl_typesupport_introspection_c/ranger_msgs/msg/detail/driver_state__type_support.c.o
[1.857s] [ 62%] Built target ranger_msgs__rosidl_typesupport_c
[1.862s] [ 63%] Building C object CMakeFiles/ranger_msgs__rosidl_typesupport_introspection_c.dir/rosidl_typesupport_introspection_c/ranger_msgs/msg/detail/motor_state__type_support.c.o
[1.867s] [ 65%] Building C object CMakeFiles/ranger_msgs__rosidl_typesupport_introspection_c.dir/rosidl_typesupport_introspection_c/ranger_msgs/msg/detail/system_state__type_support.c.o
[1.895s] [ 66%] Linking C shared library libranger_msgs__rosidl_typesupport_introspection_c.so
[1.901s] [ 68%] Building CXX object CMakeFiles/ranger_msgs__rosidl_typesupport_fastrtps_c.dir/rosidl_typesupport_fastrtps_c/ranger_msgs/msg/detail/motion_state__type_support_c.cpp.o
[1.901s] [ 70%] Building CXX object CMakeFiles/ranger_msgs__rosidl_typesupport_fastrtps_c.dir/rosidl_typesupport_fastrtps_c/ranger_msgs/msg/detail/motor_state__type_support_c.cpp.o
[1.901s] [ 70%] Building CXX object CMakeFiles/ranger_msgs__rosidl_typesupport_fastrtps_c.dir/rosidl_typesupport_fastrtps_c/ranger_msgs/msg/detail/driver_state__type_support_c.cpp.o
[1.901s] [ 73%] Building CXX object CMakeFiles/ranger_msgs__rosidl_typesupport_fastrtps_c.dir/rosidl_typesupport_fastrtps_c/ranger_msgs/msg/detail/actuator_state__type_support_c.cpp.o
[1.901s] [ 73%] Building CXX object CMakeFiles/ranger_msgs__rosidl_typesupport_fastrtps_c.dir/rosidl_typesupport_fastrtps_c/ranger_msgs/msg/detail/actuator_state_array__type_support_c.cpp.o
[1.901s] [ 75%] Building CXX object CMakeFiles/ranger_msgs__rosidl_typesupport_fastrtps_c.dir/rosidl_typesupport_fastrtps_c/ranger_msgs/msg/detail/system_state__type_support_c.cpp.o
[1.917s] [ 75%] Built target ranger_msgs__rosidl_typesupport_introspection_c
[1.937s] [ 76%] Linking CXX shared library libranger_msgs__rosidl_typesupport_cpp.so
[1.969s] [ 76%] Built target ranger_msgs__rosidl_typesupport_cpp
[2.029s] [ 77%] Linking CXX shared library libranger_msgs__rosidl_typesupport_introspection_cpp.so
[2.030s] [ 79%] Linking CXX shared library libranger_msgs__rosidl_typesupport_fastrtps_cpp.so
[2.071s] [ 79%] Built target ranger_msgs__rosidl_typesupport_introspection_cpp
[2.075s] [ 79%] Built target ranger_msgs__rosidl_typesupport_fastrtps_cpp
[2.113s] [ 80%] Linking CXX shared library libranger_msgs__rosidl_typesupport_fastrtps_c.so
[2.159s] [ 80%] Built target ranger_msgs__rosidl_typesupport_fastrtps_c
[2.174s] [ 80%] Built target ranger_msgs
[2.188s] [ 81%] Generating Python code for ROS interfaces
[2.580s] [ 81%] Built target ranger_msgs__py
[2.592s] [ 84%] Building C object CMakeFiles/ranger_msgs__rosidl_generator_py.dir/rosidl_generator_py/ranger_msgs/msg/_motion_state_s.c.o
[2.592s] [ 84%] Building C object CMakeFiles/ranger_msgs__rosidl_generator_py.dir/rosidl_generator_py/ranger_msgs/msg/_motor_state_s.c.o
[2.593s] [ 86%] Building C object CMakeFiles/ranger_msgs__rosidl_generator_py.dir/rosidl_generator_py/ranger_msgs/msg/_actuator_state_s.c.o
[2.593s] [ 87%] Building C object CMakeFiles/ranger_msgs__rosidl_generator_py.dir/rosidl_generator_py/ranger_msgs/msg/_actuator_state_array_s.c.o
[2.593s] [ 88%] Building C object CMakeFiles/ranger_msgs__rosidl_generator_py.dir/rosidl_generator_py/ranger_msgs/msg/_driver_state_s.c.o
[2.593s] [ 90%] Building C object CMakeFiles/ranger_msgs__rosidl_generator_py.dir/rosidl_generator_py/ranger_msgs/msg/_system_state_s.c.o
[2.658s] [ 91%] Linking C shared library rosidl_generator_py/ranger_msgs/libranger_msgs__rosidl_generator_py.so
[2.685s] [ 91%] Built target ranger_msgs__rosidl_generator_py
[2.699s] [ 93%] Building C object CMakeFiles/ranger_msgs__rosidl_typesupport_introspection_c__pyext.dir/rosidl_generator_py/ranger_msgs/_ranger_msgs_s.ep.rosidl_typesupport_introspection_c.c.o
[2.701s] [ 94%] Building C object CMakeFiles/ranger_msgs__rosidl_typesupport_c__pyext.dir/rosidl_generator_py/ranger_msgs/_ranger_msgs_s.ep.rosidl_typesupport_c.c.o
[2.702s] [ 95%] Building C object CMakeFiles/ranger_msgs__rosidl_typesupport_fastrtps_c__pyext.dir/rosidl_generator_py/ranger_msgs/_ranger_msgs_s.ep.rosidl_typesupport_fastrtps_c.c.o
[2.782s] [ 97%] Linking C shared library rosidl_generator_py/ranger_msgs/ranger_msgs_s__rosidl_typesupport_introspection_c.cpython-310-x86_64-linux-gnu.so
[2.786s] [ 98%] Linking C shared library rosidl_generator_py/ranger_msgs/ranger_msgs_s__rosidl_typesupport_fastrtps_c.cpython-310-x86_64-linux-gnu.so
[2.787s] [100%] Linking C shared library rosidl_generator_py/ranger_msgs/ranger_msgs_s__rosidl_typesupport_c.cpython-310-x86_64-linux-gnu.so
[2.803s] [100%] Built target ranger_msgs__rosidl_typesupport_introspection_c__pyext
[2.810s] [100%] Built target ranger_msgs__rosidl_typesupport_fastrtps_c__pyext
[2.812s] [100%] Built target ranger_msgs__rosidl_typesupport_c__pyext
[2.819s] Invoked command in '/root/git/ranger_ros2/build/ranger_msgs' returned '0': CMAKE_PREFIX_PATH=/opt/ros/humble /usr/bin/cmake --build /root/git/ranger_ros2/build/ranger_msgs -- -j24 -l24
[2.828s] Invoking command in '/root/git/ranger_ros2/build/ranger_msgs': CMAKE_PREFIX_PATH=/opt/ros/humble /usr/bin/cmake --install /root/git/ranger_ros2/build/ranger_msgs
[2.838s] -- Install configuration: "Release"
[2.838s] -- Installing: /root/git/ranger_ros2/install/ranger_msgs/share/ament_index/resource_index/rosidl_interfaces/ranger_msgs
[2.839s] -- Installing: /root/git/ranger_ros2/install/ranger_msgs/include/ranger_msgs/ranger_msgs
[2.839s] -- Installing: /root/git/ranger_ros2/install/ranger_msgs/include/ranger_msgs/ranger_msgs/msg
[2.839s] -- Installing: /root/git/ranger_ros2/install/ranger_msgs/include/ranger_msgs/ranger_msgs/msg/system_state.h
[2.839s] -- Installing: /root/git/ranger_ros2/install/ranger_msgs/include/ranger_msgs/ranger_msgs/msg/actuator_state_array.h
[2.840s] -- Installing: /root/git/ranger_ros2/install/ranger_msgs/include/ranger_msgs/ranger_msgs/msg/rosidl_generator_c__visibility_control.h
[2.840s] -- Installing: /root/git/ranger_ros2/install/ranger_msgs/include/ranger_msgs/ranger_msgs/msg/detail
[2.840s] -- Installing: /root/git/ranger_ros2/install/ranger_msgs/include/ranger_msgs/ranger_msgs/msg/detail/driver_state__functions.c
[2.840s] -- Installing: /root/git/ranger_ros2/install/ranger_msgs/include/ranger_msgs/ranger_msgs/msg/detail/actuator_state__struct.h
[2.840s] -- Installing: /root/git/ranger_ros2/install/ranger_msgs/include/ranger_msgs/ranger_msgs/msg/detail/system_state__functions.c
[2.841s] -- Installing: /root/git/ranger_ros2/install/ranger_msgs/include/ranger_msgs/ranger_msgs/msg/detail/motor_state__struct.h
[2.841s] -- Installing: /root/git/ranger_ros2/install/ranger_msgs/include/ranger_msgs/ranger_msgs/msg/detail/actuator_state__functions.h
[2.841s] -- Installing: /root/git/ranger_ros2/install/ranger_msgs/include/ranger_msgs/ranger_msgs/msg/detail/system_state__struct.h
[2.841s] -- Installing: /root/git/ranger_ros2/install/ranger_msgs/include/ranger_msgs/ranger_msgs/msg/detail/motor_state__functions.c
[2.841s] -- Installing: /root/git/ranger_ros2/install/ranger_msgs/include/ranger_msgs/ranger_msgs/msg/detail/actuator_state__functions.c
[2.841s] -- Installing: /root/git/ranger_ros2/install/ranger_msgs/include/ranger_msgs/ranger_msgs/msg/detail/driver_state__functions.h
[2.842s] -- Installing: /root/git/ranger_ros2/install/ranger_msgs/include/ranger_msgs/ranger_msgs/msg/detail/motion_state__struct.h
[2.842s] -- Installing: /root/git/ranger_ros2/install/ranger_msgs/include/ranger_msgs/ranger_msgs/msg/detail/actuator_state_array__struct.h
[2.842s] -- Installing: /root/git/ranger_ros2/install/ranger_msgs/include/ranger_msgs/ranger_msgs/msg/detail/motion_state__type_support.h
[2.842s] -- Installing: /root/git/ranger_ros2/install/ranger_msgs/include/ranger_msgs/ranger_msgs/msg/detail/actuator_state_array__functions.h
[2.842s] -- Installing: /root/git/ranger_ros2/install/ranger_msgs/include/ranger_msgs/ranger_msgs/msg/detail/driver_state__type_support.h
[2.843s] -- Installing: /root/git/ranger_ros2/install/ranger_msgs/include/ranger_msgs/ranger_msgs/msg/detail/motor_state__type_support.h
[2.843s] -- Installing: /root/git/ranger_ros2/install/ranger_msgs/include/ranger_msgs/ranger_msgs/msg/detail/motion_state__functions.h
[2.843s] -- Installing: /root/git/ranger_ros2/install/ranger_msgs/include/ranger_msgs/ranger_msgs/msg/detail/motor_state__functions.h
[2.843s] -- Installing: /root/git/ranger_ros2/install/ranger_msgs/include/ranger_msgs/ranger_msgs/msg/detail/driver_state__struct.h
[2.843s] -- Installing: /root/git/ranger_ros2/install/ranger_msgs/include/ranger_msgs/ranger_msgs/msg/detail/motion_state__functions.c
[2.843s] -- Installing: /root/git/ranger_ros2/install/ranger_msgs/include/ranger_msgs/ranger_msgs/msg/detail/actuator_state__type_support.h
[2.843s] -- Installing: /root/git/ranger_ros2/install/ranger_msgs/include/ranger_msgs/ranger_msgs/msg/detail/actuator_state_array__type_support.h
[2.843s] -- Installing: /root/git/ranger_ros2/install/ranger_msgs/include/ranger_msgs/ranger_msgs/msg/detail/actuator_state_array__functions.c
[2.844s] -- Installing: /root/git/ranger_ros2/install/ranger_msgs/include/ranger_msgs/ranger_msgs/msg/detail/system_state__functions.h
[2.844s] -- Installing: /root/git/ranger_ros2/install/ranger_msgs/include/ranger_msgs/ranger_msgs/msg/detail/system_state__type_support.h
[2.844s] -- Installing: /root/git/ranger_ros2/install/ranger_msgs/include/ranger_msgs/ranger_msgs/msg/driver_state.h
[2.844s] -- Installing: /root/git/ranger_ros2/install/ranger_msgs/include/ranger_msgs/ranger_msgs/msg/actuator_state.h
[2.844s] -- Installing: /root/git/ranger_ros2/install/ranger_msgs/include/ranger_msgs/ranger_msgs/msg/motion_state.h
[2.844s] -- Installing: /root/git/ranger_ros2/install/ranger_msgs/include/ranger_msgs/ranger_msgs/msg/motor_state.h
[2.844s] -- Installing: /root/git/ranger_ros2/install/ranger_msgs/share/ranger_msgs/environment/library_path.sh
[2.844s] -- Installing: /root/git/ranger_ros2/install/ranger_msgs/share/ranger_msgs/environment/library_path.dsv
[2.844s] -- Installing: /root/git/ranger_ros2/install/ranger_msgs/lib/libranger_msgs__rosidl_generator_c.so
[2.844s] -- Set runtime path of "/root/git/ranger_ros2/install/ranger_msgs/lib/libranger_msgs__rosidl_generator_c.so" to ""
[2.844s] -- Up-to-date: /root/git/ranger_ros2/install/ranger_msgs/include/ranger_msgs/ranger_msgs
[2.844s] -- Up-to-date: /root/git/ranger_ros2/install/ranger_msgs/include/ranger_msgs/ranger_msgs/msg
[2.844s] -- Installing: /root/git/ranger_ros2/install/ranger_msgs/include/ranger_msgs/ranger_msgs/msg/rosidl_typesupport_fastrtps_c__visibility_control.h
[2.844s] -- Up-to-date: /root/git/ranger_ros2/install/ranger_msgs/include/ranger_msgs/ranger_msgs/msg/detail
[2.844s] -- Installing: /root/git/ranger_ros2/install/ranger_msgs/include/ranger_msgs/ranger_msgs/msg/detail/actuator_state_array__rosidl_typesupport_fastrtps_c.h
[2.844s] -- Installing: /root/git/ranger_ros2/install/ranger_msgs/include/ranger_msgs/ranger_msgs/msg/detail/motion_state__rosidl_typesupport_fastrtps_c.h
[2.844s] -- Installing: /root/git/ranger_ros2/install/ranger_msgs/include/ranger_msgs/ranger_msgs/msg/detail/actuator_state__rosidl_typesupport_fastrtps_c.h
[2.845s] -- Installing: /root/git/ranger_ros2/install/ranger_msgs/include/ranger_msgs/ranger_msgs/msg/detail/system_state__rosidl_typesupport_fastrtps_c.h
[2.845s] -- Installing: /root/git/ranger_ros2/install/ranger_msgs/include/ranger_msgs/ranger_msgs/msg/detail/motor_state__rosidl_typesupport_fastrtps_c.h
[2.845s] -- Installing: /root/git/ranger_ros2/install/ranger_msgs/include/ranger_msgs/ranger_msgs/msg/detail/driver_state__rosidl_typesupport_fastrtps_c.h
[2.845s] -- Installing: /root/git/ranger_ros2/install/ranger_msgs/lib/libranger_msgs__rosidl_typesupport_fastrtps_c.so
[2.845s] -- Set runtime path of "/root/git/ranger_ros2/install/ranger_msgs/lib/libranger_msgs__rosidl_typesupport_fastrtps_c.so" to ""
[2.845s] -- Up-to-date: /root/git/ranger_ros2/install/ranger_msgs/include/ranger_msgs/ranger_msgs
[2.845s] -- Up-to-date: /root/git/ranger_ros2/install/ranger_msgs/include/ranger_msgs/ranger_msgs/msg
[2.845s] -- Installing: /root/git/ranger_ros2/install/ranger_msgs/include/ranger_msgs/ranger_msgs/msg/system_state.hpp
[2.845s] -- Installing: /root/git/ranger_ros2/install/ranger_msgs/include/ranger_msgs/ranger_msgs/msg/motor_state.hpp
[2.845s] -- Installing: /root/git/ranger_ros2/install/ranger_msgs/include/ranger_msgs/ranger_msgs/msg/actuator_state.hpp
[2.845s] -- Installing: /root/git/ranger_ros2/install/ranger_msgs/include/ranger_msgs/ranger_msgs/msg/motion_state.hpp
[2.845s] -- Installing: /root/git/ranger_ros2/install/ranger_msgs/include/ranger_msgs/ranger_msgs/msg/actuator_state_array.hpp
[2.845s] -- Installing: /root/git/ranger_ros2/install/ranger_msgs/include/ranger_msgs/ranger_msgs/msg/rosidl_generator_cpp__visibility_control.hpp
[2.845s] -- Up-to-date: /root/git/ranger_ros2/install/ranger_msgs/include/ranger_msgs/ranger_msgs/msg/detail
[2.845s] -- Installing: /root/git/ranger_ros2/install/ranger_msgs/include/ranger_msgs/ranger_msgs/msg/detail/actuator_state_array__struct.hpp
[2.845s] -- Installing: /root/git/ranger_ros2/install/ranger_msgs/include/ranger_msgs/ranger_msgs/msg/detail/motor_state__type_support.hpp
[2.845s] -- Installing: /root/git/ranger_ros2/install/ranger_msgs/include/ranger_msgs/ranger_msgs/msg/detail/motor_state__traits.hpp
[2.845s] -- Installing: /root/git/ranger_ros2/install/ranger_msgs/include/ranger_msgs/ranger_msgs/msg/detail/actuator_state_array__builder.hpp
[2.845s] -- Installing: /root/git/ranger_ros2/install/ranger_msgs/include/ranger_msgs/ranger_msgs/msg/detail/motion_state__traits.hpp
[2.845s] -- Installing: /root/git/ranger_ros2/install/ranger_msgs/include/ranger_msgs/ranger_msgs/msg/detail/system_state__traits.hpp
[2.845s] -- Installing: /root/git/ranger_ros2/install/ranger_msgs/include/ranger_msgs/ranger_msgs/msg/detail/system_state__builder.hpp
[2.845s] -- Installing: /root/git/ranger_ros2/install/ranger_msgs/include/ranger_msgs/ranger_msgs/msg/detail/actuator_state__struct.hpp
[2.845s] -- Installing: /root/git/ranger_ros2/install/ranger_msgs/include/ranger_msgs/ranger_msgs/msg/detail/motor_state__builder.hpp
[2.845s] -- Installing: /root/git/ranger_ros2/install/ranger_msgs/include/ranger_msgs/ranger_msgs/msg/detail/driver_state__struct.hpp
[2.845s] -- Installing: /root/git/ranger_ros2/install/ranger_msgs/include/ranger_msgs/ranger_msgs/msg/detail/motor_state__struct.hpp
[2.845s] -- Installing: /root/git/ranger_ros2/install/ranger_msgs/include/ranger_msgs/ranger_msgs/msg/detail/driver_state__traits.hpp
[2.845s] -- Installing: /root/git/ranger_ros2/install/ranger_msgs/include/ranger_msgs/ranger_msgs/msg/detail/driver_state__type_support.hpp
[2.845s] -- Installing: /root/git/ranger_ros2/install/ranger_msgs/include/ranger_msgs/ranger_msgs/msg/detail/actuator_state__type_support.hpp
[2.845s] -- Installing: /root/git/ranger_ros2/install/ranger_msgs/include/ranger_msgs/ranger_msgs/msg/detail/actuator_state__traits.hpp
[2.845s] -- Installing: /root/git/ranger_ros2/install/ranger_msgs/include/ranger_msgs/ranger_msgs/msg/detail/motion_state__type_support.hpp
[2.845s] -- Installing: /root/git/ranger_ros2/install/ranger_msgs/include/ranger_msgs/ranger_msgs/msg/detail/motion_state__struct.hpp
[2.845s] -- Installing: /root/git/ranger_ros2/install/ranger_msgs/include/ranger_msgs/ranger_msgs/msg/detail/system_state__struct.hpp
[2.845s] -- Installing: /root/git/ranger_ros2/install/ranger_msgs/include/ranger_msgs/ranger_msgs/msg/detail/actuator_state_array__type_support.hpp
[2.845s] -- Installing: /root/git/ranger_ros2/install/ranger_msgs/include/ranger_msgs/ranger_msgs/msg/detail/motion_state__builder.hpp
[2.845s] -- Installing: /root/git/ranger_ros2/install/ranger_msgs/include/ranger_msgs/ranger_msgs/msg/detail/actuator_state__builder.hpp
[2.845s] -- Installing: /root/git/ranger_ros2/install/ranger_msgs/include/ranger_msgs/ranger_msgs/msg/detail/system_state__type_support.hpp
[2.845s] -- Installing: /root/git/ranger_ros2/install/ranger_msgs/include/ranger_msgs/ranger_msgs/msg/detail/actuator_state_array__traits.hpp
[2.845s] -- Installing: /root/git/ranger_ros2/install/ranger_msgs/include/ranger_msgs/ranger_msgs/msg/detail/driver_state__builder.hpp
[2.845s] -- Installing: /root/git/ranger_ros2/install/ranger_msgs/include/ranger_msgs/ranger_msgs/msg/driver_state.hpp
[2.845s] -- Up-to-date: /root/git/ranger_ros2/install/ranger_msgs/include/ranger_msgs/ranger_msgs
[2.846s] -- Up-to-date: /root/git/ranger_ros2/install/ranger_msgs/include/ranger_msgs/ranger_msgs/msg
[2.846s] -- Installing: /root/git/ranger_ros2/install/ranger_msgs/include/ranger_msgs/ranger_msgs/msg/rosidl_typesupport_fastrtps_cpp__visibility_control.h
[2.846s] -- Up-to-date: /root/git/ranger_ros2/install/ranger_msgs/include/ranger_msgs/ranger_msgs/msg/detail
[2.846s] -- Installing: /root/git/ranger_ros2/install/ranger_msgs/include/ranger_msgs/ranger_msgs/msg/detail/dds_fastrtps
[2.846s] -- Installing: /root/git/ranger_ros2/install/ranger_msgs/include/ranger_msgs/ranger_msgs/msg/detail/motor_state__rosidl_typesupport_fastrtps_cpp.hpp
[2.846s] -- Installing: /root/git/ranger_ros2/install/ranger_msgs/include/ranger_msgs/ranger_msgs/msg/detail/driver_state__rosidl_typesupport_fastrtps_cpp.hpp
[2.846s] -- Installing: /root/git/ranger_ros2/install/ranger_msgs/include/ranger_msgs/ranger_msgs/msg/detail/system_state__rosidl_typesupport_fastrtps_cpp.hpp
[2.846s] -- Installing: /root/git/ranger_ros2/install/ranger_msgs/include/ranger_msgs/ranger_msgs/msg/detail/actuator_state_array__rosidl_typesupport_fastrtps_cpp.hpp
[2.846s] -- Installing: /root/git/ranger_ros2/install/ranger_msgs/include/ranger_msgs/ranger_msgs/msg/detail/motion_state__rosidl_typesupport_fastrtps_cpp.hpp
[2.846s] -- Installing: /root/git/ranger_ros2/install/ranger_msgs/include/ranger_msgs/ranger_msgs/msg/detail/actuator_state__rosidl_typesupport_fastrtps_cpp.hpp
[2.846s] -- Installing: /root/git/ranger_ros2/install/ranger_msgs/lib/libranger_msgs__rosidl_typesupport_fastrtps_cpp.so
[2.846s] -- Set runtime path of "/root/git/ranger_ros2/install/ranger_msgs/lib/libranger_msgs__rosidl_typesupport_fastrtps_cpp.so" to ""
[2.846s] -- Up-to-date: /root/git/ranger_ros2/install/ranger_msgs/include/ranger_msgs/ranger_msgs
[2.846s] -- Up-to-date: /root/git/ranger_ros2/install/ranger_msgs/include/ranger_msgs/ranger_msgs/msg
[2.846s] -- Installing: /root/git/ranger_ros2/install/ranger_msgs/include/ranger_msgs/ranger_msgs/msg/rosidl_typesupport_introspection_c__visibility_control.h
[2.846s] -- Up-to-date: /root/git/ranger_ros2/install/ranger_msgs/include/ranger_msgs/ranger_msgs/msg/detail
[2.846s] -- Installing: /root/git/ranger_ros2/install/ranger_msgs/include/ranger_msgs/ranger_msgs/msg/detail/system_state__rosidl_typesupport_introspection_c.h
[2.846s] -- Installing: /root/git/ranger_ros2/install/ranger_msgs/include/ranger_msgs/ranger_msgs/msg/detail/actuator_state__type_support.c
[2.846s] -- Installing: /root/git/ranger_ros2/install/ranger_msgs/include/ranger_msgs/ranger_msgs/msg/detail/driver_state__type_support.c
[2.846s] -- Installing: /root/git/ranger_ros2/install/ranger_msgs/include/ranger_msgs/ranger_msgs/msg/detail/system_state__type_support.c
[2.846s] -- Installing: /root/git/ranger_ros2/install/ranger_msgs/include/ranger_msgs/ranger_msgs/msg/detail/driver_state__rosidl_typesupport_introspection_c.h
[2.846s] -- Installing: /root/git/ranger_ros2/install/ranger_msgs/include/ranger_msgs/ranger_msgs/msg/detail/motor_state__type_support.c
[2.847s] -- Installing: /root/git/ranger_ros2/install/ranger_msgs/include/ranger_msgs/ranger_msgs/msg/detail/actuator_state_array__rosidl_typesupport_introspection_c.h
[2.847s] -- Installing: /root/git/ranger_ros2/install/ranger_msgs/include/ranger_msgs/ranger_msgs/msg/detail/motor_state__rosidl_typesupport_introspection_c.h
[2.847s] -- Installing: /root/git/ranger_ros2/install/ranger_msgs/include/ranger_msgs/ranger_msgs/msg/detail/motion_state__rosidl_typesupport_introspection_c.h
[2.847s] -- Installing: /root/git/ranger_ros2/install/ranger_msgs/include/ranger_msgs/ranger_msgs/msg/detail/actuator_state__rosidl_typesupport_introspection_c.h
[2.847s] -- Installing: /root/git/ranger_ros2/install/ranger_msgs/include/ranger_msgs/ranger_msgs/msg/detail/actuator_state_array__type_support.c
[2.847s] -- Installing: /root/git/ranger_ros2/install/ranger_msgs/include/ranger_msgs/ranger_msgs/msg/detail/motion_state__type_support.c
[2.847s] -- Installing: /root/git/ranger_ros2/install/ranger_msgs/lib/libranger_msgs__rosidl_typesupport_introspection_c.so
[2.847s] -- Set runtime path of "/root/git/ranger_ros2/install/ranger_msgs/lib/libranger_msgs__rosidl_typesupport_introspection_c.so" to ""
[2.847s] -- Installing: /root/git/ranger_ros2/install/ranger_msgs/lib/libranger_msgs__rosidl_typesupport_c.so
[2.847s] -- Set runtime path of "/root/git/ranger_ros2/install/ranger_msgs/lib/libranger_msgs__rosidl_typesupport_c.so" to ""
[2.847s] -- Up-to-date: /root/git/ranger_ros2/install/ranger_msgs/include/ranger_msgs/ranger_msgs
[2.847s] -- Up-to-date: /root/git/ranger_ros2/install/ranger_msgs/include/ranger_msgs/ranger_msgs/msg
[2.847s] -- Up-to-date: /root/git/ranger_ros2/install/ranger_msgs/include/ranger_msgs/ranger_msgs/msg/detail
[2.847s] -- Installing: /root/git/ranger_ros2/install/ranger_msgs/include/ranger_msgs/ranger_msgs/msg/detail/motion_state__rosidl_typesupport_introspection_cpp.hpp
[2.847s] -- Installing: /root/git/ranger_ros2/install/ranger_msgs/include/ranger_msgs/ranger_msgs/msg/detail/driver_state__rosidl_typesupport_introspection_cpp.hpp
[2.847s] -- Installing: /root/git/ranger_ros2/install/ranger_msgs/include/ranger_msgs/ranger_msgs/msg/detail/motor_state__type_support.cpp
[2.847s] -- Installing: /root/git/ranger_ros2/install/ranger_msgs/include/ranger_msgs/ranger_msgs/msg/detail/actuator_state__type_support.cpp
[2.847s] -- Installing: /root/git/ranger_ros2/install/ranger_msgs/include/ranger_msgs/ranger_msgs/msg/detail/actuator_state_array__rosidl_typesupport_introspection_cpp.hpp
[2.847s] -- Installing: /root/git/ranger_ros2/install/ranger_msgs/include/ranger_msgs/ranger_msgs/msg/detail/motor_state__rosidl_typesupport_introspection_cpp.hpp
[2.847s] -- Installing: /root/git/ranger_ros2/install/ranger_msgs/include/ranger_msgs/ranger_msgs/msg/detail/driver_state__type_support.cpp
[2.847s] -- Installing: /root/git/ranger_ros2/install/ranger_msgs/include/ranger_msgs/ranger_msgs/msg/detail/actuator_state__rosidl_typesupport_introspection_cpp.hpp
[2.847s] -- Installing: /root/git/ranger_ros2/install/ranger_msgs/include/ranger_msgs/ranger_msgs/msg/detail/actuator_state_array__type_support.cpp
[2.847s] -- Installing: /root/git/ranger_ros2/install/ranger_msgs/include/ranger_msgs/ranger_msgs/msg/detail/system_state__rosidl_typesupport_introspection_cpp.hpp
[2.847s] -- Installing: /root/git/ranger_ros2/install/ranger_msgs/include/ranger_msgs/ranger_msgs/msg/detail/motion_state__type_support.cpp
[2.847s] -- Installing: /root/git/ranger_ros2/install/ranger_msgs/include/ranger_msgs/ranger_msgs/msg/detail/system_state__type_support.cpp
[2.847s] -- Installing: /root/git/ranger_ros2/install/ranger_msgs/lib/libranger_msgs__rosidl_typesupport_introspection_cpp.so
[2.847s] -- Set runtime path of "/root/git/ranger_ros2/install/ranger_msgs/lib/libranger_msgs__rosidl_typesupport_introspection_cpp.so" to ""
[2.847s] -- Installing: /root/git/ranger_ros2/install/ranger_msgs/lib/libranger_msgs__rosidl_typesupport_cpp.so
[2.847s] -- Set runtime path of "/root/git/ranger_ros2/install/ranger_msgs/lib/libranger_msgs__rosidl_typesupport_cpp.so" to ""
[2.847s] -- Installing: /root/git/ranger_ros2/install/ranger_msgs/share/ranger_msgs/environment/pythonpath.sh
[2.847s] -- Installing: /root/git/ranger_ros2/install/ranger_msgs/share/ranger_msgs/environment/pythonpath.dsv
[2.847s] -- Installing: /root/git/ranger_ros2/install/ranger_msgs/local/lib/python3.10/dist-packages/ranger_msgs-0.0.1-py3.10.egg-info
[2.847s] -- Installing: /root/git/ranger_ros2/install/ranger_msgs/local/lib/python3.10/dist-packages/ranger_msgs-0.0.1-py3.10.egg-info/dependency_links.txt
[2.847s] -- Installing: /root/git/ranger_ros2/install/ranger_msgs/local/lib/python3.10/dist-packages/ranger_msgs-0.0.1-py3.10.egg-info/PKG-INFO
[2.847s] -- Installing: /root/git/ranger_ros2/install/ranger_msgs/local/lib/python3.10/dist-packages/ranger_msgs-0.0.1-py3.10.egg-info/top_level.txt
[2.847s] -- Installing: /root/git/ranger_ros2/install/ranger_msgs/local/lib/python3.10/dist-packages/ranger_msgs-0.0.1-py3.10.egg-info/SOURCES.txt
[2.847s] -- Installing: /root/git/ranger_ros2/install/ranger_msgs/local/lib/python3.10/dist-packages/ranger_msgs
[2.847s] -- Installing: /root/git/ranger_ros2/install/ranger_msgs/local/lib/python3.10/dist-packages/ranger_msgs/libranger_msgs__rosidl_generator_py.so
[2.847s] -- Installing: /root/git/ranger_ros2/install/ranger_msgs/local/lib/python3.10/dist-packages/ranger_msgs/_ranger_msgs_s.ep.rosidl_typesupport_c.c
[2.847s] -- Installing: /root/git/ranger_ros2/install/ranger_msgs/local/lib/python3.10/dist-packages/ranger_msgs/ranger_msgs_s__rosidl_typesupport_c.cpython-310-x86_64-linux-gnu.so
[2.847s] -- Installing: /root/git/ranger_ros2/install/ranger_msgs/local/lib/python3.10/dist-packages/ranger_msgs/msg
[2.847s] -- Installing: /root/git/ranger_ros2/install/ranger_msgs/local/lib/python3.10/dist-packages/ranger_msgs/msg/_motor_state.py
[2.847s] -- Installing: /root/git/ranger_ros2/install/ranger_msgs/local/lib/python3.10/dist-packages/ranger_msgs/msg/_actuator_state.py
[2.847s] -- Installing: /root/git/ranger_ros2/install/ranger_msgs/local/lib/python3.10/dist-packages/ranger_msgs/msg/_driver_state.py
[2.847s] -- Installing: /root/git/ranger_ros2/install/ranger_msgs/local/lib/python3.10/dist-packages/ranger_msgs/msg/_system_state.py
[2.847s] -- Installing: /root/git/ranger_ros2/install/ranger_msgs/local/lib/python3.10/dist-packages/ranger_msgs/msg/_actuator_state_array_s.c
[2.847s] -- Installing: /root/git/ranger_ros2/install/ranger_msgs/local/lib/python3.10/dist-packages/ranger_msgs/msg/_motor_state_s.c
[2.847s] -- Installing: /root/git/ranger_ros2/install/ranger_msgs/local/lib/python3.10/dist-packages/ranger_msgs/msg/_actuator_state_s.c
[2.847s] -- Installing: /root/git/ranger_ros2/install/ranger_msgs/local/lib/python3.10/dist-packages/ranger_msgs/msg/_system_state_s.c
[2.847s] -- Installing: /root/git/ranger_ros2/install/ranger_msgs/local/lib/python3.10/dist-packages/ranger_msgs/msg/_motion_state_s.c
[2.847s] -- Installing: /root/git/ranger_ros2/install/ranger_msgs/local/lib/python3.10/dist-packages/ranger_msgs/msg/_actuator_state_array.py
[2.847s] -- Installing: /root/git/ranger_ros2/install/ranger_msgs/local/lib/python3.10/dist-packages/ranger_msgs/msg/_motion_state.py
[2.847s] -- Installing: /root/git/ranger_ros2/install/ranger_msgs/local/lib/python3.10/dist-packages/ranger_msgs/msg/_driver_state_s.c
[2.847s] -- Installing: /root/git/ranger_ros2/install/ranger_msgs/local/lib/python3.10/dist-packages/ranger_msgs/msg/__init__.py
[2.847s] -- Installing: /root/git/ranger_ros2/install/ranger_msgs/local/lib/python3.10/dist-packages/ranger_msgs/_ranger_msgs_s.ep.rosidl_typesupport_introspection_c.c
[2.847s] -- Installing: /root/git/ranger_ros2/install/ranger_msgs/local/lib/python3.10/dist-packages/ranger_msgs/_ranger_msgs_s.ep.rosidl_typesupport_fastrtps_c.c
[2.848s] -- Installing: /root/git/ranger_ros2/install/ranger_msgs/local/lib/python3.10/dist-packages/ranger_msgs/ranger_msgs_s__rosidl_typesupport_introspection_c.cpython-310-x86_64-linux-gnu.so
[2.848s] -- Installing: /root/git/ranger_ros2/install/ranger_msgs/local/lib/python3.10/dist-packages/ranger_msgs/__init__.py
[2.848s] -- Installing: /root/git/ranger_ros2/install/ranger_msgs/local/lib/python3.10/dist-packages/ranger_msgs/ranger_msgs_s__rosidl_typesupport_fastrtps_c.cpython-310-x86_64-linux-gnu.so
[2.869s] Listing '/root/git/ranger_ros2/install/ranger_msgs/local/lib/python3.10/dist-packages/ranger_msgs'...
[2.869s] Compiling '/root/git/ranger_ros2/install/ranger_msgs/local/lib/python3.10/dist-packages/ranger_msgs/__init__.py'...
[2.869s] Listing '/root/git/ranger_ros2/install/ranger_msgs/local/lib/python3.10/dist-packages/ranger_msgs/msg'...
[2.869s] Compiling '/root/git/ranger_ros2/install/ranger_msgs/local/lib/python3.10/dist-packages/ranger_msgs/msg/__init__.py'...
[2.869s] Compiling '/root/git/ranger_ros2/install/ranger_msgs/local/lib/python3.10/dist-packages/ranger_msgs/msg/_actuator_state.py'...
[2.869s] Compiling '/root/git/ranger_ros2/install/ranger_msgs/local/lib/python3.10/dist-packages/ranger_msgs/msg/_actuator_state_array.py'...
[2.869s] Compiling '/root/git/ranger_ros2/install/ranger_msgs/local/lib/python3.10/dist-packages/ranger_msgs/msg/_driver_state.py'...
[2.869s] Compiling '/root/git/ranger_ros2/install/ranger_msgs/local/lib/python3.10/dist-packages/ranger_msgs/msg/_motion_state.py'...
[2.869s] Compiling '/root/git/ranger_ros2/install/ranger_msgs/local/lib/python3.10/dist-packages/ranger_msgs/msg/_motor_state.py'...
[2.869s] Compiling '/root/git/ranger_ros2/install/ranger_msgs/local/lib/python3.10/dist-packages/ranger_msgs/msg/_system_state.py'...
[2.871s] -- Installing: /root/git/ranger_ros2/install/ranger_msgs/local/lib/python3.10/dist-packages/ranger_msgs/ranger_msgs_s__rosidl_typesupport_fastrtps_c.cpython-310-x86_64-linux-gnu.so
[2.871s] -- Set runtime path of "/root/git/ranger_ros2/install/ranger_msgs/local/lib/python3.10/dist-packages/ranger_msgs/ranger_msgs_s__rosidl_typesupport_fastrtps_c.cpython-310-x86_64-linux-gnu.so" to ""
[2.871s] -- Installing: /root/git/ranger_ros2/install/ranger_msgs/local/lib/python3.10/dist-packages/ranger_msgs/ranger_msgs_s__rosidl_typesupport_introspection_c.cpython-310-x86_64-linux-gnu.so
[2.871s] -- Set runtime path of "/root/git/ranger_ros2/install/ranger_msgs/local/lib/python3.10/dist-packages/ranger_msgs/ranger_msgs_s__rosidl_typesupport_introspection_c.cpython-310-x86_64-linux-gnu.so" to ""
[2.871s] -- Installing: /root/git/ranger_ros2/install/ranger_msgs/local/lib/python3.10/dist-packages/ranger_msgs/ranger_msgs_s__rosidl_typesupport_c.cpython-310-x86_64-linux-gnu.so
[2.871s] -- Set runtime path of "/root/git/ranger_ros2/install/ranger_msgs/local/lib/python3.10/dist-packages/ranger_msgs/ranger_msgs_s__rosidl_typesupport_c.cpython-310-x86_64-linux-gnu.so" to ""
[2.871s] -- Installing: /root/git/ranger_ros2/install/ranger_msgs/lib/libranger_msgs__rosidl_generator_py.so
[2.872s] -- Set runtime path of "/root/git/ranger_ros2/install/ranger_msgs/lib/libranger_msgs__rosidl_generator_py.so" to ""
[2.872s] -- Installing: /root/git/ranger_ros2/install/ranger_msgs/share/ament_index/resource_index/rust_packages/ranger_msgs
[2.872s] -- Installing: /root/git/ranger_ros2/install/ranger_msgs/share/ranger_msgs/rust
[2.872s] -- Installing: /root/git/ranger_ros2/install/ranger_msgs/share/ranger_msgs/rust/build.rs
[2.872s] -- Installing: /root/git/ranger_ros2/install/ranger_msgs/share/ranger_msgs/rust/Cargo.toml
[2.872s] -- Installing: /root/git/ranger_ros2/install/ranger_msgs/share/ranger_msgs/rust/src
[2.872s] -- Installing: /root/git/ranger_ros2/install/ranger_msgs/share/ranger_msgs/rust/src/msg.rs
[2.872s] -- Installing: /root/git/ranger_ros2/install/ranger_msgs/share/ranger_msgs/rust/src/msg
[2.872s] -- Installing: /root/git/ranger_ros2/install/ranger_msgs/share/ranger_msgs/rust/src/msg/rmw.rs
[2.872s] -- Installing: /root/git/ranger_ros2/install/ranger_msgs/share/ranger_msgs/rust/src/lib.rs
[2.872s] -- Installing: /root/git/ranger_ros2/install/ranger_msgs/share/ranger_msgs/msg/ActuatorState.idl
[2.872s] -- Installing: /root/git/ranger_ros2/install/ranger_msgs/share/ranger_msgs/msg/ActuatorStateArray.idl
[2.873s] -- Installing: /root/git/ranger_ros2/install/ranger_msgs/share/ranger_msgs/msg/DriverState.idl
[2.873s] -- Installing: /root/git/ranger_ros2/install/ranger_msgs/share/ranger_msgs/msg/MotionState.idl
[2.873s] -- Installing: /root/git/ranger_ros2/install/ranger_msgs/share/ranger_msgs/msg/MotorState.idl
[2.873s] -- Installing: /root/git/ranger_ros2/install/ranger_msgs/share/ranger_msgs/msg/SystemState.idl
[2.873s] -- Installing: /root/git/ranger_ros2/install/ranger_msgs/share/ranger_msgs/msg/ActuatorState.msg
[2.873s] -- Installing: /root/git/ranger_ros2/install/ranger_msgs/share/ranger_msgs/msg/ActuatorStateArray.msg
[2.873s] -- Installing: /root/git/ranger_ros2/install/ranger_msgs/share/ranger_msgs/msg/DriverState.msg
[2.873s] -- Installing: /root/git/ranger_ros2/install/ranger_msgs/share/ranger_msgs/msg/MotionState.msg
[2.873s] -- Installing: /root/git/ranger_ros2/install/ranger_msgs/share/ranger_msgs/msg/MotorState.msg
[2.873s] -- Installing: /root/git/ranger_ros2/install/ranger_msgs/share/ranger_msgs/msg/SystemState.msg
[2.873s] -- Installing: /root/git/ranger_ros2/install/ranger_msgs/share/ament_index/resource_index/package_run_dependencies/ranger_msgs
[2.873s] -- Installing: /root/git/ranger_ros2/install/ranger_msgs/share/ament_index/resource_index/parent_prefix_path/ranger_msgs
[2.873s] -- Installing: /root/git/ranger_ros2/install/ranger_msgs/share/ranger_msgs/environment/ament_prefix_path.sh
[2.873s] -- Installing: /root/git/ranger_ros2/install/ranger_msgs/share/ranger_msgs/environment/ament_prefix_path.dsv
[2.873s] -- Installing: /root/git/ranger_ros2/install/ranger_msgs/share/ranger_msgs/environment/path.sh
[2.873s] -- Installing: /root/git/ranger_ros2/install/ranger_msgs/share/ranger_msgs/environment/path.dsv
[2.873s] -- Installing: /root/git/ranger_ros2/install/ranger_msgs/share/ranger_msgs/local_setup.bash
[2.873s] -- Installing: /root/git/ranger_ros2/install/ranger_msgs/share/ranger_msgs/local_setup.sh
[2.873s] -- Installing: /root/git/ranger_ros2/install/ranger_msgs/share/ranger_msgs/local_setup.zsh
[2.873s] -- Installing: /root/git/ranger_ros2/install/ranger_msgs/share/ranger_msgs/local_setup.dsv
[2.873s] -- Installing: /root/git/ranger_ros2/install/ranger_msgs/share/ranger_msgs/package.dsv
[2.873s] -- Installing: /root/git/ranger_ros2/install/ranger_msgs/share/ament_index/resource_index/packages/ranger_msgs
[2.873s] -- Installing: /root/git/ranger_ros2/install/ranger_msgs/share/ranger_msgs/cmake/export_ranger_msgs__rosidl_generator_cExport.cmake
[2.874s] -- Installing: /root/git/ranger_ros2/install/ranger_msgs/share/ranger_msgs/cmake/export_ranger_msgs__rosidl_generator_cExport-release.cmake
[2.874s] -- Installing: /root/git/ranger_ros2/install/ranger_msgs/share/ranger_msgs/cmake/export_ranger_msgs__rosidl_typesupport_fastrtps_cExport.cmake
[2.874s] -- Installing: /root/git/ranger_ros2/install/ranger_msgs/share/ranger_msgs/cmake/export_ranger_msgs__rosidl_typesupport_fastrtps_cExport-release.cmake
[2.874s] -- Installing: /root/git/ranger_ros2/install/ranger_msgs/share/ranger_msgs/cmake/export_ranger_msgs__rosidl_generator_cppExport.cmake
[2.874s] -- Installing: /root/git/ranger_ros2/install/ranger_msgs/share/ranger_msgs/cmake/export_ranger_msgs__rosidl_typesupport_fastrtps_cppExport.cmake
[2.874s] -- Installing: /root/git/ranger_ros2/install/ranger_msgs/share/ranger_msgs/cmake/export_ranger_msgs__rosidl_typesupport_fastrtps_cppExport-release.cmake
[2.874s] -- Installing: /root/git/ranger_ros2/install/ranger_msgs/share/ranger_msgs/cmake/ranger_msgs__rosidl_typesupport_introspection_cExport.cmake
[2.874s] -- Installing: /root/git/ranger_ros2/install/ranger_msgs/share/ranger_msgs/cmake/ranger_msgs__rosidl_typesupport_introspection_cExport-release.cmake
[2.874s] -- Installing: /root/git/ranger_ros2/install/ranger_msgs/share/ranger_msgs/cmake/ranger_msgs__rosidl_typesupport_cExport.cmake
[2.874s] -- Installing: /root/git/ranger_ros2/install/ranger_msgs/share/ranger_msgs/cmake/ranger_msgs__rosidl_typesupport_cExport-release.cmake
[2.874s] -- Installing: /root/git/ranger_ros2/install/ranger_msgs/share/ranger_msgs/cmake/ranger_msgs__rosidl_typesupport_introspection_cppExport.cmake
[2.874s] -- Installing: /root/git/ranger_ros2/install/ranger_msgs/share/ranger_msgs/cmake/ranger_msgs__rosidl_typesupport_introspection_cppExport-release.cmake
[2.874s] -- Installing: /root/git/ranger_ros2/install/ranger_msgs/share/ranger_msgs/cmake/ranger_msgs__rosidl_typesupport_cppExport.cmake
[2.874s] -- Installing: /root/git/ranger_ros2/install/ranger_msgs/share/ranger_msgs/cmake/ranger_msgs__rosidl_typesupport_cppExport-release.cmake
[2.874s] -- Installing: /root/git/ranger_ros2/install/ranger_msgs/share/ranger_msgs/cmake/export_ranger_msgs__rosidl_generator_pyExport.cmake
[2.874s] -- Installing: /root/git/ranger_ros2/install/ranger_msgs/share/ranger_msgs/cmake/export_ranger_msgs__rosidl_generator_pyExport-release.cmake
[2.874s] -- Installing: /root/git/ranger_ros2/install/ranger_msgs/share/ranger_msgs/cmake/rosidl_cmake-extras.cmake
[2.874s] -- Installing: /root/git/ranger_ros2/install/ranger_msgs/share/ranger_msgs/cmake/ament_cmake_export_dependencies-extras.cmake
[2.874s] -- Installing: /root/git/ranger_ros2/install/ranger_msgs/share/ranger_msgs/cmake/ament_cmake_export_include_directories-extras.cmake
[2.874s] -- Installing: /root/git/ranger_ros2/install/ranger_msgs/share/ranger_msgs/cmake/ament_cmake_export_libraries-extras.cmake
[2.874s] -- Installing: /root/git/ranger_ros2/install/ranger_msgs/share/ranger_msgs/cmake/ament_cmake_export_targets-extras.cmake
[2.874s] -- Installing: /root/git/ranger_ros2/install/ranger_msgs/share/ranger_msgs/cmake/rosidl_cmake_export_typesupport_targets-extras.cmake
[2.874s] -- Installing: /root/git/ranger_ros2/install/ranger_msgs/share/ranger_msgs/cmake/rosidl_cmake_export_typesupport_libraries-extras.cmake
[2.874s] -- Installing: /root/git/ranger_ros2/install/ranger_msgs/share/ranger_msgs/cmake/ranger_msgsConfig.cmake
[2.874s] -- Installing: /root/git/ranger_ros2/install/ranger_msgs/share/ranger_msgs/cmake/ranger_msgsConfig-version.cmake
[2.874s] -- Installing: /root/git/ranger_ros2/install/ranger_msgs/share/ranger_msgs/package.xml
[2.875s] Invoked command in '/root/git/ranger_ros2/build/ranger_msgs' returned '0': CMAKE_PREFIX_PATH=/opt/ros/humble /usr/bin/cmake --install /root/git/ranger_ros2/build/ranger_msgs
