[0.005s] Invoking command in '/root/git/ranger_ros2/build/ranger_base': AMENT_PREFIX_PATH=/root/git/ranger_ros2/install/ranger_msgs:${AMENT_PREFIX_PATH} CMAKE_PREFIX_PATH=/root/git/ranger_ros2/install/ranger_msgs:/opt/ros/humble LD_LIBRARY_PATH=/root/git/ranger_ros2/install/ranger_msgs/lib:${LD_LIBRARY_PATH} PYTHONPATH=/root/git/ranger_ros2/install/ranger_msgs/local/lib/python3.10/dist-packages:${PYTHONPATH} /usr/bin/cmake /root/git/ranger_ros2/ranger_base -DCMAKE_BUILD_TYPE=Release -DCMAKE_INSTALL_PREFIX=/root/git/ranger_ros2/install/ranger_base
[0.051s] -- The C compiler identification is GNU 11.4.0
[0.082s] -- The CXX compiler identification is GNU 11.4.0
[0.085s] -- Detecting C compiler ABI info
[0.139s] -- Detecting C compiler ABI info - done
[0.156s] -- Check for working C compiler: /usr/bin/cc - skipped
[0.157s] -- Detecting C compile features
[0.158s] -- Detecting C compile features - done
[0.162s] -- Detecting CXX compiler ABI info
[0.260s] -- Detecting CXX compiler ABI info - done
[0.263s] -- Check for working CXX compiler: /usr/bin/c++ - skipped
[0.263s] -- Detecting CXX compile features
[0.263s] -- Detecting CXX compile features - done
[0.265s] -- Found ament_cmake: 1.3.14 (/opt/ros/humble/share/ament_cmake/cmake)
[0.412s] -- Found Python3: /usr/bin/python3 (found version "3.10.12") found components: Interpreter 
[0.479s] -- Found rclcpp: 16.0.19 (/opt/ros/humble/share/rclcpp/cmake)
[0.502s] -- Found rosidl_generator_c: 3.1.8 (/opt/ros/humble/share/rosidl_generator_c/cmake)
[0.505s] -- Found rosidl_adapter: 3.1.8 (/opt/ros/humble/share/rosidl_adapter/cmake)
[0.509s] -- Found rosidl_generator_cpp: 3.1.8 (/opt/ros/humble/share/rosidl_generator_cpp/cmake)
[0.516s] -- Using all available rosidl_typesupport_c: rosidl_typesupport_fastrtps_c;rosidl_typesupport_introspection_c
[0.524s] -- Using all available rosidl_typesupport_cpp: rosidl_typesupport_fastrtps_cpp;rosidl_typesupport_introspection_cpp
[0.550s] -- Found rmw_implementation_cmake: 6.1.2 (/opt/ros/humble/share/rmw_implementation_cmake/cmake)
[0.552s] -- Found rmw_fastrtps_cpp: 6.2.10 (/opt/ros/humble/share/rmw_fastrtps_cpp/cmake)
[0.631s] -- Found OpenSSL: /usr/lib/x86_64-linux-gnu/libcrypto.so (found version "3.0.2")  
[0.658s] -- Found FastRTPS: /opt/ros/humble/include  
[0.684s] -- Using RMW implementation 'rmw_fastrtps_cpp' as default
[0.690s] -- Looking for pthread.h
[0.743s] -- Looking for pthread.h - found
[0.743s] -- Performing Test CMAKE_HAVE_LIBC_PTHREAD
[0.826s] -- Performing Test CMAKE_HAVE_LIBC_PTHREAD - Success
[0.828s] -- Found Threads: TRUE  
[0.876s] -- Found geometry_msgs: 4.9.1 (/opt/ros/humble/share/geometry_msgs/cmake)
[0.884s] -- Found nav_msgs: 4.9.1 (/opt/ros/humble/share/nav_msgs/cmake)
[0.894s] -- Found sensor_msgs: 4.9.1 (/opt/ros/humble/share/sensor_msgs/cmake)
[0.905s] -- Found tf2: 0.25.20 (/opt/ros/humble/share/tf2/cmake)
[0.912s] -- Found tf2_ros: 0.25.20 (/opt/ros/humble/share/tf2_ros/cmake)
[0.969s] -- Found ranger_msgs: 0.0.1 (/root/git/ranger_ros2/install/ranger_msgs/share/ranger_msgs/cmake)
[0.983s] CMake Error at CMakeLists.txt:27 (find_package):
[0.984s]   By not providing "Findugv_sdk.cmake" in CMAKE_MODULE_PATH this project has
[0.984s]   asked CMake to find a package configuration file provided by "ugv_sdk", but
[0.984s]   CMake did not find one.
[0.984s] 
[0.984s]   Could not find a package configuration file provided by "ugv_sdk" with any
[0.984s]   of the following names:
[0.984s] 
[0.984s]     ugv_sdkConfig.cmake
[0.984s]     ugv_sdk-config.cmake
[0.984s] 
[0.984s]   Add the installation prefix of "ugv_sdk" to CMAKE_PREFIX_PATH or set
[0.984s]   "ugv_sdk_DIR" to a directory containing one of the above files.  If
[0.984s]   "ugv_sdk" provides a separate development package or SDK, be sure it has
[0.984s]   been installed.
[0.984s] 
[0.984s] 
[0.984s] -- Configuring incomplete, errors occurred!
[0.984s] See also "/root/git/ranger_ros2/build/ranger_base/CMakeFiles/CMakeOutput.log".
[0.988s] Invoked command in '/root/git/ranger_ros2/build/ranger_base' returned '1': AMENT_PREFIX_PATH=/root/git/ranger_ros2/install/ranger_msgs:${AMENT_PREFIX_PATH} CMAKE_PREFIX_PATH=/root/git/ranger_ros2/install/ranger_msgs:/opt/ros/humble LD_LIBRARY_PATH=/root/git/ranger_ros2/install/ranger_msgs/lib:${LD_LIBRARY_PATH} PYTHONPATH=/root/git/ranger_ros2/install/ranger_msgs/local/lib/python3.10/dist-packages:${PYTHONPATH} /usr/bin/cmake /root/git/ranger_ros2/ranger_base -DCMAKE_BUILD_TYPE=Release -DCMAKE_INSTALL_PREFIX=/root/git/ranger_ros2/install/ranger_base
