[0.000000] (-) TimerEvent: {}
[0.000028] (-) JobUnselected: {'identifier': 'ranger_bringup'}
[0.000039] (ranger_msgs) JobQueued: {'identifier': 'ranger_msgs', 'dependencies': OrderedDict()}
[0.000046] (ranger_base) JobQueued: {'identifier': 'ranger_base', 'dependencies': OrderedDict([('ranger_msgs', '/root/git/ranger_ros2/install/ranger_msgs')])}
[0.000348] (ranger_msgs) JobStarted: {'identifier': 'ranger_msgs'}
[0.004566] (ranger_msgs) JobProgress: {'identifier': 'ranger_msgs', 'progress': 'cmake'}
[0.005124] (ranger_msgs) Command: {'cmd': ['/usr/bin/cmake', '/root/git/ranger_ros2/ranger_msgs', '-DCMAKE_BUILD_TYPE=Release', '-DCMAKE_PREFIX_PATH=/tmp/ugv_install', '-DCMAKE_INSTALL_PREFIX=/root/git/ranger_ros2/install/ranger_msgs'], 'cwd': '/root/git/ranger_ros2/build/ranger_msgs', 'env': OrderedDict([('HOSTNAME', 'cona-MS-7D96'), ('SHLVL', '1'), ('LD_LIBRARY_PATH', '/opt/ros/humble/opt/rviz_ogre_vendor/lib:/opt/ros/humble/lib/x86_64-linux-gnu:/opt/ros/humble/lib'), ('HOME', '/root'), ('OLDPWD', '/'), ('ROS_PYTHON_VERSION', '3'), ('ROS_DISTRO', 'humble'), ('_', '/usr/bin/colcon'), ('ROS_VERSION', '2'), ('FLIR_GENTL64_CTI', '/opt/spinnaker/lib/flir-gentl/FLIR_GenTL.cti'), ('ROS_LOCALHOST_ONLY', '0'), ('PATH', '/opt/ros/humble/bin:/opt/spinnaker/bin:/usr/local/sbin:/usr/local/bin:/usr/sbin:/usr/bin:/sbin:/bin'), ('DISPLAY', ':1'), ('LANG', 'C.UTF-8'), ('AMENT_PREFIX_PATH', '/opt/ros/humble'), ('DEBIAN_FRONTEND', 'noninteractive'), ('PWD', '/root/git/ranger_ros2/build/ranger_msgs'), ('LC_ALL', 'C.UTF-8'), ('PYTHONPATH', '/opt/ros/humble/lib/python3.10/site-packages:/opt/ros/humble/local/lib/python3.10/dist-packages'), ('TZ', 'Asia/Seoul'), ('COLCON', '1'), ('CMAKE_PREFIX_PATH', '/opt/ros/humble')]), 'shell': False}
[0.014411] (ranger_msgs) StdoutLine: {'line': b'-- Found ament_cmake: 1.3.14 (/opt/ros/humble/share/ament_cmake/cmake)\n'}
[0.091536] (ranger_msgs) StdoutLine: {'line': b'-- Found builtin_interfaces: 1.2.2 (/opt/ros/humble/share/builtin_interfaces/cmake)\n'}
[0.099908] (-) TimerEvent: {}
[0.103103] (ranger_msgs) StdoutLine: {'line': b'-- Found rosidl_generator_c: 3.1.8 (/opt/ros/humble/share/rosidl_generator_c/cmake)\n'}
[0.104201] (ranger_msgs) StdoutLine: {'line': b'-- Found rosidl_adapter: 3.1.8 (/opt/ros/humble/share/rosidl_adapter/cmake)\n'}
[0.106966] (ranger_msgs) StdoutLine: {'line': b'-- Found rosidl_generator_cpp: 3.1.8 (/opt/ros/humble/share/rosidl_generator_cpp/cmake)\n'}
[0.111294] (ranger_msgs) StdoutLine: {'line': b'-- Using all available rosidl_typesupport_c: rosidl_typesupport_fastrtps_c;rosidl_typesupport_introspection_c\n'}
[0.117077] (ranger_msgs) StdoutLine: {'line': b'-- Using all available rosidl_typesupport_cpp: rosidl_typesupport_fastrtps_cpp;rosidl_typesupport_introspection_cpp\n'}
[0.122375] (ranger_msgs) StdoutLine: {'line': b'-- Found rosidl_default_generators: 1.2.1 (/opt/ros/humble/share/rosidl_default_generators/cmake)\n'}
[0.126585] (ranger_msgs) StdoutLine: {'line': b'-- Found std_msgs: 4.9.1 (/opt/ros/humble/share/std_msgs/cmake)\n'}
[0.200059] (-) TimerEvent: {}
[0.287135] (ranger_msgs) StdoutLine: {'line': b'-- Found ament_cmake_ros: 0.10.0 (/opt/ros/humble/share/ament_cmake_ros/cmake)\n'}
[0.300215] (-) TimerEvent: {}
[0.400524] (-) TimerEvent: {}
[0.500791] (-) TimerEvent: {}
[0.524997] (ranger_msgs) StdoutLine: {'line': b'-- Using all available rosidl_typesupport_c: rosidl_typesupport_fastrtps_c;rosidl_typesupport_introspection_c\n'}
[0.600935] (-) TimerEvent: {}
[0.622016] (ranger_msgs) StdoutLine: {'line': b'-- Using all available rosidl_typesupport_cpp: rosidl_typesupport_fastrtps_cpp;rosidl_typesupport_introspection_cpp\n'}
[0.636048] (ranger_msgs) StdoutLine: {'line': b'-- Found python_cmake_module: 0.10.0 (/opt/ros/humble/share/python_cmake_module/cmake)\n'}
[0.655433] (ranger_msgs) StdoutLine: {'line': b'-- Using PYTHON_EXECUTABLE: /usr/bin/python3\n'}
[0.655564] (ranger_msgs) StdoutLine: {'line': b'-- Using PYTHON_INCLUDE_DIRS: /usr/include/python3.10\n'}
[0.655619] (ranger_msgs) StdoutLine: {'line': b'-- Using PYTHON_LIBRARIES: /usr/lib/x86_64-linux-gnu/libpython3.10.so\n'}
[0.701068] (-) TimerEvent: {}
[0.716229] (ranger_msgs) StdoutLine: {'line': b'-- Found ament_lint_auto: 0.12.15 (/opt/ros/humble/share/ament_lint_auto/cmake)\n'}
[0.725527] (ranger_msgs) StdoutLine: {'line': b"-- Added test 'copyright' to check source files copyright and LICENSE\n"}
[0.726623] (ranger_msgs) StdoutLine: {'line': b"-- Added test 'lint_cmake' to check CMake code style\n"}
[0.727131] (ranger_msgs) StdoutLine: {'line': b"-- Added test 'xmllint' to check XML markup files\n"}
[0.728067] (ranger_msgs) StdoutLine: {'line': b'-- Configuring done\n'}
[0.748789] (ranger_msgs) StdoutLine: {'line': b'-- Generating done\n'}
[0.754661] (ranger_msgs) StdoutLine: {'line': b'-- Build files have been written to: /root/git/ranger_ros2/build/ranger_msgs\n'}
[0.757829] (ranger_msgs) CommandEnded: {'returncode': 0}
[0.759052] (ranger_msgs) JobProgress: {'identifier': 'ranger_msgs', 'progress': 'build'}
[0.759079] (ranger_msgs) Command: {'cmd': ['/usr/bin/cmake', '--build', '/root/git/ranger_ros2/build/ranger_msgs', '--', '-j24', '-l24'], 'cwd': '/root/git/ranger_ros2/build/ranger_msgs', 'env': OrderedDict([('HOSTNAME', 'cona-MS-7D96'), ('SHLVL', '1'), ('LD_LIBRARY_PATH', '/opt/ros/humble/opt/rviz_ogre_vendor/lib:/opt/ros/humble/lib/x86_64-linux-gnu:/opt/ros/humble/lib'), ('HOME', '/root'), ('OLDPWD', '/'), ('ROS_PYTHON_VERSION', '3'), ('ROS_DISTRO', 'humble'), ('_', '/usr/bin/colcon'), ('ROS_VERSION', '2'), ('FLIR_GENTL64_CTI', '/opt/spinnaker/lib/flir-gentl/FLIR_GenTL.cti'), ('ROS_LOCALHOST_ONLY', '0'), ('PATH', '/opt/ros/humble/bin:/opt/spinnaker/bin:/usr/local/sbin:/usr/local/bin:/usr/sbin:/usr/bin:/sbin:/bin'), ('DISPLAY', ':1'), ('LANG', 'C.UTF-8'), ('AMENT_PREFIX_PATH', '/opt/ros/humble'), ('DEBIAN_FRONTEND', 'noninteractive'), ('PWD', '/root/git/ranger_ros2/build/ranger_msgs'), ('LC_ALL', 'C.UTF-8'), ('PYTHONPATH', '/opt/ros/humble/lib/python3.10/site-packages:/opt/ros/humble/local/lib/python3.10/dist-packages'), ('TZ', 'Asia/Seoul'), ('COLCON', '1'), ('CMAKE_PREFIX_PATH', '/opt/ros/humble')]), 'shell': False}
[0.790105] (ranger_msgs) StdoutLine: {'line': b'Consolidate compiler generated dependencies of target ranger_msgs__rosidl_generator_c\n'}
[0.799542] (ranger_msgs) StdoutLine: {'line': b'[  4%] Built target ranger_msgs__rs\n'}
[0.799635] (ranger_msgs) StdoutLine: {'line': b'[ 12%] Built target ranger_msgs__rosidl_generator_c\n'}
[0.800491] (ranger_msgs) StdoutLine: {'line': b'[ 13%] Built target ranger_msgs__cpp\n'}
[0.801126] (-) TimerEvent: {}
[0.807049] (ranger_msgs) StdoutLine: {'line': b'[ 13%] Built target ament_cmake_python_copy_ranger_msgs\n'}
[0.809651] (ranger_msgs) StdoutLine: {'line': b'Consolidate compiler generated dependencies of target ranger_msgs__rosidl_typesupport_fastrtps_c\n'}
[0.810108] (ranger_msgs) StdoutLine: {'line': b'Consolidate compiler generated dependencies of target ranger_msgs__rosidl_typesupport_cpp\n'}
[0.810299] (ranger_msgs) StdoutLine: {'line': b'Consolidate compiler generated dependencies of target ranger_msgs__rosidl_typesupport_fastrtps_cpp\n'}
[0.810501] (ranger_msgs) StdoutLine: {'line': b'Consolidate compiler generated dependencies of target ranger_msgs__rosidl_typesupport_c\n'}
[0.811271] (ranger_msgs) StdoutLine: {'line': b'Consolidate compiler generated dependencies of target ranger_msgs__rosidl_typesupport_introspection_c\n'}
[0.811681] (ranger_msgs) StdoutLine: {'line': b'Consolidate compiler generated dependencies of target ranger_msgs__rosidl_typesupport_introspection_cpp\n'}
[0.817631] (ranger_msgs) StdoutLine: {'line': b'[ 25%] Built target ranger_msgs__rosidl_typesupport_fastrtps_c\n'}
[0.817965] (ranger_msgs) StdoutLine: {'line': b'[ 36%] Built target ranger_msgs__rosidl_typesupport_fastrtps_cpp\n'}
[0.820531] (ranger_msgs) StdoutLine: {'line': b'[ 47%] Built target ranger_msgs__rosidl_typesupport_cpp\n'}
[0.820828] (ranger_msgs) StdoutLine: {'line': b'[ 58%] Built target ranger_msgs__rosidl_typesupport_introspection_c\n'}
[0.821103] (ranger_msgs) StdoutLine: {'line': b'[ 69%] Built target ranger_msgs__rosidl_typesupport_c\n'}
[0.821477] (ranger_msgs) StdoutLine: {'line': b'[ 80%] Built target ranger_msgs__rosidl_typesupport_introspection_cpp\n'}
[0.833145] (ranger_msgs) StdoutLine: {'line': b'[ 80%] Built target ranger_msgs\n'}
[0.844064] (ranger_msgs) StdoutLine: {'line': b'[ 81%] Built target ranger_msgs__py\n'}
[0.850542] (ranger_msgs) StdoutLine: {'line': b'Consolidate compiler generated dependencies of target ranger_msgs__rosidl_generator_py\n'}
[0.857235] (ranger_msgs) StdoutLine: {'line': b'[ 91%] Built target ranger_msgs__rosidl_generator_py\n'}
[0.863177] (ranger_msgs) StdoutLine: {'line': b'Consolidate compiler generated dependencies of target ranger_msgs__rosidl_typesupport_fastrtps_c__pyext\n'}
[0.865019] (ranger_msgs) StdoutLine: {'line': b'Consolidate compiler generated dependencies of target ranger_msgs__rosidl_typesupport_introspection_c__pyext\n'}
[0.865113] (ranger_msgs) StdoutLine: {'line': b'Consolidate compiler generated dependencies of target ranger_msgs__rosidl_typesupport_c__pyext\n'}
[0.870583] (ranger_msgs) StdoutLine: {'line': b'[ 94%] Built target ranger_msgs__rosidl_typesupport_fastrtps_c__pyext\n'}
[0.871765] (ranger_msgs) StdoutLine: {'line': b'[ 97%] Built target ranger_msgs__rosidl_typesupport_introspection_c__pyext\n'}
[0.872205] (ranger_msgs) StdoutLine: {'line': b'[100%] Built target ranger_msgs__rosidl_typesupport_c__pyext\n'}
[0.901204] (-) TimerEvent: {}
[0.911640] (ranger_msgs) StdoutLine: {'line': b'running egg_info\n'}
[0.912022] (ranger_msgs) StdoutLine: {'line': b'writing ranger_msgs.egg-info/PKG-INFO\n'}
[0.912145] (ranger_msgs) StdoutLine: {'line': b'writing dependency_links to ranger_msgs.egg-info/dependency_links.txt\n'}
[0.912285] (ranger_msgs) StdoutLine: {'line': b'writing top-level names to ranger_msgs.egg-info/top_level.txt\n'}
[0.913044] (ranger_msgs) StdoutLine: {'line': b"reading manifest file 'ranger_msgs.egg-info/SOURCES.txt'\n"}
[0.913248] (ranger_msgs) StdoutLine: {'line': b"writing manifest file 'ranger_msgs.egg-info/SOURCES.txt'\n"}
[0.926461] (ranger_msgs) StdoutLine: {'line': b'[100%] Built target ament_cmake_python_build_ranger_msgs_egg\n'}
[0.933473] (ranger_msgs) CommandEnded: {'returncode': 0}
[0.934230] (ranger_msgs) JobProgress: {'identifier': 'ranger_msgs', 'progress': 'install'}
[0.939188] (ranger_msgs) Command: {'cmd': ['/usr/bin/cmake', '--install', '/root/git/ranger_ros2/build/ranger_msgs'], 'cwd': '/root/git/ranger_ros2/build/ranger_msgs', 'env': OrderedDict([('HOSTNAME', 'cona-MS-7D96'), ('SHLVL', '1'), ('LD_LIBRARY_PATH', '/opt/ros/humble/opt/rviz_ogre_vendor/lib:/opt/ros/humble/lib/x86_64-linux-gnu:/opt/ros/humble/lib'), ('HOME', '/root'), ('OLDPWD', '/'), ('ROS_PYTHON_VERSION', '3'), ('ROS_DISTRO', 'humble'), ('_', '/usr/bin/colcon'), ('ROS_VERSION', '2'), ('FLIR_GENTL64_CTI', '/opt/spinnaker/lib/flir-gentl/FLIR_GenTL.cti'), ('ROS_LOCALHOST_ONLY', '0'), ('PATH', '/opt/ros/humble/bin:/opt/spinnaker/bin:/usr/local/sbin:/usr/local/bin:/usr/sbin:/usr/bin:/sbin:/bin'), ('DISPLAY', ':1'), ('LANG', 'C.UTF-8'), ('AMENT_PREFIX_PATH', '/opt/ros/humble'), ('DEBIAN_FRONTEND', 'noninteractive'), ('PWD', '/root/git/ranger_ros2/build/ranger_msgs'), ('LC_ALL', 'C.UTF-8'), ('PYTHONPATH', '/opt/ros/humble/lib/python3.10/site-packages:/opt/ros/humble/local/lib/python3.10/dist-packages'), ('TZ', 'Asia/Seoul'), ('COLCON', '1'), ('CMAKE_PREFIX_PATH', '/opt/ros/humble')]), 'shell': False}
[0.945232] (ranger_msgs) StdoutLine: {'line': b'-- Install configuration: "Release"\n'}
[0.945763] (ranger_msgs) StdoutLine: {'line': b'-- Up-to-date: /root/git/ranger_ros2/install/ranger_msgs/share/ament_index/resource_index/rosidl_interfaces/ranger_msgs\n'}
[0.945959] (ranger_msgs) StdoutLine: {'line': b'-- Up-to-date: /root/git/ranger_ros2/install/ranger_msgs/include/ranger_msgs/ranger_msgs\n'}
[0.946159] (ranger_msgs) StdoutLine: {'line': b'-- Up-to-date: /root/git/ranger_ros2/install/ranger_msgs/include/ranger_msgs/ranger_msgs/msg\n'}
[0.946278] (ranger_msgs) StdoutLine: {'line': b'-- Up-to-date: /root/git/ranger_ros2/install/ranger_msgs/include/ranger_msgs/ranger_msgs/msg/system_state.h\n'}
[0.946368] (ranger_msgs) StdoutLine: {'line': b'-- Up-to-date: /root/git/ranger_ros2/install/ranger_msgs/include/ranger_msgs/ranger_msgs/msg/actuator_state_array.h\n'}
[0.946462] (ranger_msgs) StdoutLine: {'line': b'-- Up-to-date: /root/git/ranger_ros2/install/ranger_msgs/include/ranger_msgs/ranger_msgs/msg/rosidl_generator_c__visibility_control.h\n'}
[0.946548] (ranger_msgs) StdoutLine: {'line': b'-- Up-to-date: /root/git/ranger_ros2/install/ranger_msgs/include/ranger_msgs/ranger_msgs/msg/detail\n'}
[0.946633] (ranger_msgs) StdoutLine: {'line': b'-- Up-to-date: /root/git/ranger_ros2/install/ranger_msgs/include/ranger_msgs/ranger_msgs/msg/detail/driver_state__functions.c\n'}
[0.946717] (ranger_msgs) StdoutLine: {'line': b'-- Up-to-date: /root/git/ranger_ros2/install/ranger_msgs/include/ranger_msgs/ranger_msgs/msg/detail/actuator_state__struct.h\n'}
[0.946810] (ranger_msgs) StdoutLine: {'line': b'-- Up-to-date: /root/git/ranger_ros2/install/ranger_msgs/include/ranger_msgs/ranger_msgs/msg/detail/system_state__functions.c\n'}
[0.947642] (ranger_msgs) StdoutLine: {'line': b'-- Up-to-date: /root/git/ranger_ros2/install/ranger_msgs/include/ranger_msgs/ranger_msgs/msg/detail/motor_state__struct.h\n'}
[0.947919] (ranger_msgs) StdoutLine: {'line': b'-- Up-to-date: /root/git/ranger_ros2/install/ranger_msgs/include/ranger_msgs/ranger_msgs/msg/detail/actuator_state__functions.h\n'}
[0.948039] (ranger_msgs) StdoutLine: {'line': b'-- Up-to-date: /root/git/ranger_ros2/install/ranger_msgs/include/ranger_msgs/ranger_msgs/msg/detail/system_state__struct.h\n'}
[0.948156] (ranger_msgs) StdoutLine: {'line': b'-- Up-to-date: /root/git/ranger_ros2/install/ranger_msgs/include/ranger_msgs/ranger_msgs/msg/detail/motor_state__functions.c\n'}
[0.948286] (ranger_msgs) StdoutLine: {'line': b'-- Up-to-date: /root/git/ranger_ros2/install/ranger_msgs/include/ranger_msgs/ranger_msgs/msg/detail/actuator_state__functions.c\n'}
[0.948453] (ranger_msgs) StdoutLine: {'line': b'-- Up-to-date: /root/git/ranger_ros2/install/ranger_msgs/include/ranger_msgs/ranger_msgs/msg/detail/driver_state__functions.h\n'}
[0.948638] (ranger_msgs) StdoutLine: {'line': b'-- Up-to-date: /root/git/ranger_ros2/install/ranger_msgs/include/ranger_msgs/ranger_msgs/msg/detail/motion_state__struct.h\n'}
[0.948850] (ranger_msgs) StdoutLine: {'line': b'-- Up-to-date: /root/git/ranger_ros2/install/ranger_msgs/include/ranger_msgs/ranger_msgs/msg/detail/actuator_state_array__struct.h\n'}
[0.948928] (ranger_msgs) StdoutLine: {'line': b'-- Up-to-date: /root/git/ranger_ros2/install/ranger_msgs/include/ranger_msgs/ranger_msgs/msg/detail/motion_state__type_support.h\n'}
[0.948997] (ranger_msgs) StdoutLine: {'line': b'-- Up-to-date: /root/git/ranger_ros2/install/ranger_msgs/include/ranger_msgs/ranger_msgs/msg/detail/actuator_state_array__functions.h\n'}
[0.949073] (ranger_msgs) StdoutLine: {'line': b'-- Up-to-date: /root/git/ranger_ros2/install/ranger_msgs/include/ranger_msgs/ranger_msgs/msg/detail/driver_state__type_support.h\n'}
[0.949143] (ranger_msgs) StdoutLine: {'line': b'-- Up-to-date: /root/git/ranger_ros2/install/ranger_msgs/include/ranger_msgs/ranger_msgs/msg/detail/motor_state__type_support.h\n'}
[0.949212] (ranger_msgs) StdoutLine: {'line': b'-- Up-to-date: /root/git/ranger_ros2/install/ranger_msgs/include/ranger_msgs/ranger_msgs/msg/detail/motion_state__functions.h\n'}
[0.949280] (ranger_msgs) StdoutLine: {'line': b'-- Up-to-date: /root/git/ranger_ros2/install/ranger_msgs/include/ranger_msgs/ranger_msgs/msg/detail/motor_state__functions.h\n'}
[0.949348] (ranger_msgs) StdoutLine: {'line': b'-- Up-to-date: /root/git/ranger_ros2/install/ranger_msgs/include/ranger_msgs/ranger_msgs/msg/detail/driver_state__struct.h\n'}
[0.949414] (ranger_msgs) StdoutLine: {'line': b'-- Up-to-date: /root/git/ranger_ros2/install/ranger_msgs/include/ranger_msgs/ranger_msgs/msg/detail/motion_state__functions.c\n'}
[0.949479] (ranger_msgs) StdoutLine: {'line': b'-- Up-to-date: /root/git/ranger_ros2/install/ranger_msgs/include/ranger_msgs/ranger_msgs/msg/detail/actuator_state__type_support.h\n'}
[0.949545] (ranger_msgs) StdoutLine: {'line': b'-- Up-to-date: /root/git/ranger_ros2/install/ranger_msgs/include/ranger_msgs/ranger_msgs/msg/detail/actuator_state_array__type_support.h\n'}
[0.949614] (ranger_msgs) StdoutLine: {'line': b'-- Up-to-date: /root/git/ranger_ros2/install/ranger_msgs/include/ranger_msgs/ranger_msgs/msg/detail/actuator_state_array__functions.c\n'}
[0.949680] (ranger_msgs) StdoutLine: {'line': b'-- Up-to-date: /root/git/ranger_ros2/install/ranger_msgs/include/ranger_msgs/ranger_msgs/msg/detail/system_state__functions.h\n'}
[0.949745] (ranger_msgs) StdoutLine: {'line': b'-- Up-to-date: /root/git/ranger_ros2/install/ranger_msgs/include/ranger_msgs/ranger_msgs/msg/detail/system_state__type_support.h\n'}
[0.949817] (ranger_msgs) StdoutLine: {'line': b'-- Up-to-date: /root/git/ranger_ros2/install/ranger_msgs/include/ranger_msgs/ranger_msgs/msg/driver_state.h\n'}
[0.949887] (ranger_msgs) StdoutLine: {'line': b'-- Up-to-date: /root/git/ranger_ros2/install/ranger_msgs/include/ranger_msgs/ranger_msgs/msg/actuator_state.h\n'}
[0.949952] (ranger_msgs) StdoutLine: {'line': b'-- Up-to-date: /root/git/ranger_ros2/install/ranger_msgs/include/ranger_msgs/ranger_msgs/msg/motion_state.h\n'}
[0.950022] (ranger_msgs) StdoutLine: {'line': b'-- Up-to-date: /root/git/ranger_ros2/install/ranger_msgs/include/ranger_msgs/ranger_msgs/msg/motor_state.h\n'}
[0.950085] (ranger_msgs) StdoutLine: {'line': b'-- Up-to-date: /root/git/ranger_ros2/install/ranger_msgs/share/ranger_msgs/environment/library_path.sh\n'}
[0.950148] (ranger_msgs) StdoutLine: {'line': b'-- Installing: /root/git/ranger_ros2/install/ranger_msgs/share/ranger_msgs/environment/library_path.dsv\n'}
[0.950212] (ranger_msgs) StdoutLine: {'line': b'-- Up-to-date: /root/git/ranger_ros2/install/ranger_msgs/lib/libranger_msgs__rosidl_generator_c.so\n'}
[0.950277] (ranger_msgs) StdoutLine: {'line': b'-- Up-to-date: /root/git/ranger_ros2/install/ranger_msgs/include/ranger_msgs/ranger_msgs\n'}
[0.950342] (ranger_msgs) StdoutLine: {'line': b'-- Up-to-date: /root/git/ranger_ros2/install/ranger_msgs/include/ranger_msgs/ranger_msgs/msg\n'}
[0.950405] (ranger_msgs) StdoutLine: {'line': b'-- Up-to-date: /root/git/ranger_ros2/install/ranger_msgs/include/ranger_msgs/ranger_msgs/msg/rosidl_typesupport_fastrtps_c__visibility_control.h\n'}
[0.950469] (ranger_msgs) StdoutLine: {'line': b'-- Up-to-date: /root/git/ranger_ros2/install/ranger_msgs/include/ranger_msgs/ranger_msgs/msg/detail\n'}
[0.950532] (ranger_msgs) StdoutLine: {'line': b'-- Up-to-date: /root/git/ranger_ros2/install/ranger_msgs/include/ranger_msgs/ranger_msgs/msg/detail/actuator_state_array__rosidl_typesupport_fastrtps_c.h\n'}
[0.950597] (ranger_msgs) StdoutLine: {'line': b'-- Up-to-date: /root/git/ranger_ros2/install/ranger_msgs/include/ranger_msgs/ranger_msgs/msg/detail/motion_state__rosidl_typesupport_fastrtps_c.h\n'}
[0.950660] (ranger_msgs) StdoutLine: {'line': b'-- Up-to-date: /root/git/ranger_ros2/install/ranger_msgs/include/ranger_msgs/ranger_msgs/msg/detail/actuator_state__rosidl_typesupport_fastrtps_c.h\n'}
[0.950725] (ranger_msgs) StdoutLine: {'line': b'-- Up-to-date: /root/git/ranger_ros2/install/ranger_msgs/include/ranger_msgs/ranger_msgs/msg/detail/system_state__rosidl_typesupport_fastrtps_c.h\n'}
[0.950791] (ranger_msgs) StdoutLine: {'line': b'-- Up-to-date: /root/git/ranger_ros2/install/ranger_msgs/include/ranger_msgs/ranger_msgs/msg/detail/motor_state__rosidl_typesupport_fastrtps_c.h\n'}
[0.950870] (ranger_msgs) StdoutLine: {'line': b'-- Up-to-date: /root/git/ranger_ros2/install/ranger_msgs/include/ranger_msgs/ranger_msgs/msg/detail/driver_state__rosidl_typesupport_fastrtps_c.h\n'}
[0.950936] (ranger_msgs) StdoutLine: {'line': b'-- Up-to-date: /root/git/ranger_ros2/install/ranger_msgs/lib/libranger_msgs__rosidl_typesupport_fastrtps_c.so\n'}
[0.951002] (ranger_msgs) StdoutLine: {'line': b'-- Up-to-date: /root/git/ranger_ros2/install/ranger_msgs/include/ranger_msgs/ranger_msgs\n'}
[0.951071] (ranger_msgs) StdoutLine: {'line': b'-- Up-to-date: /root/git/ranger_ros2/install/ranger_msgs/include/ranger_msgs/ranger_msgs/msg\n'}
[0.951143] (ranger_msgs) StdoutLine: {'line': b'-- Up-to-date: /root/git/ranger_ros2/install/ranger_msgs/include/ranger_msgs/ranger_msgs/msg/system_state.hpp\n'}
[0.951215] (ranger_msgs) StdoutLine: {'line': b'-- Up-to-date: /root/git/ranger_ros2/install/ranger_msgs/include/ranger_msgs/ranger_msgs/msg/motor_state.hpp\n'}
[0.951284] (ranger_msgs) StdoutLine: {'line': b'-- Up-to-date: /root/git/ranger_ros2/install/ranger_msgs/include/ranger_msgs/ranger_msgs/msg/actuator_state.hpp\n'}
[0.951353] (ranger_msgs) StdoutLine: {'line': b'-- Up-to-date: /root/git/ranger_ros2/install/ranger_msgs/include/ranger_msgs/ranger_msgs/msg/motion_state.hpp\n'}
[0.951421] (ranger_msgs) StdoutLine: {'line': b'-- Up-to-date: /root/git/ranger_ros2/install/ranger_msgs/include/ranger_msgs/ranger_msgs/msg/actuator_state_array.hpp\n'}
[0.951489] (ranger_msgs) StdoutLine: {'line': b'-- Up-to-date: /root/git/ranger_ros2/install/ranger_msgs/include/ranger_msgs/ranger_msgs/msg/rosidl_generator_cpp__visibility_control.hpp\n'}
[0.951558] (ranger_msgs) StdoutLine: {'line': b'-- Up-to-date: /root/git/ranger_ros2/install/ranger_msgs/include/ranger_msgs/ranger_msgs/msg/detail\n'}
[0.951627] (ranger_msgs) StdoutLine: {'line': b'-- Up-to-date: /root/git/ranger_ros2/install/ranger_msgs/include/ranger_msgs/ranger_msgs/msg/detail/actuator_state_array__struct.hpp\n'}
[0.951696] (ranger_msgs) StdoutLine: {'line': b'-- Up-to-date: /root/git/ranger_ros2/install/ranger_msgs/include/ranger_msgs/ranger_msgs/msg/detail/motor_state__type_support.hpp\n'}
[0.951765] (ranger_msgs) StdoutLine: {'line': b'-- Up-to-date: /root/git/ranger_ros2/install/ranger_msgs/include/ranger_msgs/ranger_msgs/msg/detail/motor_state__traits.hpp\n'}
[0.951844] (ranger_msgs) StdoutLine: {'line': b'-- Up-to-date: /root/git/ranger_ros2/install/ranger_msgs/include/ranger_msgs/ranger_msgs/msg/detail/actuator_state_array__builder.hpp\n'}
[0.951919] (ranger_msgs) StdoutLine: {'line': b'-- Up-to-date: /root/git/ranger_ros2/install/ranger_msgs/include/ranger_msgs/ranger_msgs/msg/detail/motion_state__traits.hpp\n'}
[0.951995] (ranger_msgs) StdoutLine: {'line': b'-- Up-to-date: /root/git/ranger_ros2/install/ranger_msgs/include/ranger_msgs/ranger_msgs/msg/detail/system_state__traits.hpp\n'}
[0.952068] (ranger_msgs) StdoutLine: {'line': b'-- Up-to-date: /root/git/ranger_ros2/install/ranger_msgs/include/ranger_msgs/ranger_msgs/msg/detail/system_state__builder.hpp\n'}
[0.952142] (ranger_msgs) StdoutLine: {'line': b'-- Up-to-date: /root/git/ranger_ros2/install/ranger_msgs/include/ranger_msgs/ranger_msgs/msg/detail/actuator_state__struct.hpp\n'}
[0.952216] (ranger_msgs) StdoutLine: {'line': b'-- Up-to-date: /root/git/ranger_ros2/install/ranger_msgs/include/ranger_msgs/ranger_msgs/msg/detail/motor_state__builder.hpp\n'}
[0.952288] (ranger_msgs) StdoutLine: {'line': b'-- Up-to-date: /root/git/ranger_ros2/install/ranger_msgs/include/ranger_msgs/ranger_msgs/msg/detail/driver_state__struct.hpp\n'}
[0.952384] (ranger_msgs) StdoutLine: {'line': b'-- Up-to-date: /root/git/ranger_ros2/install/ranger_msgs/include/ranger_msgs/ranger_msgs/msg/detail/motor_state__struct.hpp\n'}
[0.952458] (ranger_msgs) StdoutLine: {'line': b'-- Up-to-date: /root/git/ranger_ros2/install/ranger_msgs/include/ranger_msgs/ranger_msgs/msg/detail/driver_state__traits.hpp\n'}
[0.952532] (ranger_msgs) StdoutLine: {'line': b'-- Up-to-date: /root/git/ranger_ros2/install/ranger_msgs/include/ranger_msgs/ranger_msgs/msg/detail/driver_state__type_support.hpp\n'}
[0.952607] (ranger_msgs) StdoutLine: {'line': b'-- Up-to-date: /root/git/ranger_ros2/install/ranger_msgs/include/ranger_msgs/ranger_msgs/msg/detail/actuator_state__type_support.hpp\n'}
[0.952681] (ranger_msgs) StdoutLine: {'line': b'-- Up-to-date: /root/git/ranger_ros2/install/ranger_msgs/include/ranger_msgs/ranger_msgs/msg/detail/actuator_state__traits.hpp\n'}
[0.952759] (ranger_msgs) StdoutLine: {'line': b'-- Up-to-date: /root/git/ranger_ros2/install/ranger_msgs/include/ranger_msgs/ranger_msgs/msg/detail/motion_state__type_support.hpp\n'}
[0.952846] (ranger_msgs) StdoutLine: {'line': b'-- Up-to-date: /root/git/ranger_ros2/install/ranger_msgs/include/ranger_msgs/ranger_msgs/msg/detail/motion_state__struct.hpp\n'}
[0.952935] (ranger_msgs) StdoutLine: {'line': b'-- Up-to-date: /root/git/ranger_ros2/install/ranger_msgs/include/ranger_msgs/ranger_msgs/msg/detail/system_state__struct.hpp\n'}
[0.953013] (ranger_msgs) StdoutLine: {'line': b'-- Up-to-date: /root/git/ranger_ros2/install/ranger_msgs/include/ranger_msgs/ranger_msgs/msg/detail/actuator_state_array__type_support.hpp\n'}
[0.953091] (ranger_msgs) StdoutLine: {'line': b'-- Up-to-date: /root/git/ranger_ros2/install/ranger_msgs/include/ranger_msgs/ranger_msgs/msg/detail/motion_state__builder.hpp\n'}
[0.953168] (ranger_msgs) StdoutLine: {'line': b'-- Up-to-date: /root/git/ranger_ros2/install/ranger_msgs/include/ranger_msgs/ranger_msgs/msg/detail/actuator_state__builder.hpp\n'}
[0.953246] (ranger_msgs) StdoutLine: {'line': b'-- Up-to-date: /root/git/ranger_ros2/install/ranger_msgs/include/ranger_msgs/ranger_msgs/msg/detail/system_state__type_support.hpp\n'}
[0.953326] (ranger_msgs) StdoutLine: {'line': b'-- Up-to-date: /root/git/ranger_ros2/install/ranger_msgs/include/ranger_msgs/ranger_msgs/msg/detail/actuator_state_array__traits.hpp\n'}
[0.953407] (ranger_msgs) StdoutLine: {'line': b'-- Up-to-date: /root/git/ranger_ros2/install/ranger_msgs/include/ranger_msgs/ranger_msgs/msg/detail/driver_state__builder.hpp\n'}
[0.953493] (ranger_msgs) StdoutLine: {'line': b'-- Up-to-date: /root/git/ranger_ros2/install/ranger_msgs/include/ranger_msgs/ranger_msgs/msg/driver_state.hpp\n'}
[0.953574] (ranger_msgs) StdoutLine: {'line': b'-- Up-to-date: /root/git/ranger_ros2/install/ranger_msgs/include/ranger_msgs/ranger_msgs\n'}
[0.953655] (ranger_msgs) StdoutLine: {'line': b'-- Up-to-date: /root/git/ranger_ros2/install/ranger_msgs/include/ranger_msgs/ranger_msgs/msg\n'}
[0.953737] (ranger_msgs) StdoutLine: {'line': b'-- Up-to-date: /root/git/ranger_ros2/install/ranger_msgs/include/ranger_msgs/ranger_msgs/msg/rosidl_typesupport_fastrtps_cpp__visibility_control.h\n'}
[0.953826] (ranger_msgs) StdoutLine: {'line': b'-- Up-to-date: /root/git/ranger_ros2/install/ranger_msgs/include/ranger_msgs/ranger_msgs/msg/detail\n'}
[0.953912] (ranger_msgs) StdoutLine: {'line': b'-- Up-to-date: /root/git/ranger_ros2/install/ranger_msgs/include/ranger_msgs/ranger_msgs/msg/detail/dds_fastrtps\n'}
[0.953998] (ranger_msgs) StdoutLine: {'line': b'-- Up-to-date: /root/git/ranger_ros2/install/ranger_msgs/include/ranger_msgs/ranger_msgs/msg/detail/motor_state__rosidl_typesupport_fastrtps_cpp.hpp\n'}
[0.954087] (ranger_msgs) StdoutLine: {'line': b'-- Up-to-date: /root/git/ranger_ros2/install/ranger_msgs/include/ranger_msgs/ranger_msgs/msg/detail/driver_state__rosidl_typesupport_fastrtps_cpp.hpp\n'}
[0.954175] (ranger_msgs) StdoutLine: {'line': b'-- Up-to-date: /root/git/ranger_ros2/install/ranger_msgs/include/ranger_msgs/ranger_msgs/msg/detail/system_state__rosidl_typesupport_fastrtps_cpp.hpp\n'}
[0.954265] (ranger_msgs) StdoutLine: {'line': b'-- Up-to-date: /root/git/ranger_ros2/install/ranger_msgs/include/ranger_msgs/ranger_msgs/msg/detail/actuator_state_array__rosidl_typesupport_fastrtps_cpp.hpp\n'}
[0.954354] (ranger_msgs) StdoutLine: {'line': b'-- Up-to-date: /root/git/ranger_ros2/install/ranger_msgs/include/ranger_msgs/ranger_msgs/msg/detail/motion_state__rosidl_typesupport_fastrtps_cpp.hpp\n'}
[0.954442] (ranger_msgs) StdoutLine: {'line': b'-- Up-to-date: /root/git/ranger_ros2/install/ranger_msgs/include/ranger_msgs/ranger_msgs/msg/detail/actuator_state__rosidl_typesupport_fastrtps_cpp.hpp\n'}
[0.954531] (ranger_msgs) StdoutLine: {'line': b'-- Up-to-date: /root/git/ranger_ros2/install/ranger_msgs/lib/libranger_msgs__rosidl_typesupport_fastrtps_cpp.so\n'}
[0.954619] (ranger_msgs) StdoutLine: {'line': b'-- Up-to-date: /root/git/ranger_ros2/install/ranger_msgs/include/ranger_msgs/ranger_msgs\n'}
[0.954707] (ranger_msgs) StdoutLine: {'line': b'-- Up-to-date: /root/git/ranger_ros2/install/ranger_msgs/include/ranger_msgs/ranger_msgs/msg\n'}
[0.954802] (ranger_msgs) StdoutLine: {'line': b'-- Up-to-date: /root/git/ranger_ros2/install/ranger_msgs/include/ranger_msgs/ranger_msgs/msg/rosidl_typesupport_introspection_c__visibility_control.h\n'}
[0.954905] (ranger_msgs) StdoutLine: {'line': b'-- Up-to-date: /root/git/ranger_ros2/install/ranger_msgs/include/ranger_msgs/ranger_msgs/msg/detail\n'}
[0.954994] (ranger_msgs) StdoutLine: {'line': b'-- Up-to-date: /root/git/ranger_ros2/install/ranger_msgs/include/ranger_msgs/ranger_msgs/msg/detail/system_state__rosidl_typesupport_introspection_c.h\n'}
[0.955083] (ranger_msgs) StdoutLine: {'line': b'-- Up-to-date: /root/git/ranger_ros2/install/ranger_msgs/include/ranger_msgs/ranger_msgs/msg/detail/actuator_state__type_support.c\n'}
[0.955183] (ranger_msgs) StdoutLine: {'line': b'-- Up-to-date: /root/git/ranger_ros2/install/ranger_msgs/include/ranger_msgs/ranger_msgs/msg/detail/driver_state__type_support.c\n'}
[0.955277] (ranger_msgs) StdoutLine: {'line': b'-- Up-to-date: /root/git/ranger_ros2/install/ranger_msgs/include/ranger_msgs/ranger_msgs/msg/detail/system_state__type_support.c\n'}
[0.955370] (ranger_msgs) StdoutLine: {'line': b'-- Up-to-date: /root/git/ranger_ros2/install/ranger_msgs/include/ranger_msgs/ranger_msgs/msg/detail/driver_state__rosidl_typesupport_introspection_c.h\n'}
[0.955467] (ranger_msgs) StdoutLine: {'line': b'-- Up-to-date: /root/git/ranger_ros2/install/ranger_msgs/include/ranger_msgs/ranger_msgs/msg/detail/motor_state__type_support.c\n'}
[0.955566] (ranger_msgs) StdoutLine: {'line': b'-- Up-to-date: /root/git/ranger_ros2/install/ranger_msgs/include/ranger_msgs/ranger_msgs/msg/detail/actuator_state_array__rosidl_typesupport_introspection_c.h\n'}
[0.955665] (ranger_msgs) StdoutLine: {'line': b'-- Up-to-date: /root/git/ranger_ros2/install/ranger_msgs/include/ranger_msgs/ranger_msgs/msg/detail/motor_state__rosidl_typesupport_introspection_c.h\n'}
[0.955764] (ranger_msgs) StdoutLine: {'line': b'-- Up-to-date: /root/git/ranger_ros2/install/ranger_msgs/include/ranger_msgs/ranger_msgs/msg/detail/motion_state__rosidl_typesupport_introspection_c.h\n'}
[0.955929] (ranger_msgs) StdoutLine: {'line': b'-- Up-to-date: /root/git/ranger_ros2/install/ranger_msgs/include/ranger_msgs/ranger_msgs/msg/detail/actuator_state__rosidl_typesupport_introspection_c.h\n'}
[0.956004] (ranger_msgs) StdoutLine: {'line': b'-- Up-to-date: /root/git/ranger_ros2/install/ranger_msgs/include/ranger_msgs/ranger_msgs/msg/detail/actuator_state_array__type_support.c\n'}
[0.956054] (ranger_msgs) StdoutLine: {'line': b'-- Up-to-date: /root/git/ranger_ros2/install/ranger_msgs/include/ranger_msgs/ranger_msgs/msg/detail/motion_state__type_support.c\n'}
[0.956107] (ranger_msgs) StdoutLine: {'line': b'-- Up-to-date: /root/git/ranger_ros2/install/ranger_msgs/lib/libranger_msgs__rosidl_typesupport_introspection_c.so\n'}
[0.956152] (ranger_msgs) StdoutLine: {'line': b'-- Up-to-date: /root/git/ranger_ros2/install/ranger_msgs/lib/libranger_msgs__rosidl_typesupport_c.so\n'}
[0.956197] (ranger_msgs) StdoutLine: {'line': b'-- Up-to-date: /root/git/ranger_ros2/install/ranger_msgs/include/ranger_msgs/ranger_msgs\n'}
[0.956239] (ranger_msgs) StdoutLine: {'line': b'-- Up-to-date: /root/git/ranger_ros2/install/ranger_msgs/include/ranger_msgs/ranger_msgs/msg\n'}
[0.956280] (ranger_msgs) StdoutLine: {'line': b'-- Up-to-date: /root/git/ranger_ros2/install/ranger_msgs/include/ranger_msgs/ranger_msgs/msg/detail\n'}
[0.956320] (ranger_msgs) StdoutLine: {'line': b'-- Up-to-date: /root/git/ranger_ros2/install/ranger_msgs/include/ranger_msgs/ranger_msgs/msg/detail/motion_state__rosidl_typesupport_introspection_cpp.hpp\n'}
[0.956361] (ranger_msgs) StdoutLine: {'line': b'-- Up-to-date: /root/git/ranger_ros2/install/ranger_msgs/include/ranger_msgs/ranger_msgs/msg/detail/driver_state__rosidl_typesupport_introspection_cpp.hpp\n'}
[0.956400] (ranger_msgs) StdoutLine: {'line': b'-- Up-to-date: /root/git/ranger_ros2/install/ranger_msgs/include/ranger_msgs/ranger_msgs/msg/detail/motor_state__type_support.cpp\n'}
[0.956453] (ranger_msgs) StdoutLine: {'line': b'-- Up-to-date: /root/git/ranger_ros2/install/ranger_msgs/include/ranger_msgs/ranger_msgs/msg/detail/actuator_state__type_support.cpp\n'}
[0.956513] (ranger_msgs) StdoutLine: {'line': b'-- Up-to-date: /root/git/ranger_ros2/install/ranger_msgs/include/ranger_msgs/ranger_msgs/msg/detail/actuator_state_array__rosidl_typesupport_introspection_cpp.hpp\n'}
[0.956574] (ranger_msgs) StdoutLine: {'line': b'-- Up-to-date: /root/git/ranger_ros2/install/ranger_msgs/include/ranger_msgs/ranger_msgs/msg/detail/motor_state__rosidl_typesupport_introspection_cpp.hpp\n'}
[0.956616] (ranger_msgs) StdoutLine: {'line': b'-- Up-to-date: /root/git/ranger_ros2/install/ranger_msgs/include/ranger_msgs/ranger_msgs/msg/detail/driver_state__type_support.cpp\n'}
[0.956656] (ranger_msgs) StdoutLine: {'line': b'-- Up-to-date: /root/git/ranger_ros2/install/ranger_msgs/include/ranger_msgs/ranger_msgs/msg/detail/actuator_state__rosidl_typesupport_introspection_cpp.hpp\n'}
[0.956695] (ranger_msgs) StdoutLine: {'line': b'-- Up-to-date: /root/git/ranger_ros2/install/ranger_msgs/include/ranger_msgs/ranger_msgs/msg/detail/actuator_state_array__type_support.cpp\n'}
[0.956734] (ranger_msgs) StdoutLine: {'line': b'-- Up-to-date: /root/git/ranger_ros2/install/ranger_msgs/include/ranger_msgs/ranger_msgs/msg/detail/system_state__rosidl_typesupport_introspection_cpp.hpp\n'}
[0.956772] (ranger_msgs) StdoutLine: {'line': b'-- Up-to-date: /root/git/ranger_ros2/install/ranger_msgs/include/ranger_msgs/ranger_msgs/msg/detail/motion_state__type_support.cpp\n'}
[0.956819] (ranger_msgs) StdoutLine: {'line': b'-- Up-to-date: /root/git/ranger_ros2/install/ranger_msgs/include/ranger_msgs/ranger_msgs/msg/detail/system_state__type_support.cpp\n'}
[0.956859] (ranger_msgs) StdoutLine: {'line': b'-- Up-to-date: /root/git/ranger_ros2/install/ranger_msgs/lib/libranger_msgs__rosidl_typesupport_introspection_cpp.so\n'}
[0.956898] (ranger_msgs) StdoutLine: {'line': b'-- Up-to-date: /root/git/ranger_ros2/install/ranger_msgs/lib/libranger_msgs__rosidl_typesupport_cpp.so\n'}
[0.956938] (ranger_msgs) StdoutLine: {'line': b'-- Up-to-date: /root/git/ranger_ros2/install/ranger_msgs/share/ranger_msgs/environment/pythonpath.sh\n'}
[0.956976] (ranger_msgs) StdoutLine: {'line': b'-- Installing: /root/git/ranger_ros2/install/ranger_msgs/share/ranger_msgs/environment/pythonpath.dsv\n'}
[0.957018] (ranger_msgs) StdoutLine: {'line': b'-- Up-to-date: /root/git/ranger_ros2/install/ranger_msgs/local/lib/python3.10/dist-packages/ranger_msgs-0.0.1-py3.10.egg-info\n'}
[0.957056] (ranger_msgs) StdoutLine: {'line': b'-- Installing: /root/git/ranger_ros2/install/ranger_msgs/local/lib/python3.10/dist-packages/ranger_msgs-0.0.1-py3.10.egg-info/dependency_links.txt\n'}
[0.957095] (ranger_msgs) StdoutLine: {'line': b'-- Installing: /root/git/ranger_ros2/install/ranger_msgs/local/lib/python3.10/dist-packages/ranger_msgs-0.0.1-py3.10.egg-info/PKG-INFO\n'}
[0.957132] (ranger_msgs) StdoutLine: {'line': b'-- Installing: /root/git/ranger_ros2/install/ranger_msgs/local/lib/python3.10/dist-packages/ranger_msgs-0.0.1-py3.10.egg-info/top_level.txt\n'}
[0.957170] (ranger_msgs) StdoutLine: {'line': b'-- Installing: /root/git/ranger_ros2/install/ranger_msgs/local/lib/python3.10/dist-packages/ranger_msgs-0.0.1-py3.10.egg-info/SOURCES.txt\n'}
[0.957209] (ranger_msgs) StdoutLine: {'line': b'-- Up-to-date: /root/git/ranger_ros2/install/ranger_msgs/local/lib/python3.10/dist-packages/ranger_msgs\n'}
[0.957249] (ranger_msgs) StdoutLine: {'line': b'-- Up-to-date: /root/git/ranger_ros2/install/ranger_msgs/local/lib/python3.10/dist-packages/ranger_msgs/libranger_msgs__rosidl_generator_py.so\n'}
[0.957288] (ranger_msgs) StdoutLine: {'line': b'-- Up-to-date: /root/git/ranger_ros2/install/ranger_msgs/local/lib/python3.10/dist-packages/ranger_msgs/_ranger_msgs_s.ep.rosidl_typesupport_c.c\n'}
[0.957328] (ranger_msgs) StdoutLine: {'line': b'-- Up-to-date: /root/git/ranger_ros2/install/ranger_msgs/local/lib/python3.10/dist-packages/ranger_msgs/ranger_msgs_s__rosidl_typesupport_c.cpython-310-x86_64-linux-gnu.so\n'}
[0.957370] (ranger_msgs) StdoutLine: {'line': b'-- Up-to-date: /root/git/ranger_ros2/install/ranger_msgs/local/lib/python3.10/dist-packages/ranger_msgs/msg\n'}
[0.957412] (ranger_msgs) StdoutLine: {'line': b'-- Up-to-date: /root/git/ranger_ros2/install/ranger_msgs/local/lib/python3.10/dist-packages/ranger_msgs/msg/_motor_state.py\n'}
[0.957452] (ranger_msgs) StdoutLine: {'line': b'-- Up-to-date: /root/git/ranger_ros2/install/ranger_msgs/local/lib/python3.10/dist-packages/ranger_msgs/msg/_actuator_state.py\n'}
[0.957491] (ranger_msgs) StdoutLine: {'line': b'-- Up-to-date: /root/git/ranger_ros2/install/ranger_msgs/local/lib/python3.10/dist-packages/ranger_msgs/msg/_driver_state.py\n'}
[0.957531] (ranger_msgs) StdoutLine: {'line': b'-- Up-to-date: /root/git/ranger_ros2/install/ranger_msgs/local/lib/python3.10/dist-packages/ranger_msgs/msg/_system_state.py\n'}
[0.957570] (ranger_msgs) StdoutLine: {'line': b'-- Up-to-date: /root/git/ranger_ros2/install/ranger_msgs/local/lib/python3.10/dist-packages/ranger_msgs/msg/_actuator_state_array_s.c\n'}
[0.957609] (ranger_msgs) StdoutLine: {'line': b'-- Up-to-date: /root/git/ranger_ros2/install/ranger_msgs/local/lib/python3.10/dist-packages/ranger_msgs/msg/_motor_state_s.c\n'}
[0.957648] (ranger_msgs) StdoutLine: {'line': b'-- Up-to-date: /root/git/ranger_ros2/install/ranger_msgs/local/lib/python3.10/dist-packages/ranger_msgs/msg/_actuator_state_s.c\n'}
[0.957688] (ranger_msgs) StdoutLine: {'line': b'-- Up-to-date: /root/git/ranger_ros2/install/ranger_msgs/local/lib/python3.10/dist-packages/ranger_msgs/msg/_system_state_s.c\n'}
[0.957727] (ranger_msgs) StdoutLine: {'line': b'-- Up-to-date: /root/git/ranger_ros2/install/ranger_msgs/local/lib/python3.10/dist-packages/ranger_msgs/msg/_motion_state_s.c\n'}
[0.957766] (ranger_msgs) StdoutLine: {'line': b'-- Up-to-date: /root/git/ranger_ros2/install/ranger_msgs/local/lib/python3.10/dist-packages/ranger_msgs/msg/_actuator_state_array.py\n'}
[0.957810] (ranger_msgs) StdoutLine: {'line': b'-- Up-to-date: /root/git/ranger_ros2/install/ranger_msgs/local/lib/python3.10/dist-packages/ranger_msgs/msg/_motion_state.py\n'}
[0.957854] (ranger_msgs) StdoutLine: {'line': b'-- Up-to-date: /root/git/ranger_ros2/install/ranger_msgs/local/lib/python3.10/dist-packages/ranger_msgs/msg/_driver_state_s.c\n'}
[0.957894] (ranger_msgs) StdoutLine: {'line': b'-- Up-to-date: /root/git/ranger_ros2/install/ranger_msgs/local/lib/python3.10/dist-packages/ranger_msgs/msg/__init__.py\n'}
[0.957934] (ranger_msgs) StdoutLine: {'line': b'-- Up-to-date: /root/git/ranger_ros2/install/ranger_msgs/local/lib/python3.10/dist-packages/ranger_msgs/_ranger_msgs_s.ep.rosidl_typesupport_introspection_c.c\n'}
[0.957975] (ranger_msgs) StdoutLine: {'line': b'-- Up-to-date: /root/git/ranger_ros2/install/ranger_msgs/local/lib/python3.10/dist-packages/ranger_msgs/_ranger_msgs_s.ep.rosidl_typesupport_fastrtps_c.c\n'}
[0.958018] (ranger_msgs) StdoutLine: {'line': b'-- Up-to-date: /root/git/ranger_ros2/install/ranger_msgs/local/lib/python3.10/dist-packages/ranger_msgs/ranger_msgs_s__rosidl_typesupport_introspection_c.cpython-310-x86_64-linux-gnu.so\n'}
[0.958061] (ranger_msgs) StdoutLine: {'line': b'-- Installing: /root/git/ranger_ros2/install/ranger_msgs/local/lib/python3.10/dist-packages/ranger_msgs/__init__.py\n'}
[0.958105] (ranger_msgs) StdoutLine: {'line': b'-- Up-to-date: /root/git/ranger_ros2/install/ranger_msgs/local/lib/python3.10/dist-packages/ranger_msgs/ranger_msgs_s__rosidl_typesupport_fastrtps_c.cpython-310-x86_64-linux-gnu.so\n'}
[0.973769] (ranger_msgs) StdoutLine: {'line': b"Listing '/root/git/ranger_ros2/install/ranger_msgs/local/lib/python3.10/dist-packages/ranger_msgs'...\n"}
[0.973839] (ranger_msgs) StdoutLine: {'line': b"Compiling '/root/git/ranger_ros2/install/ranger_msgs/local/lib/python3.10/dist-packages/ranger_msgs/__init__.py'...\n"}
[0.973879] (ranger_msgs) StdoutLine: {'line': b"Listing '/root/git/ranger_ros2/install/ranger_msgs/local/lib/python3.10/dist-packages/ranger_msgs/msg'...\n"}
[0.977576] (ranger_msgs) StdoutLine: {'line': b'-- Up-to-date: /root/git/ranger_ros2/install/ranger_msgs/local/lib/python3.10/dist-packages/ranger_msgs/ranger_msgs_s__rosidl_typesupport_fastrtps_c.cpython-310-x86_64-linux-gnu.so\n'}
[0.977875] (ranger_msgs) StdoutLine: {'line': b'-- Up-to-date: /root/git/ranger_ros2/install/ranger_msgs/local/lib/python3.10/dist-packages/ranger_msgs/ranger_msgs_s__rosidl_typesupport_introspection_c.cpython-310-x86_64-linux-gnu.so\n'}
[0.978004] (ranger_msgs) StdoutLine: {'line': b'-- Up-to-date: /root/git/ranger_ros2/install/ranger_msgs/local/lib/python3.10/dist-packages/ranger_msgs/ranger_msgs_s__rosidl_typesupport_c.cpython-310-x86_64-linux-gnu.so\n'}
[0.978376] (ranger_msgs) StdoutLine: {'line': b'-- Up-to-date: /root/git/ranger_ros2/install/ranger_msgs/lib/libranger_msgs__rosidl_generator_py.so\n'}
[0.978650] (ranger_msgs) StdoutLine: {'line': b'-- Up-to-date: /root/git/ranger_ros2/install/ranger_msgs/share/ament_index/resource_index/rust_packages/ranger_msgs\n'}
[0.978816] (ranger_msgs) StdoutLine: {'line': b'-- Up-to-date: /root/git/ranger_ros2/install/ranger_msgs/share/ranger_msgs/rust\n'}
[0.978991] (ranger_msgs) StdoutLine: {'line': b'-- Up-to-date: /root/git/ranger_ros2/install/ranger_msgs/share/ranger_msgs/rust/build.rs\n'}
[0.979205] (ranger_msgs) StdoutLine: {'line': b'-- Up-to-date: /root/git/ranger_ros2/install/ranger_msgs/share/ranger_msgs/rust/Cargo.toml\n'}
[0.979369] (ranger_msgs) StdoutLine: {'line': b'-- Up-to-date: /root/git/ranger_ros2/install/ranger_msgs/share/ranger_msgs/rust/src\n'}
[0.979528] (ranger_msgs) StdoutLine: {'line': b'-- Up-to-date: /root/git/ranger_ros2/install/ranger_msgs/share/ranger_msgs/rust/src/msg.rs\n'}
[0.979746] (ranger_msgs) StdoutLine: {'line': b'-- Up-to-date: /root/git/ranger_ros2/install/ranger_msgs/share/ranger_msgs/rust/src/msg\n'}
[0.979896] (ranger_msgs) StdoutLine: {'line': b'-- Up-to-date: /root/git/ranger_ros2/install/ranger_msgs/share/ranger_msgs/rust/src/msg/rmw.rs\n'}
[0.979983] (ranger_msgs) StdoutLine: {'line': b'-- Up-to-date: /root/git/ranger_ros2/install/ranger_msgs/share/ranger_msgs/rust/src/lib.rs\n'}
[0.980067] (ranger_msgs) StdoutLine: {'line': b'-- Up-to-date: /root/git/ranger_ros2/install/ranger_msgs/share/ranger_msgs/msg/ActuatorState.idl\n'}
[0.980152] (ranger_msgs) StdoutLine: {'line': b'-- Up-to-date: /root/git/ranger_ros2/install/ranger_msgs/share/ranger_msgs/msg/ActuatorStateArray.idl\n'}
[0.980238] (ranger_msgs) StdoutLine: {'line': b'-- Up-to-date: /root/git/ranger_ros2/install/ranger_msgs/share/ranger_msgs/msg/DriverState.idl\n'}
[0.980325] (ranger_msgs) StdoutLine: {'line': b'-- Up-to-date: /root/git/ranger_ros2/install/ranger_msgs/share/ranger_msgs/msg/MotionState.idl\n'}
[0.980411] (ranger_msgs) StdoutLine: {'line': b'-- Up-to-date: /root/git/ranger_ros2/install/ranger_msgs/share/ranger_msgs/msg/MotorState.idl\n'}
[0.980497] (ranger_msgs) StdoutLine: {'line': b'-- Up-to-date: /root/git/ranger_ros2/install/ranger_msgs/share/ranger_msgs/msg/SystemState.idl\n'}
[0.980583] (ranger_msgs) StdoutLine: {'line': b'-- Up-to-date: /root/git/ranger_ros2/install/ranger_msgs/share/ranger_msgs/msg/ActuatorState.msg\n'}
[0.980669] (ranger_msgs) StdoutLine: {'line': b'-- Up-to-date: /root/git/ranger_ros2/install/ranger_msgs/share/ranger_msgs/msg/ActuatorStateArray.msg\n'}
[0.980756] (ranger_msgs) StdoutLine: {'line': b'-- Up-to-date: /root/git/ranger_ros2/install/ranger_msgs/share/ranger_msgs/msg/DriverState.msg\n'}
[0.980903] (ranger_msgs) StdoutLine: {'line': b'-- Up-to-date: /root/git/ranger_ros2/install/ranger_msgs/share/ranger_msgs/msg/MotionState.msg\n'}
[0.980972] (ranger_msgs) StdoutLine: {'line': b'-- Up-to-date: /root/git/ranger_ros2/install/ranger_msgs/share/ranger_msgs/msg/MotorState.msg\n'}
[0.981022] (ranger_msgs) StdoutLine: {'line': b'-- Up-to-date: /root/git/ranger_ros2/install/ranger_msgs/share/ranger_msgs/msg/SystemState.msg\n'}
[0.981069] (ranger_msgs) StdoutLine: {'line': b'-- Up-to-date: /root/git/ranger_ros2/install/ranger_msgs/share/ament_index/resource_index/package_run_dependencies/ranger_msgs\n'}
[0.981112] (ranger_msgs) StdoutLine: {'line': b'-- Up-to-date: /root/git/ranger_ros2/install/ranger_msgs/share/ament_index/resource_index/parent_prefix_path/ranger_msgs\n'}
[0.981267] (ranger_msgs) StdoutLine: {'line': b'-- Up-to-date: /root/git/ranger_ros2/install/ranger_msgs/share/ranger_msgs/environment/ament_prefix_path.sh\n'}
[0.981367] (ranger_msgs) StdoutLine: {'line': b'-- Installing: /root/git/ranger_ros2/install/ranger_msgs/share/ranger_msgs/environment/ament_prefix_path.dsv\n'}
[0.981413] (ranger_msgs) StdoutLine: {'line': b'-- Up-to-date: /root/git/ranger_ros2/install/ranger_msgs/share/ranger_msgs/environment/path.sh\n'}
[0.981457] (ranger_msgs) StdoutLine: {'line': b'-- Installing: /root/git/ranger_ros2/install/ranger_msgs/share/ranger_msgs/environment/path.dsv\n'}
[0.981498] (ranger_msgs) StdoutLine: {'line': b'-- Up-to-date: /root/git/ranger_ros2/install/ranger_msgs/share/ranger_msgs/local_setup.bash\n'}
[0.981540] (ranger_msgs) StdoutLine: {'line': b'-- Up-to-date: /root/git/ranger_ros2/install/ranger_msgs/share/ranger_msgs/local_setup.sh\n'}
[0.981581] (ranger_msgs) StdoutLine: {'line': b'-- Up-to-date: /root/git/ranger_ros2/install/ranger_msgs/share/ranger_msgs/local_setup.zsh\n'}
[0.981620] (ranger_msgs) StdoutLine: {'line': b'-- Installing: /root/git/ranger_ros2/install/ranger_msgs/share/ranger_msgs/local_setup.dsv\n'}
[0.981660] (ranger_msgs) StdoutLine: {'line': b'-- Installing: /root/git/ranger_ros2/install/ranger_msgs/share/ranger_msgs/package.dsv\n'}
[0.981700] (ranger_msgs) StdoutLine: {'line': b'-- Up-to-date: /root/git/ranger_ros2/install/ranger_msgs/share/ament_index/resource_index/packages/ranger_msgs\n'}
[0.981739] (ranger_msgs) StdoutLine: {'line': b'-- Up-to-date: /root/git/ranger_ros2/install/ranger_msgs/share/ranger_msgs/cmake/export_ranger_msgs__rosidl_generator_cExport.cmake\n'}
[0.981778] (ranger_msgs) StdoutLine: {'line': b'-- Up-to-date: /root/git/ranger_ros2/install/ranger_msgs/share/ranger_msgs/cmake/export_ranger_msgs__rosidl_generator_cExport-release.cmake\n'}
[0.981879] (ranger_msgs) StdoutLine: {'line': b'-- Up-to-date: /root/git/ranger_ros2/install/ranger_msgs/share/ranger_msgs/cmake/export_ranger_msgs__rosidl_typesupport_fastrtps_cExport.cmake\n'}
[0.981925] (ranger_msgs) StdoutLine: {'line': b'-- Up-to-date: /root/git/ranger_ros2/install/ranger_msgs/share/ranger_msgs/cmake/export_ranger_msgs__rosidl_typesupport_fastrtps_cExport-release.cmake\n'}
[0.981970] (ranger_msgs) StdoutLine: {'line': b'-- Up-to-date: /root/git/ranger_ros2/install/ranger_msgs/share/ranger_msgs/cmake/export_ranger_msgs__rosidl_generator_cppExport.cmake\n'}
[0.982013] (ranger_msgs) StdoutLine: {'line': b'-- Up-to-date: /root/git/ranger_ros2/install/ranger_msgs/share/ranger_msgs/cmake/export_ranger_msgs__rosidl_typesupport_fastrtps_cppExport.cmake\n'}
[0.982067] (ranger_msgs) StdoutLine: {'line': b'-- Up-to-date: /root/git/ranger_ros2/install/ranger_msgs/share/ranger_msgs/cmake/export_ranger_msgs__rosidl_typesupport_fastrtps_cppExport-release.cmake\n'}
[0.982111] (ranger_msgs) StdoutLine: {'line': b'-- Up-to-date: /root/git/ranger_ros2/install/ranger_msgs/share/ranger_msgs/cmake/ranger_msgs__rosidl_typesupport_introspection_cExport.cmake\n'}
[0.982154] (ranger_msgs) StdoutLine: {'line': b'-- Up-to-date: /root/git/ranger_ros2/install/ranger_msgs/share/ranger_msgs/cmake/ranger_msgs__rosidl_typesupport_introspection_cExport-release.cmake\n'}
[0.982196] (ranger_msgs) StdoutLine: {'line': b'-- Up-to-date: /root/git/ranger_ros2/install/ranger_msgs/share/ranger_msgs/cmake/ranger_msgs__rosidl_typesupport_cExport.cmake\n'}
[0.982240] (ranger_msgs) StdoutLine: {'line': b'-- Up-to-date: /root/git/ranger_ros2/install/ranger_msgs/share/ranger_msgs/cmake/ranger_msgs__rosidl_typesupport_cExport-release.cmake\n'}
[0.982283] (ranger_msgs) StdoutLine: {'line': b'-- Up-to-date: /root/git/ranger_ros2/install/ranger_msgs/share/ranger_msgs/cmake/ranger_msgs__rosidl_typesupport_introspection_cppExport.cmake\n'}
[0.982328] (ranger_msgs) StdoutLine: {'line': b'-- Up-to-date: /root/git/ranger_ros2/install/ranger_msgs/share/ranger_msgs/cmake/ranger_msgs__rosidl_typesupport_introspection_cppExport-release.cmake\n'}
[0.982372] (ranger_msgs) StdoutLine: {'line': b'-- Up-to-date: /root/git/ranger_ros2/install/ranger_msgs/share/ranger_msgs/cmake/ranger_msgs__rosidl_typesupport_cppExport.cmake\n'}
[0.982431] (ranger_msgs) StdoutLine: {'line': b'-- Up-to-date: /root/git/ranger_ros2/install/ranger_msgs/share/ranger_msgs/cmake/ranger_msgs__rosidl_typesupport_cppExport-release.cmake\n'}
[0.982475] (ranger_msgs) StdoutLine: {'line': b'-- Up-to-date: /root/git/ranger_ros2/install/ranger_msgs/share/ranger_msgs/cmake/export_ranger_msgs__rosidl_generator_pyExport.cmake\n'}
[0.982548] (ranger_msgs) StdoutLine: {'line': b'-- Up-to-date: /root/git/ranger_ros2/install/ranger_msgs/share/ranger_msgs/cmake/export_ranger_msgs__rosidl_generator_pyExport-release.cmake\n'}
[0.982593] (ranger_msgs) StdoutLine: {'line': b'-- Up-to-date: /root/git/ranger_ros2/install/ranger_msgs/share/ranger_msgs/cmake/rosidl_cmake-extras.cmake\n'}
[0.982637] (ranger_msgs) StdoutLine: {'line': b'-- Up-to-date: /root/git/ranger_ros2/install/ranger_msgs/share/ranger_msgs/cmake/ament_cmake_export_dependencies-extras.cmake\n'}
[0.982681] (ranger_msgs) StdoutLine: {'line': b'-- Up-to-date: /root/git/ranger_ros2/install/ranger_msgs/share/ranger_msgs/cmake/ament_cmake_export_include_directories-extras.cmake\n'}
[0.982725] (ranger_msgs) StdoutLine: {'line': b'-- Up-to-date: /root/git/ranger_ros2/install/ranger_msgs/share/ranger_msgs/cmake/ament_cmake_export_libraries-extras.cmake\n'}
[0.982769] (ranger_msgs) StdoutLine: {'line': b'-- Up-to-date: /root/git/ranger_ros2/install/ranger_msgs/share/ranger_msgs/cmake/ament_cmake_export_targets-extras.cmake\n'}
[0.982820] (ranger_msgs) StdoutLine: {'line': b'-- Up-to-date: /root/git/ranger_ros2/install/ranger_msgs/share/ranger_msgs/cmake/rosidl_cmake_export_typesupport_targets-extras.cmake\n'}
[0.982868] (ranger_msgs) StdoutLine: {'line': b'-- Up-to-date: /root/git/ranger_ros2/install/ranger_msgs/share/ranger_msgs/cmake/rosidl_cmake_export_typesupport_libraries-extras.cmake\n'}
[0.982914] (ranger_msgs) StdoutLine: {'line': b'-- Up-to-date: /root/git/ranger_ros2/install/ranger_msgs/share/ranger_msgs/cmake/ranger_msgsConfig.cmake\n'}
[0.982959] (ranger_msgs) StdoutLine: {'line': b'-- Up-to-date: /root/git/ranger_ros2/install/ranger_msgs/share/ranger_msgs/cmake/ranger_msgsConfig-version.cmake\n'}
[0.983003] (ranger_msgs) StdoutLine: {'line': b'-- Up-to-date: /root/git/ranger_ros2/install/ranger_msgs/share/ranger_msgs/package.xml\n'}
[0.983492] (ranger_msgs) CommandEnded: {'returncode': 0}
[1.001514] (-) TimerEvent: {}
[1.009295] (ranger_msgs) JobEnded: {'identifier': 'ranger_msgs', 'rc': 0}
[1.009561] (ranger_base) JobStarted: {'identifier': 'ranger_base'}
[1.013958] (ranger_base) JobProgress: {'identifier': 'ranger_base', 'progress': 'cmake'}
[1.014355] (ranger_base) Command: {'cmd': ['/usr/bin/cmake', '/root/git/ranger_ros2/ranger_base', '-DCMAKE_BUILD_TYPE=Release', '-DCMAKE_PREFIX_PATH=/tmp/ugv_install', '-DCMAKE_INSTALL_PREFIX=/root/git/ranger_ros2/install/ranger_base'], 'cwd': '/root/git/ranger_ros2/build/ranger_base', 'env': OrderedDict([('HOSTNAME', 'cona-MS-7D96'), ('SHLVL', '1'), ('LD_LIBRARY_PATH', '/root/git/ranger_ros2/install/ranger_msgs/lib:/opt/ros/humble/opt/rviz_ogre_vendor/lib:/opt/ros/humble/lib/x86_64-linux-gnu:/opt/ros/humble/lib'), ('HOME', '/root'), ('OLDPWD', '/'), ('ROS_PYTHON_VERSION', '3'), ('ROS_DISTRO', 'humble'), ('_', '/usr/bin/colcon'), ('ROS_VERSION', '2'), ('FLIR_GENTL64_CTI', '/opt/spinnaker/lib/flir-gentl/FLIR_GenTL.cti'), ('ROS_LOCALHOST_ONLY', '0'), ('PATH', '/opt/ros/humble/bin:/opt/spinnaker/bin:/usr/local/sbin:/usr/local/bin:/usr/sbin:/usr/bin:/sbin:/bin'), ('DISPLAY', ':1'), ('LANG', 'C.UTF-8'), ('AMENT_PREFIX_PATH', '/root/git/ranger_ros2/install/ranger_msgs:/opt/ros/humble'), ('DEBIAN_FRONTEND', 'noninteractive'), ('PWD', '/root/git/ranger_ros2/build/ranger_base'), ('LC_ALL', 'C.UTF-8'), ('PYTHONPATH', '/root/git/ranger_ros2/install/ranger_msgs/local/lib/python3.10/dist-packages:/opt/ros/humble/lib/python3.10/site-packages:/opt/ros/humble/local/lib/python3.10/dist-packages'), ('TZ', 'Asia/Seoul'), ('COLCON', '1'), ('CMAKE_PREFIX_PATH', '/root/git/ranger_ros2/install/ranger_msgs:/opt/ros/humble')]), 'shell': False}
[1.022994] (ranger_base) StdoutLine: {'line': b'-- Found ament_cmake: 1.3.14 (/opt/ros/humble/share/ament_cmake/cmake)\n'}
[1.101597] (-) TimerEvent: {}
[1.106741] (ranger_base) StdoutLine: {'line': b'-- Found rclcpp: 16.0.19 (/opt/ros/humble/share/rclcpp/cmake)\n'}
[1.120690] (ranger_base) StdoutLine: {'line': b'-- Found rosidl_generator_c: 3.1.8 (/opt/ros/humble/share/rosidl_generator_c/cmake)\n'}
[1.121816] (ranger_base) StdoutLine: {'line': b'-- Found rosidl_adapter: 3.1.8 (/opt/ros/humble/share/rosidl_adapter/cmake)\n'}
[1.124619] (ranger_base) StdoutLine: {'line': b'-- Found rosidl_generator_cpp: 3.1.8 (/opt/ros/humble/share/rosidl_generator_cpp/cmake)\n'}
[1.129240] (ranger_base) StdoutLine: {'line': b'-- Using all available rosidl_typesupport_c: rosidl_typesupport_fastrtps_c;rosidl_typesupport_introspection_c\n'}
[1.135018] (ranger_base) StdoutLine: {'line': b'-- Using all available rosidl_typesupport_cpp: rosidl_typesupport_fastrtps_cpp;rosidl_typesupport_introspection_cpp\n'}
[1.151294] (ranger_base) StdoutLine: {'line': b'-- Found rmw_implementation_cmake: 6.1.2 (/opt/ros/humble/share/rmw_implementation_cmake/cmake)\n'}
[1.151920] (ranger_base) StdoutLine: {'line': b'-- Found rmw_fastrtps_cpp: 6.2.10 (/opt/ros/humble/share/rmw_fastrtps_cpp/cmake)\n'}
[1.201718] (-) TimerEvent: {}
[1.214525] (ranger_base) StdoutLine: {'line': b"-- Using RMW implementation 'rmw_fastrtps_cpp' as default\n"}
[1.240978] (ranger_base) StdoutLine: {'line': b'-- Found geometry_msgs: 4.9.1 (/opt/ros/humble/share/geometry_msgs/cmake)\n'}
[1.246633] (ranger_base) StdoutLine: {'line': b'-- Found nav_msgs: 4.9.1 (/opt/ros/humble/share/nav_msgs/cmake)\n'}
[1.254090] (ranger_base) StdoutLine: {'line': b'-- Found sensor_msgs: 4.9.1 (/opt/ros/humble/share/sensor_msgs/cmake)\n'}
[1.261672] (ranger_base) StdoutLine: {'line': b'-- Found tf2: 0.25.20 (/opt/ros/humble/share/tf2/cmake)\n'}
[1.263440] (ranger_base) StdoutLine: {'line': b'-- Found tf2_ros: 0.25.20 (/opt/ros/humble/share/tf2_ros/cmake)\n'}
[1.299784] (ranger_base) StdoutLine: {'line': b'-- Found ranger_msgs: 0.0.1 (/root/git/ranger_ros2/install/ranger_msgs/share/ranger_msgs/cmake)\n'}
[1.301782] (-) TimerEvent: {}
[1.316126] (ranger_base) StdoutLine: {'line': b'-- Found tf2_geometry_msgs: 0.25.20 (/opt/ros/humble/share/tf2_geometry_msgs/cmake)\n'}
[1.326191] (ranger_base) StdoutLine: {'line': b'-- Found eigen3_cmake_module: 0.1.1 (/opt/ros/humble/share/eigen3_cmake_module/cmake)\n'}
[1.327009] (ranger_base) StdoutLine: {'line': b'-- Found Eigen3: TRUE (found version "3.4.0") \n'}
[1.327063] (ranger_base) StdoutLine: {'line': b'-- Ensuring Eigen3 include directory is part of orocos-kdl CMake target\n'}
[1.329847] (ranger_base) StdoutLine: {'line': b'-- Found ament_lint_auto: 0.12.15 (/opt/ros/humble/share/ament_lint_auto/cmake)\n'}
[1.372708] (ranger_base) StdoutLine: {'line': b"-- Added test 'copyright' to check source files copyright and LICENSE\n"}
[1.373180] (ranger_base) StdoutLine: {'line': b"-- Added test 'cppcheck' to perform static code analysis on C / C++ code\n"}
[1.373293] (ranger_base) StdoutLine: {'line': b'-- Configured cppcheck include dirs: /root/git/ranger_ros2/ranger_base/include\n'}
[1.373316] (ranger_base) StdoutLine: {'line': b'-- Configured cppcheck exclude dirs and/or files: \n'}
[1.373753] (ranger_base) StdoutLine: {'line': b"-- Added test 'cpplint' to check C / C++ code against the Google style\n"}
[1.373774] (ranger_base) StdoutLine: {'line': b'-- Configured cpplint exclude dirs and/or files: \n'}
[1.373972] (ranger_base) StdoutLine: {'line': b"-- Added test 'flake8' to check Python code syntax and style conventions\n"}
[1.374217] (ranger_base) StdoutLine: {'line': b"-- Added test 'lint_cmake' to check CMake code style\n"}
[1.374418] (ranger_base) StdoutLine: {'line': b"-- Added test 'pep257' to check Python code against some of the docstring style conventions in PEP 257\n"}
[1.374851] (ranger_base) StdoutLine: {'line': b"-- Added test 'uncrustify' to check C / C++ code style\n"}
[1.374874] (ranger_base) StdoutLine: {'line': b'-- Configured uncrustify additional arguments: \n'}
[1.375052] (ranger_base) StdoutLine: {'line': b"-- Added test 'xmllint' to check XML markup files\n"}
[1.375506] (ranger_base) StdoutLine: {'line': b'-- Configuring done\n'}
[1.381938] (ranger_base) StdoutLine: {'line': b'-- Generating done\n'}
[1.383967] (ranger_base) StdoutLine: {'line': b'-- Build files have been written to: /root/git/ranger_ros2/build/ranger_base\n'}
[1.387722] (ranger_base) CommandEnded: {'returncode': 0}
[1.388052] (ranger_base) JobProgress: {'identifier': 'ranger_base', 'progress': 'build'}
[1.388260] (ranger_base) Command: {'cmd': ['/usr/bin/cmake', '--build', '/root/git/ranger_ros2/build/ranger_base', '--', '-j24', '-l24'], 'cwd': '/root/git/ranger_ros2/build/ranger_base', 'env': OrderedDict([('HOSTNAME', 'cona-MS-7D96'), ('SHLVL', '1'), ('LD_LIBRARY_PATH', '/root/git/ranger_ros2/install/ranger_msgs/lib:/opt/ros/humble/opt/rviz_ogre_vendor/lib:/opt/ros/humble/lib/x86_64-linux-gnu:/opt/ros/humble/lib'), ('HOME', '/root'), ('OLDPWD', '/'), ('ROS_PYTHON_VERSION', '3'), ('ROS_DISTRO', 'humble'), ('_', '/usr/bin/colcon'), ('ROS_VERSION', '2'), ('FLIR_GENTL64_CTI', '/opt/spinnaker/lib/flir-gentl/FLIR_GenTL.cti'), ('ROS_LOCALHOST_ONLY', '0'), ('PATH', '/opt/ros/humble/bin:/opt/spinnaker/bin:/usr/local/sbin:/usr/local/bin:/usr/sbin:/usr/bin:/sbin:/bin'), ('DISPLAY', ':1'), ('LANG', 'C.UTF-8'), ('AMENT_PREFIX_PATH', '/root/git/ranger_ros2/install/ranger_msgs:/opt/ros/humble'), ('DEBIAN_FRONTEND', 'noninteractive'), ('PWD', '/root/git/ranger_ros2/build/ranger_base'), ('LC_ALL', 'C.UTF-8'), ('PYTHONPATH', '/root/git/ranger_ros2/install/ranger_msgs/local/lib/python3.10/dist-packages:/opt/ros/humble/lib/python3.10/site-packages:/opt/ros/humble/local/lib/python3.10/dist-packages'), ('TZ', 'Asia/Seoul'), ('COLCON', '1'), ('CMAKE_PREFIX_PATH', '/root/git/ranger_ros2/install/ranger_msgs:/opt/ros/humble')]), 'shell': False}
[1.401816] (-) TimerEvent: {}
[1.438007] (ranger_base) StdoutLine: {'line': b'[ 33%] Building CXX object CMakeFiles/ranger_base_node.dir/src/ranger_messenger.cpp.o\n'}
[1.438095] (ranger_base) StdoutLine: {'line': b'[ 66%] Building CXX object CMakeFiles/ranger_base_node.dir/src/ranger_base_node.cpp.o\n'}
[1.501889] (-) TimerEvent: {}
[1.602023] (-) TimerEvent: {}
[1.702130] (-) TimerEvent: {}
[1.802219] (-) TimerEvent: {}
[1.902312] (-) TimerEvent: {}
[2.002396] (-) TimerEvent: {}
[2.102484] (-) TimerEvent: {}
[2.202600] (-) TimerEvent: {}
[2.302708] (-) TimerEvent: {}
[2.402809] (-) TimerEvent: {}
[2.502902] (-) TimerEvent: {}
[2.602981] (-) TimerEvent: {}
[2.703065] (-) TimerEvent: {}
[2.803149] (-) TimerEvent: {}
[2.903228] (-) TimerEvent: {}
[3.003313] (-) TimerEvent: {}
[3.103392] (-) TimerEvent: {}
[3.203468] (-) TimerEvent: {}
[3.303542] (-) TimerEvent: {}
[3.403635] (-) TimerEvent: {}
[3.503734] (-) TimerEvent: {}
[3.603836] (-) TimerEvent: {}
[3.703964] (-) TimerEvent: {}
[3.804069] (-) TimerEvent: {}
[3.904170] (-) TimerEvent: {}
[4.004272] (-) TimerEvent: {}
[4.104359] (-) TimerEvent: {}
[4.204465] (-) TimerEvent: {}
[4.219327] (ranger_base) StderrLine: {'line': b'In file included from /root/git/ranger_ros2/ranger_base/src/ranger_messenger.cpp:12:\n'}
[4.219415] (ranger_base) StderrLine: {'line': b'/root/git/ranger_ros2/ranger_base/include/ranger_base/kinematics_model.hpp: In member function \xe2\x80\x98void westonrobot::SpinningModel::operator()(const state_type&, westonrobot::SpinningModel::state_type&, double)\xe2\x80\x99:\n'}
[4.219441] (ranger_base) StderrLine: {'line': b'/root/git/ranger_ros2/ranger_base/include/ranger_base/kinematics_model.hpp:90:37: warning: unused parameter \xe2\x80\x98x\xe2\x80\x99 [-Wunused-parameter]\n'}
[4.219466] (ranger_base) StderrLine: {'line': b'   90 |   void operator()(const state_type& x, state_type& xd, double) {\n'}
[4.219485] (ranger_base) StderrLine: {'line': b'      |                   ~~~~~~~~~~~~~~~~~~^\n'}
[4.304541] (-) TimerEvent: {}
[4.404665] (-) TimerEvent: {}
[4.504806] (-) TimerEvent: {}
[4.604946] (-) TimerEvent: {}
[4.705090] (-) TimerEvent: {}
[4.805237] (-) TimerEvent: {}
[4.905372] (-) TimerEvent: {}
[5.005510] (-) TimerEvent: {}
[5.105652] (-) TimerEvent: {}
[5.205780] (-) TimerEvent: {}
[5.305918] (-) TimerEvent: {}
[5.406048] (-) TimerEvent: {}
[5.506180] (-) TimerEvent: {}
[5.606313] (-) TimerEvent: {}
[5.706451] (-) TimerEvent: {}
[5.806585] (-) TimerEvent: {}
[5.906724] (-) TimerEvent: {}
[6.006840] (-) TimerEvent: {}
[6.106959] (-) TimerEvent: {}
[6.207073] (-) TimerEvent: {}
[6.307156] (-) TimerEvent: {}
[6.407231] (-) TimerEvent: {}
[6.507334] (-) TimerEvent: {}
[6.607465] (-) TimerEvent: {}
[6.707596] (-) TimerEvent: {}
[6.807701] (-) TimerEvent: {}
[6.907812] (-) TimerEvent: {}
[7.007966] (-) TimerEvent: {}
[7.108103] (-) TimerEvent: {}
[7.208231] (-) TimerEvent: {}
[7.308402] (-) TimerEvent: {}
[7.408581] (-) TimerEvent: {}
[7.508715] (-) TimerEvent: {}
[7.608895] (-) TimerEvent: {}
[7.709030] (-) TimerEvent: {}
[7.809159] (-) TimerEvent: {}
[7.909294] (-) TimerEvent: {}
[8.009428] (-) TimerEvent: {}
[8.109549] (-) TimerEvent: {}
[8.209667] (-) TimerEvent: {}
[8.309838] (-) TimerEvent: {}
[8.409971] (-) TimerEvent: {}
[8.510150] (-) TimerEvent: {}
[8.610294] (-) TimerEvent: {}
[8.710423] (-) TimerEvent: {}
[8.810613] (-) TimerEvent: {}
[8.910740] (-) TimerEvent: {}
[9.010935] (-) TimerEvent: {}
[9.111102] (-) TimerEvent: {}
[9.211308] (-) TimerEvent: {}
[9.311496] (-) TimerEvent: {}
[9.411661] (-) TimerEvent: {}
[9.511808] (-) TimerEvent: {}
[9.611940] (-) TimerEvent: {}
[9.712075] (-) TimerEvent: {}
[9.812258] (-) TimerEvent: {}
[9.912445] (-) TimerEvent: {}
[9.950020] (ranger_base) StdoutLine: {'line': b'[100%] Linking CXX executable ranger_base_node\n'}
[10.012530] (-) TimerEvent: {}
[10.059419] (ranger_base) StdoutLine: {'line': b'[100%] Built target ranger_base_node\n'}
[10.069139] (ranger_base) CommandEnded: {'returncode': 0}
[10.069545] (ranger_base) JobProgress: {'identifier': 'ranger_base', 'progress': 'install'}
[10.069716] (ranger_base) Command: {'cmd': ['/usr/bin/cmake', '--install', '/root/git/ranger_ros2/build/ranger_base'], 'cwd': '/root/git/ranger_ros2/build/ranger_base', 'env': OrderedDict([('HOSTNAME', 'cona-MS-7D96'), ('SHLVL', '1'), ('LD_LIBRARY_PATH', '/root/git/ranger_ros2/install/ranger_msgs/lib:/opt/ros/humble/opt/rviz_ogre_vendor/lib:/opt/ros/humble/lib/x86_64-linux-gnu:/opt/ros/humble/lib'), ('HOME', '/root'), ('OLDPWD', '/'), ('ROS_PYTHON_VERSION', '3'), ('ROS_DISTRO', 'humble'), ('_', '/usr/bin/colcon'), ('ROS_VERSION', '2'), ('FLIR_GENTL64_CTI', '/opt/spinnaker/lib/flir-gentl/FLIR_GenTL.cti'), ('ROS_LOCALHOST_ONLY', '0'), ('PATH', '/opt/ros/humble/bin:/opt/spinnaker/bin:/usr/local/sbin:/usr/local/bin:/usr/sbin:/usr/bin:/sbin:/bin'), ('DISPLAY', ':1'), ('LANG', 'C.UTF-8'), ('AMENT_PREFIX_PATH', '/root/git/ranger_ros2/install/ranger_msgs:/opt/ros/humble'), ('DEBIAN_FRONTEND', 'noninteractive'), ('PWD', '/root/git/ranger_ros2/build/ranger_base'), ('LC_ALL', 'C.UTF-8'), ('PYTHONPATH', '/root/git/ranger_ros2/install/ranger_msgs/local/lib/python3.10/dist-packages:/opt/ros/humble/lib/python3.10/site-packages:/opt/ros/humble/local/lib/python3.10/dist-packages'), ('TZ', 'Asia/Seoul'), ('COLCON', '1'), ('CMAKE_PREFIX_PATH', '/root/git/ranger_ros2/install/ranger_msgs:/opt/ros/humble')]), 'shell': False}
[10.077522] (ranger_base) StdoutLine: {'line': b'-- Install configuration: "Release"\n'}
[10.077614] (ranger_base) StdoutLine: {'line': b'-- Installing: /root/git/ranger_ros2/install/ranger_base/lib/ranger_base/ranger_base_node\n'}
[10.078141] (ranger_base) StdoutLine: {'line': b'-- Set runtime path of "/root/git/ranger_ros2/install/ranger_base/lib/ranger_base/ranger_base_node" to ""\n'}
[10.078166] (ranger_base) StdoutLine: {'line': b'-- Installing: /root/git/ranger_ros2/install/ranger_base/share/ranger_base//launch\n'}
[10.078210] (ranger_base) StdoutLine: {'line': b'-- Installing: /root/git/ranger_ros2/install/ranger_base/share/ranger_base//launch/ranger_mini_v3.launch.py\n'}
[10.078244] (ranger_base) StdoutLine: {'line': b'-- Installing: /root/git/ranger_ros2/install/ranger_base/share/ranger_base//launch/ranger_mini_v1.launch.py\n'}
[10.078329] (ranger_base) StdoutLine: {'line': b'-- Installing: /root/git/ranger_ros2/install/ranger_base/share/ranger_base//launch/ranger.launch.py\n'}
[10.078383] (ranger_base) StdoutLine: {'line': b'-- Installing: /root/git/ranger_ros2/install/ranger_base/share/ranger_base//launch/include\n'}
[10.078426] (ranger_base) StdoutLine: {'line': b'-- Installing: /root/git/ranger_ros2/install/ranger_base/share/ranger_base//launch/include/ranger_robot_base.launch.xml\n'}
[10.078527] (ranger_base) StdoutLine: {'line': b'-- Installing: /root/git/ranger_ros2/install/ranger_base/share/ranger_base//launch/ranger_mini_v2.launch.py\n'}
[10.078564] (ranger_base) StdoutLine: {'line': b'-- Installing: /root/git/ranger_ros2/install/ranger_base/share/ament_index/resource_index/package_run_dependencies/ranger_base\n'}
[10.078640] (ranger_base) StdoutLine: {'line': b'-- Installing: /root/git/ranger_ros2/install/ranger_base/share/ament_index/resource_index/parent_prefix_path/ranger_base\n'}
[10.078713] (ranger_base) StdoutLine: {'line': b'-- Installing: /root/git/ranger_ros2/install/ranger_base/share/ranger_base/environment/ament_prefix_path.sh\n'}
[10.078784] (ranger_base) StdoutLine: {'line': b'-- Installing: /root/git/ranger_ros2/install/ranger_base/share/ranger_base/environment/ament_prefix_path.dsv\n'}
[10.079007] (ranger_base) StdoutLine: {'line': b'-- Installing: /root/git/ranger_ros2/install/ranger_base/share/ranger_base/environment/path.sh\n'}
[10.079050] (ranger_base) StdoutLine: {'line': b'-- Installing: /root/git/ranger_ros2/install/ranger_base/share/ranger_base/environment/path.dsv\n'}
[10.079204] (ranger_base) StdoutLine: {'line': b'-- Installing: /root/git/ranger_ros2/install/ranger_base/share/ranger_base/local_setup.bash\n'}
[10.079245] (ranger_base) StdoutLine: {'line': b'-- Installing: /root/git/ranger_ros2/install/ranger_base/share/ranger_base/local_setup.sh\n'}
[10.079281] (ranger_base) StdoutLine: {'line': b'-- Installing: /root/git/ranger_ros2/install/ranger_base/share/ranger_base/local_setup.zsh\n'}
[10.079472] (ranger_base) StdoutLine: {'line': b'-- Installing: /root/git/ranger_ros2/install/ranger_base/share/ranger_base/local_setup.dsv\n'}
[10.079509] (ranger_base) StdoutLine: {'line': b'-- Installing: /root/git/ranger_ros2/install/ranger_base/share/ranger_base/package.dsv\n'}
[10.079544] (ranger_base) StdoutLine: {'line': b'-- Installing: /root/git/ranger_ros2/install/ranger_base/share/ament_index/resource_index/packages/ranger_base\n'}
[10.079578] (ranger_base) StdoutLine: {'line': b'-- Installing: /root/git/ranger_ros2/install/ranger_base/share/ranger_base/cmake/ranger_baseConfig.cmake\n'}
[10.079613] (ranger_base) StdoutLine: {'line': b'-- Installing: /root/git/ranger_ros2/install/ranger_base/share/ranger_base/cmake/ranger_baseConfig-version.cmake\n'}
[10.079688] (ranger_base) StdoutLine: {'line': b'-- Installing: /root/git/ranger_ros2/install/ranger_base/share/ranger_base/package.xml\n'}
[10.080449] (ranger_base) CommandEnded: {'returncode': 0}
[10.090413] (ranger_base) JobEnded: {'identifier': 'ranger_base', 'rc': 0}
[10.090801] (-) EventReactorShutdown: {}
